received getdata (1 invsz) peer=11
received getdata for: wtx 09d75fb6ec53e97c8c74eedc817101df38d7a46d5ce3d9d20e4e5967b5a29dab peer=11
received getdata (1 invsz) peer=6
received getdata for: wtx 908fffd751ff0cc3e5ed358b446d2f73135002d3979c495c9b56ba50542c1c6e peer=6
received getdata (1 invsz) peer=13
received getdata for: wtx 908fffd751ff0cc3e5ed358b446d2f73135002d3979c495c9b56ba50542c1c6e peer=13
received getdata (1 invsz) peer=5
received getdata for: wtx 908fffd751ff0cc3e5ed358b446d2f73135002d3979c495c9b56ba50542c1c6e peer=5
received getdata (1 invsz) peer=9
received getdata for: wtx 908fffd751ff0cc3e5ed358b446d2f73135002d3979c495c9b56ba50542c1c6e peer=9
received getdata (1 invsz) peer=3
received getdata for: wtx 908fffd751ff0cc3e5ed358b446d2f73135002d3979c495c9b56ba50542c1c6e peer=3
received getdata (1 invsz) peer=25
received getdata for: wtx 908fffd751ff0cc3e5ed358b446d2f73135002d3979c495c9b56ba50542c1c6e peer=25
received getdata (1 invsz) peer=8
received getdata for: wtx 908fffd751ff0cc3e5ed358b446d2f73135002d3979c495c9b56ba50542c1c6e peer=8
received getdata (1 invsz) peer=40
received getdata for: wtx 908fffd751ff0cc3e5ed358b446d2f73135002d3979c495c9b56ba50542c1c6e peer=40
received getdata (1 invsz) peer=30
received getdata for: wtx 908fffd751ff0cc3e5ed358b446d2f73135002d3979c495c9b56ba50542c1c6e peer=30
received getdata (1 invsz) peer=12
received getdata for: wtx 908fffd751ff0cc3e5ed358b446d2f73135002d3979c495c9b56ba50542c1c6e peer=12
received getdata (1 invsz) peer=4
received getdata for: wtx 908fffd751ff0cc3e5ed358b446d2f73135002d3979c495c9b56ba50542c1c6e peer=4
received getdata (1 invsz) peer=27
received getdata for: wtx 908fffd751ff0cc3e5ed358b446d2f73135002d3979c495c9b56ba50542c1c6e peer=27
received getdata (1 invsz) peer=29
received getdata for: wtx 908fffd751ff0cc3e5ed358b446d2f73135002d3979c495c9b56ba50542c1c6e peer=29
received getdata (1 invsz) peer=26
received getdata for: wtx 908fffd751ff0cc3e5ed358b446d2f73135002d3979c495c9b56ba50542c1c6e peer=26
received getdata (1 invsz) peer=21
received getdata for: wtx 908fffd751ff0cc3e5ed358b446d2f73135002d3979c495c9b56ba50542c1c6e peer=21
received getdata (1 invsz) peer=23
received getdata for: wtx 908fffd751ff0cc3e5ed358b446d2f73135002d3979c495c9b56ba50542c1c6e peer=23
received getdata (1 invsz) peer=35
received getdata for: wtx 908fffd751ff0cc3e5ed358b446d2f73135002d3979c495c9b56ba50542c1c6e peer=35
received getdata (1 invsz) peer=32
received getdata for: wtx 908fffd751ff0cc3e5ed358b446d2f73135002d3979c495c9b56ba50542c1c6e peer=32
received getdata (1 invsz) peer=20
received getdata for: wtx 908fffd751ff0cc3e5ed358b446d2f73135002d3979c495c9b56ba50542c1c6e peer=20
received getdata (1 invsz) peer=34
received getdata for: wtx 908fffd751ff0cc3e5ed358b446d2f73135002d3979c495c9b56ba50542c1c6e peer=34
received getdata (1 invsz) peer=19
received getdata for: wtx 908fffd751ff0cc3e5ed358b446d2f73135002d3979c495c9b56ba50542c1c6e peer=19
received getdata (1 invsz) peer=42
received getdata for: wtx 908fffd751ff0cc3e5ed358b446d2f73135002d3979c495c9b56ba50542c1c6e peer=42
received getdata (1 invsz) peer=41
received getdata for: wtx 908fffd751ff0cc3e5ed358b446d2f73135002d3979c495c9b56ba50542c1c6e peer=41
received getdata (1 invsz) peer=24
received getdata for: witness-tx 7c0d4f0d0942234366405b07002aa8706918ef1f7089a2582610ad8eb7b63a0d peer=24
received getdata (1 invsz) peer=24
received getdata for: witness-tx 163d788b919f7b9ba6226d407d06a4c295b97ce34bca935a4e6536a0a4c2688f peer=24
received getdata (2 invsz) peer=24
received getdata for: witness-tx fafc1408b29c58385eecf4e7eee326696ed445a5de586cad1bb276335c7dc144 peer=24
received getdata (1 invsz) peer=38
received getdata for: wtx 1b25b0a71d4b7ca7ae98639a278d13ba4725e651b5246379268af96ae2e828a3 peer=38
received getdata (1 invsz) peer=24
received getdata for: wtx 1b25b0a71d4b7ca7ae98639a278d13ba4725e651b5246379268af96ae2e828a3 peer=24
received getdata (1 invsz) peer=54
received getdata for: wtx 0e876d223cabaa72de3fb9a0620fc1b1d0ebbe9e0e8444641dcd42ef62b3ec1b peer=54
received getdata (1 invsz) peer=69
received getdata for: wtx 0e876d223cabaa72de3fb9a0620fc1b1d0ebbe9e0e8444641dcd42ef62b3ec1b peer=69
received getdata (1 invsz) peer=61
received getdata for: wtx 0e876d223cabaa72de3fb9a0620fc1b1d0ebbe9e0e8444641dcd42ef62b3ec1b peer=61
received getdata (1 invsz) peer=64
received getdata for: wtx 0e876d223cabaa72de3fb9a0620fc1b1d0ebbe9e0e8444641dcd42ef62b3ec1b peer=64
received getdata (1 invsz) peer=57
received getdata for: wtx 0e876d223cabaa72de3fb9a0620fc1b1d0ebbe9e0e8444641dcd42ef62b3ec1b peer=57
received getdata (1 invsz) peer=6
received getdata for: wtx 0e876d223cabaa72de3fb9a0620fc1b1d0ebbe9e0e8444641dcd42ef62b3ec1b peer=6
received getdata (1 invsz) peer=78
received getdata for: wtx 0e876d223cabaa72de3fb9a0620fc1b1d0ebbe9e0e8444641dcd42ef62b3ec1b peer=78
received getdata (1 invsz) peer=25
received getdata for: wtx 0e876d223cabaa72de3fb9a0620fc1b1d0ebbe9e0e8444641dcd42ef62b3ec1b peer=25
received getdata (1 invsz) peer=76
received getdata for: wtx 0e876d223cabaa72de3fb9a0620fc1b1d0ebbe9e0e8444641dcd42ef62b3ec1b peer=76
received getdata (1 invsz) peer=79
received getdata for: wtx 0e876d223cabaa72de3fb9a0620fc1b1d0ebbe9e0e8444641dcd42ef62b3ec1b peer=79
received getdata (1 invsz) peer=58
received getdata for: wtx 0e876d223cabaa72de3fb9a0620fc1b1d0ebbe9e0e8444641dcd42ef62b3ec1b peer=58
received getdata (1 invsz) peer=8
received getdata for: wtx 0e876d223cabaa72de3fb9a0620fc1b1d0ebbe9e0e8444641dcd42ef62b3ec1b peer=8
received getdata (1 invsz) peer=4
received getdata for: wtx 0e876d223cabaa72de3fb9a0620fc1b1d0ebbe9e0e8444641dcd42ef62b3ec1b peer=4
received getdata (1 invsz) peer=71
received getdata for: wtx 0e876d223cabaa72de3fb9a0620fc1b1d0ebbe9e0e8444641dcd42ef62b3ec1b peer=71
received getdata (1 invsz) peer=12
received getdata for: wtx 0e876d223cabaa72de3fb9a0620fc1b1d0ebbe9e0e8444641dcd42ef62b3ec1b peer=12
received getdata (1 invsz) peer=3
received getdata for: wtx 0e876d223cabaa72de3fb9a0620fc1b1d0ebbe9e0e8444641dcd42ef62b3ec1b peer=3
received getdata (1 invsz) peer=84
received getdata for: wtx 0e876d223cabaa72de3fb9a0620fc1b1d0ebbe9e0e8444641dcd42ef62b3ec1b peer=84
received getdata (1 invsz) peer=73
received getdata for: wtx 0e876d223cabaa72de3fb9a0620fc1b1d0ebbe9e0e8444641dcd42ef62b3ec1b peer=73
received getdata (1 invsz) peer=35
received getdata for: wtx 0e876d223cabaa72de3fb9a0620fc1b1d0ebbe9e0e8444641dcd42ef62b3ec1b peer=35
received getdata (1 invsz) peer=77
received getdata for: wtx 0e876d223cabaa72de3fb9a0620fc1b1d0ebbe9e0e8444641dcd42ef62b3ec1b peer=77
received getdata (1 invsz) peer=52
received getdata for: wtx 0e876d223cabaa72de3fb9a0620fc1b1d0ebbe9e0e8444641dcd42ef62b3ec1b peer=52
received getdata (1 invsz) peer=59
received getdata for: wtx 0e876d223cabaa72de3fb9a0620fc1b1d0ebbe9e0e8444641dcd42ef62b3ec1b peer=59
received getdata (1 invsz) peer=51
received getdata for: wtx 0e876d223cabaa72de3fb9a0620fc1b1d0ebbe9e0e8444641dcd42ef62b3ec1b peer=51
received getdata (1 invsz) peer=75
received getdata for: wtx 0e876d223cabaa72de3fb9a0620fc1b1d0ebbe9e0e8444641dcd42ef62b3ec1b peer=75
received getdata (1 invsz) peer=63
received getdata for: wtx 0e876d223cabaa72de3fb9a0620fc1b1d0ebbe9e0e8444641dcd42ef62b3ec1b peer=63
received getdata (1 invsz) peer=43
received getdata for: wtx 0e876d223cabaa72de3fb9a0620fc1b1d0ebbe9e0e8444641dcd42ef62b3ec1b peer=43
received getdata (1 invsz) peer=83
received getdata for: wtx 0e876d223cabaa72de3fb9a0620fc1b1d0ebbe9e0e8444641dcd42ef62b3ec1b peer=83
received getdata (1 invsz) peer=44
received getdata for: wtx 0e876d223cabaa72de3fb9a0620fc1b1d0ebbe9e0e8444641dcd42ef62b3ec1b peer=44
received getdata (1 invsz) peer=85
received getdata for: wtx 0e876d223cabaa72de3fb9a0620fc1b1d0ebbe9e0e8444641dcd42ef62b3ec1b peer=85
received getdata (2 invsz) peer=35
received getdata for: witness-tx 1cbba35a77217675fa2ced4d6361a00017c4bc1a2ced5c3fde0c225437bc6908 peer=35
received getdata (2 invsz) peer=12
received getdata for: witness-tx 1cbba35a77217675fa2ced4d6361a00017c4bc1a2ced5c3fde0c225437bc6908 peer=12
received getdata (1 invsz) peer=77
received getdata for: cmpctblock 000000000043ca9972f1a909e2a0ff50375ab112a1065027ee25cb5028a07fcd peer=77
received getdata (1 invsz) peer=77
received getdata for: cmpctblock 00000000000e04745bf67b99733aca808a4acd46f32a5db359beb4d9267acc89 peer=77
received getdata (1 invsz) peer=77
received getdata for: witness-block 00000000000807c41b385d12f5c1c7fb9a6ea78bd5c8f9fc256af8e2bdb7fa8b peer=77
received getdata (1 invsz) peer=0
received getdata for: wtx 7ccb9c69f81acc92a92ce19d1876bc10067b0acebd8b49e1c893a0c93aaab306 peer=0
received getdata (1 invsz) peer=21
received getdata for: witness-tx 0d8a03bfc2a1c8840f4d4a113f25f3bea6adc951030fbc36a08fea8bd56ccdf6 peer=21
received getdata (1 invsz) peer=20
received getdata for: wtx 0e43583c9e8327e882f71ed5f3cab2ce7c7243a9c54032c1c9dc2beca533bc43 peer=20
received getdata (1 invsz) peer=8
received getdata for: wtx 0e43583c9e8327e882f71ed5f3cab2ce7c7243a9c54032c1c9dc2beca533bc43 peer=8
received getdata (1 invsz) peer=13
received getdata for: wtx 0e43583c9e8327e882f71ed5f3cab2ce7c7243a9c54032c1c9dc2beca533bc43 peer=13
received getdata (1 invsz) peer=12
received getdata for: wtx 0e43583c9e8327e882f71ed5f3cab2ce7c7243a9c54032c1c9dc2beca533bc43 peer=12
received getdata (1 invsz) peer=16
received getdata for: wtx 0e43583c9e8327e882f71ed5f3cab2ce7c7243a9c54032c1c9dc2beca533bc43 peer=16
received getdata (1 invsz) peer=9
received getdata for: wtx 0e43583c9e8327e882f71ed5f3cab2ce7c7243a9c54032c1c9dc2beca533bc43 peer=9
received getdata (1 invsz) peer=11
received getdata for: wtx 0e43583c9e8327e882f71ed5f3cab2ce7c7243a9c54032c1c9dc2beca533bc43 peer=11
received getdata (1 invsz) peer=18
received getdata for: wtx 0e43583c9e8327e882f71ed5f3cab2ce7c7243a9c54032c1c9dc2beca533bc43 peer=18
received getdata (1 invsz) peer=24
received getdata for: wtx 0e43583c9e8327e882f71ed5f3cab2ce7c7243a9c54032c1c9dc2beca533bc43 peer=24
received getdata (1 invsz) peer=14
received getdata for: wtx 0e43583c9e8327e882f71ed5f3cab2ce7c7243a9c54032c1c9dc2beca533bc43 peer=14
received getdata (1 invsz) peer=10
received getdata for: wtx 0e43583c9e8327e882f71ed5f3cab2ce7c7243a9c54032c1c9dc2beca533bc43 peer=10
received getdata (1 invsz) peer=19
received getdata for: wtx 0e43583c9e8327e882f71ed5f3cab2ce7c7243a9c54032c1c9dc2beca533bc43 peer=19
received getdata (1 invsz) peer=0
received getdata for: wtx 0e43583c9e8327e882f71ed5f3cab2ce7c7243a9c54032c1c9dc2beca533bc43 peer=0
received getdata (1 invsz) peer=26
received getdata for: wtx 0e43583c9e8327e882f71ed5f3cab2ce7c7243a9c54032c1c9dc2beca533bc43 peer=26
received getdata (1 invsz) peer=28
received getdata for: wtx 0e43583c9e8327e882f71ed5f3cab2ce7c7243a9c54032c1c9dc2beca533bc43 peer=28
received getdata (1 invsz) peer=23
received getdata for: wtx 0e43583c9e8327e882f71ed5f3cab2ce7c7243a9c54032c1c9dc2beca533bc43 peer=23
received getdata (1 invsz) peer=25
received getdata for: wtx 0e43583c9e8327e882f71ed5f3cab2ce7c7243a9c54032c1c9dc2beca533bc43 peer=25
received getdata (1 invsz) peer=49
received getdata for: witness-tx 0d23815caab614dca1162a9ad6035d76a2abd512f914ee664b2f252209a7ff44 peer=49
received getdata (1 invsz) peer=51
received getdata for: wtx 4aaeaccb857f89ae9781b64d487bfe49b499aa05ad3dd92ba5b2a6311533f398 peer=51
received getdata (1 invsz) peer=49
received getdata for: witness-tx 4b4a1246d9ef5077c8362cb562bff2ea2094059c85016b980492ba3d2fcf9e13 peer=49
received getdata (1 invsz) peer=93
received getdata for: witness-tx abb6dbd45fc275aba4b1740cdd27873feec1267fda9ecec5c2b2ce93d566caa4 peer=93
received getdata (1 invsz) peer=109
received getdata for: witness-tx 6316d3514fcba60461234f9fdef7b096aa58df1dc586f19fc745bf9c4081cd9e peer=109
received getdata (1 invsz) peer=92
received getdata for: witness-tx 6316d3514fcba60461234f9fdef7b096aa58df1dc586f19fc745bf9c4081cd9e peer=92
received getdata (1 invsz) peer=92
received getdata for: witness-tx abb6dbd45fc275aba4b1740cdd27873feec1267fda9ecec5c2b2ce93d566caa4 peer=92
received getdata (1 invsz) peer=109
received getdata for: witness-tx abb6dbd45fc275aba4b1740cdd27873feec1267fda9ecec5c2b2ce93d566caa4 peer=109
received getdata (1 invsz) peer=93
received getdata for: witness-tx 6316d3514fcba60461234f9fdef7b096aa58df1dc586f19fc745bf9c4081cd9e peer=93
received getdata (1 invsz) peer=106
received getdata for: wtx b0f5adad802a261e4e4655326466be542781d57ded7da7a1ee2b8d28723da471 peer=106
received getdata (1 invsz) peer=125
received getdata for: witness-block 0000000000e756d1cc01ed62b88947d52bdca8d5a70f66a72befb889d8f7d5a5 peer=125
received getdata (1 invsz) peer=137
received getdata for: wtx 0dfc524fe0bb821ae61b32b8b2116ab6e1f8e5e598fa850c7a4a910ef17b7f42 peer=137
received getdata (1 invsz) peer=102
received getdata for: witness-tx 75b538ca55334e444930db90eadf3d2de47e4de7e826d4a50b0219d10a81a6b7 peer=102
received getdata (1 invsz) peer=143
received getdata for: wtx 0dfc524fe0bb821ae61b32b8b2116ab6e1f8e5e598fa850c7a4a910ef17b7f42 peer=143
received getdata (1 invsz) peer=141
received getdata for: wtx 0dfc524fe0bb821ae61b32b8b2116ab6e1f8e5e598fa850c7a4a910ef17b7f42 peer=141
received getdata (1 invsz) peer=151
received getdata for: wtx 0dfc524fe0bb821ae61b32b8b2116ab6e1f8e5e598fa850c7a4a910ef17b7f42 peer=151
received getdata (1 invsz) peer=115
received getdata for: wtx 0dfc524fe0bb821ae61b32b8b2116ab6e1f8e5e598fa850c7a4a910ef17b7f42 peer=115
received getdata (1 invsz) peer=150
received getdata for: wtx 0dfc524fe0bb821ae61b32b8b2116ab6e1f8e5e598fa850c7a4a910ef17b7f42 peer=150
received getdata (1 invsz) peer=90
received getdata for: wtx 0dfc524fe0bb821ae61b32b8b2116ab6e1f8e5e598fa850c7a4a910ef17b7f42 peer=90
received getdata (1 invsz) peer=128
received getdata for: wtx 0dfc524fe0bb821ae61b32b8b2116ab6e1f8e5e598fa850c7a4a910ef17b7f42 peer=128
received getdata (1 invsz) peer=139
received getdata for: wtx 0dfc524fe0bb821ae61b32b8b2116ab6e1f8e5e598fa850c7a4a910ef17b7f42 peer=139
received getdata (1 invsz) peer=142
received getdata for: wtx 0dfc524fe0bb821ae61b32b8b2116ab6e1f8e5e598fa850c7a4a910ef17b7f42 peer=142
received getdata (1 invsz) peer=132
received getdata for: wtx 0dfc524fe0bb821ae61b32b8b2116ab6e1f8e5e598fa850c7a4a910ef17b7f42 peer=132
received getdata (1 invsz) peer=149
received getdata for: wtx 0dfc524fe0bb821ae61b32b8b2116ab6e1f8e5e598fa850c7a4a910ef17b7f42 peer=149
received getdata (1 invsz) peer=116
received getdata for: wtx 0dfc524fe0bb821ae61b32b8b2116ab6e1f8e5e598fa850c7a4a910ef17b7f42 peer=116
received getdata (1 invsz) peer=133
received getdata for: wtx 0dfc524fe0bb821ae61b32b8b2116ab6e1f8e5e598fa850c7a4a910ef17b7f42 peer=133
received getdata (1 invsz) peer=134
received getdata for: wtx 0dfc524fe0bb821ae61b32b8b2116ab6e1f8e5e598fa850c7a4a910ef17b7f42 peer=134
received getdata (1 invsz) peer=130
received getdata for: wtx 0dfc524fe0bb821ae61b32b8b2116ab6e1f8e5e598fa850c7a4a910ef17b7f42 peer=130
received getdata (1 invsz) peer=93
received getdata for: wtx 0dfc524fe0bb821ae61b32b8b2116ab6e1f8e5e598fa850c7a4a910ef17b7f42 peer=93
received getdata (1 invsz) peer=140
received getdata for: wtx 0dfc524fe0bb821ae61b32b8b2116ab6e1f8e5e598fa850c7a4a910ef17b7f42 peer=140
received getdata (1 invsz) peer=111
received getdata for: wtx 0dfc524fe0bb821ae61b32b8b2116ab6e1f8e5e598fa850c7a4a910ef17b7f42 peer=111
received getdata (1 invsz) peer=145
received getdata for: wtx 0dfc524fe0bb821ae61b32b8b2116ab6e1f8e5e598fa850c7a4a910ef17b7f42 peer=145
received getdata (1 invsz) peer=148
received getdata for: wtx 0dfc524fe0bb821ae61b32b8b2116ab6e1f8e5e598fa850c7a4a910ef17b7f42 peer=148
received getdata (1 invsz) peer=121
received getdata for: wtx 0dfc524fe0bb821ae61b32b8b2116ab6e1f8e5e598fa850c7a4a910ef17b7f42 peer=121
received getdata (1 invsz) peer=131
received getdata for: wtx 0dfc524fe0bb821ae61b32b8b2116ab6e1f8e5e598fa850c7a4a910ef17b7f42 peer=131
received getdata (1 invsz) peer=125
received getdata for: wtx 0dfc524fe0bb821ae61b32b8b2116ab6e1f8e5e598fa850c7a4a910ef17b7f42 peer=125
received getdata (1 invsz) peer=119
received getdata for: wtx 0dfc524fe0bb821ae61b32b8b2116ab6e1f8e5e598fa850c7a4a910ef17b7f42 peer=119
received getdata (1 invsz) peer=144
received getdata for: wtx 0dfc524fe0bb821ae61b32b8b2116ab6e1f8e5e598fa850c7a4a910ef17b7f42 peer=144
received getdata (1 invsz) peer=124
received getdata for: wtx 0dfc524fe0bb821ae61b32b8b2116ab6e1f8e5e598fa850c7a4a910ef17b7f42 peer=124
received getdata (1 invsz) peer=105
received getdata for: wtx 0dfc524fe0bb821ae61b32b8b2116ab6e1f8e5e598fa850c7a4a910ef17b7f42 peer=105
received getdata (1 invsz) peer=104
received getdata for: wtx 0dfc524fe0bb821ae61b32b8b2116ab6e1f8e5e598fa850c7a4a910ef17b7f42 peer=104
received getdata (1 invsz) peer=92
received getdata for: wtx 0dfc524fe0bb821ae61b32b8b2116ab6e1f8e5e598fa850c7a4a910ef17b7f42 peer=92
received getdata (1 invsz) peer=106
received getdata for: wtx 0dfc524fe0bb821ae61b32b8b2116ab6e1f8e5e598fa850c7a4a910ef17b7f42 peer=106
received getdata (1 invsz) peer=102
received getdata for: witness-tx 81c552b53453576a5606c4105d95e550c77adcae382abac4adda7ab5bb497073 peer=102
received getdata (1 invsz) peer=137
received getdata for: wtx d2fa72510d1cba588b7028297bb5cba0da41d457c86f9c5bcfc7c4af209659fa peer=137
received getdata (1 invsz) peer=143
received getdata for: wtx d2fa72510d1cba588b7028297bb5cba0da41d457c86f9c5bcfc7c4af209659fa peer=143
received getdata (1 invsz) peer=151
received getdata for: wtx d2fa72510d1cba588b7028297bb5cba0da41d457c86f9c5bcfc7c4af209659fa peer=151
received getdata (1 invsz) peer=141
received getdata for: wtx d2fa72510d1cba588b7028297bb5cba0da41d457c86f9c5bcfc7c4af209659fa peer=141
received getdata (1 invsz) peer=90
received getdata for: wtx d2fa72510d1cba588b7028297bb5cba0da41d457c86f9c5bcfc7c4af209659fa peer=90
received getdata (1 invsz) peer=128
received getdata for: wtx d2fa72510d1cba588b7028297bb5cba0da41d457c86f9c5bcfc7c4af209659fa peer=128
received getdata (1 invsz) peer=144
received getdata for: wtx d2fa72510d1cba588b7028297bb5cba0da41d457c86f9c5bcfc7c4af209659fa peer=144
received getdata (1 invsz) peer=156
received getdata for: wtx d2fa72510d1cba588b7028297bb5cba0da41d457c86f9c5bcfc7c4af209659fa peer=156
received getdata (1 invsz) peer=130
received getdata for: wtx d2fa72510d1cba588b7028297bb5cba0da41d457c86f9c5bcfc7c4af209659fa peer=130
received getdata (1 invsz) peer=115
received getdata for: wtx d2fa72510d1cba588b7028297bb5cba0da41d457c86f9c5bcfc7c4af209659fa peer=115
received getdata (1 invsz) peer=140
received getdata for: wtx d2fa72510d1cba588b7028297bb5cba0da41d457c86f9c5bcfc7c4af209659fa peer=140
received getdata (1 invsz) peer=93
received getdata for: wtx d2fa72510d1cba588b7028297bb5cba0da41d457c86f9c5bcfc7c4af209659fa peer=93
received getdata (1 invsz) peer=132
received getdata for: wtx d2fa72510d1cba588b7028297bb5cba0da41d457c86f9c5bcfc7c4af209659fa peer=132
received getdata (1 invsz) peer=139
received getdata for: wtx d2fa72510d1cba588b7028297bb5cba0da41d457c86f9c5bcfc7c4af209659fa peer=139
received getdata (1 invsz) peer=134
received getdata for: wtx d2fa72510d1cba588b7028297bb5cba0da41d457c86f9c5bcfc7c4af209659fa peer=134
received getdata (1 invsz) peer=133
received getdata for: wtx d2fa72510d1cba588b7028297bb5cba0da41d457c86f9c5bcfc7c4af209659fa peer=133
received getdata (1 invsz) peer=131
received getdata for: wtx d2fa72510d1cba588b7028297bb5cba0da41d457c86f9c5bcfc7c4af209659fa peer=131
received getdata (1 invsz) peer=119
received getdata for: wtx d2fa72510d1cba588b7028297bb5cba0da41d457c86f9c5bcfc7c4af209659fa peer=119
received getdata (1 invsz) peer=111
received getdata for: wtx d2fa72510d1cba588b7028297bb5cba0da41d457c86f9c5bcfc7c4af209659fa peer=111
received getdata (1 invsz) peer=145
received getdata for: wtx d2fa72510d1cba588b7028297bb5cba0da41d457c86f9c5bcfc7c4af209659fa peer=145
received getdata (1 invsz) peer=150
received getdata for: wtx d2fa72510d1cba588b7028297bb5cba0da41d457c86f9c5bcfc7c4af209659fa peer=150
received getdata (1 invsz) peer=148
received getdata for: wtx d2fa72510d1cba588b7028297bb5cba0da41d457c86f9c5bcfc7c4af209659fa peer=148
received getdata (1 invsz) peer=149
received getdata for: wtx d2fa72510d1cba588b7028297bb5cba0da41d457c86f9c5bcfc7c4af209659fa peer=149
received getdata (1 invsz) peer=116
received getdata for: wtx d2fa72510d1cba588b7028297bb5cba0da41d457c86f9c5bcfc7c4af209659fa peer=116
received getdata (1 invsz) peer=125
received getdata for: wtx d2fa72510d1cba588b7028297bb5cba0da41d457c86f9c5bcfc7c4af209659fa peer=125
received getdata (1 invsz) peer=92
received getdata for: wtx d2fa72510d1cba588b7028297bb5cba0da41d457c86f9c5bcfc7c4af209659fa peer=92
received getdata (1 invsz) peer=105
received getdata for: wtx d2fa72510d1cba588b7028297bb5cba0da41d457c86f9c5bcfc7c4af209659fa peer=105
received getdata (1 invsz) peer=124
received getdata for: wtx d2fa72510d1cba588b7028297bb5cba0da41d457c86f9c5bcfc7c4af209659fa peer=124
received getdata (1 invsz) peer=121
received getdata for: wtx d2fa72510d1cba588b7028297bb5cba0da41d457c86f9c5bcfc7c4af209659fa peer=121
received getdata (1 invsz) peer=106
received getdata for: wtx d2fa72510d1cba588b7028297bb5cba0da41d457c86f9c5bcfc7c4af209659fa peer=106
received getdata (1 invsz) peer=104
received getdata for: wtx d2fa72510d1cba588b7028297bb5cba0da41d457c86f9c5bcfc7c4af209659fa peer=104
received getdata (1 invsz) peer=142
received getdata for: wtx d2fa72510d1cba588b7028297bb5cba0da41d457c86f9c5bcfc7c4af209659fa peer=142
received getdata (1 invsz) peer=94
received getdata for: wtx 0dfc524fe0bb821ae61b32b8b2116ab6e1f8e5e598fa850c7a4a910ef17b7f42 peer=94
received getdata (1 invsz) peer=94
received getdata for: wtx d2fa72510d1cba588b7028297bb5cba0da41d457c86f9c5bcfc7c4af209659fa peer=94
received getdata (1 invsz) peer=141
received getdata for: wtx 012c3766d766189480002ab592cfdd50885a4c905e5784c6f2f17b9d033e59b6 peer=141
received getdata (1 invsz) peer=137
received getdata for: wtx 012c3766d766189480002ab592cfdd50885a4c905e5784c6f2f17b9d033e59b6 peer=137
received getdata (1 invsz) peer=143
received getdata for: wtx 012c3766d766189480002ab592cfdd50885a4c905e5784c6f2f17b9d033e59b6 peer=143
received getdata (1 invsz) peer=151
received getdata for: wtx 012c3766d766189480002ab592cfdd50885a4c905e5784c6f2f17b9d033e59b6 peer=151
received getdata (1 invsz) peer=115
received getdata for: wtx 012c3766d766189480002ab592cfdd50885a4c905e5784c6f2f17b9d033e59b6 peer=115
received getdata (1 invsz) peer=111
received getdata for: wtx 012c3766d766189480002ab592cfdd50885a4c905e5784c6f2f17b9d033e59b6 peer=111
received getdata (1 invsz) peer=140
received getdata for: wtx 012c3766d766189480002ab592cfdd50885a4c905e5784c6f2f17b9d033e59b6 peer=140
received getdata (1 invsz) peer=161
received getdata for: wtx 012c3766d766189480002ab592cfdd50885a4c905e5784c6f2f17b9d033e59b6 peer=161
received getdata (1 invsz) peer=149
received getdata for: wtx 012c3766d766189480002ab592cfdd50885a4c905e5784c6f2f17b9d033e59b6 peer=149
received getdata (1 invsz) peer=156
received getdata for: wtx 012c3766d766189480002ab592cfdd50885a4c905e5784c6f2f17b9d033e59b6 peer=156
received getdata (1 invsz) peer=119
received getdata for: wtx 012c3766d766189480002ab592cfdd50885a4c905e5784c6f2f17b9d033e59b6 peer=119
received getdata (1 invsz) peer=130
received getdata for: wtx 012c3766d766189480002ab592cfdd50885a4c905e5784c6f2f17b9d033e59b6 peer=130
received getdata (1 invsz) peer=139
received getdata for: wtx 012c3766d766189480002ab592cfdd50885a4c905e5784c6f2f17b9d033e59b6 peer=139
received getdata (1 invsz) peer=128
received getdata for: wtx 012c3766d766189480002ab592cfdd50885a4c905e5784c6f2f17b9d033e59b6 peer=128
received getdata (1 invsz) peer=93
received getdata for: wtx 012c3766d766189480002ab592cfdd50885a4c905e5784c6f2f17b9d033e59b6 peer=93
received getdata (1 invsz) peer=142
received getdata for: wtx 012c3766d766189480002ab592cfdd50885a4c905e5784c6f2f17b9d033e59b6 peer=142
received getdata (1 invsz) peer=92
received getdata for: wtx 012c3766d766189480002ab592cfdd50885a4c905e5784c6f2f17b9d033e59b6 peer=92
received getdata (1 invsz) peer=131
received getdata for: wtx 012c3766d766189480002ab592cfdd50885a4c905e5784c6f2f17b9d033e59b6 peer=131
received getdata (1 invsz) peer=134
received getdata for: wtx 012c3766d766189480002ab592cfdd50885a4c905e5784c6f2f17b9d033e59b6 peer=134
received getdata (1 invsz) peer=116
received getdata for: wtx 012c3766d766189480002ab592cfdd50885a4c905e5784c6f2f17b9d033e59b6 peer=116
received getdata (1 invsz) peer=150
received getdata for: wtx 012c3766d766189480002ab592cfdd50885a4c905e5784c6f2f17b9d033e59b6 peer=150
received getdata (1 invsz) peer=121
received getdata for: wtx 012c3766d766189480002ab592cfdd50885a4c905e5784c6f2f17b9d033e59b6 peer=121
received getdata (1 invsz) peer=125
received getdata for: wtx 012c3766d766189480002ab592cfdd50885a4c905e5784c6f2f17b9d033e59b6 peer=125
received getdata (1 invsz) peer=90
received getdata for: wtx 012c3766d766189480002ab592cfdd50885a4c905e5784c6f2f17b9d033e59b6 peer=90
received getdata (1 invsz) peer=148
received getdata for: wtx 012c3766d766189480002ab592cfdd50885a4c905e5784c6f2f17b9d033e59b6 peer=148
received getdata (1 invsz) peer=132
received getdata for: wtx 012c3766d766189480002ab592cfdd50885a4c905e5784c6f2f17b9d033e59b6 peer=132
received getdata (1 invsz) peer=145
received getdata for: wtx 012c3766d766189480002ab592cfdd50885a4c905e5784c6f2f17b9d033e59b6 peer=145
received getdata (1 invsz) peer=104
received getdata for: wtx 012c3766d766189480002ab592cfdd50885a4c905e5784c6f2f17b9d033e59b6 peer=104
received getdata (1 invsz) peer=106
received getdata for: wtx 012c3766d766189480002ab592cfdd50885a4c905e5784c6f2f17b9d033e59b6 peer=106
received getdata (1 invsz) peer=105
received getdata for: wtx 012c3766d766189480002ab592cfdd50885a4c905e5784c6f2f17b9d033e59b6 peer=105
received getdata (1 invsz) peer=124
received getdata for: wtx 012c3766d766189480002ab592cfdd50885a4c905e5784c6f2f17b9d033e59b6 peer=124
received getdata (1 invsz) peer=94
received getdata for: wtx 012c3766d766189480002ab592cfdd50885a4c905e5784c6f2f17b9d033e59b6 peer=94
received getdata (1 invsz) peer=200
received getdata for: wtx f3b61cba1b2533fd19ee3d68bbac086bb53dbc725ee1b4e63592bb3fabe43a04 peer=200
received getdata (1 invsz) peer=187
received getdata for: wtx f3b61cba1b2533fd19ee3d68bbac086bb53dbc725ee1b4e63592bb3fabe43a04 peer=187
received getdata (1 invsz) peer=180
received getdata for: wtx f3b61cba1b2533fd19ee3d68bbac086bb53dbc725ee1b4e63592bb3fabe43a04 peer=180
received getdata (1 invsz) peer=183
received getdata for: wtx f3b61cba1b2533fd19ee3d68bbac086bb53dbc725ee1b4e63592bb3fabe43a04 peer=183
received getdata (1 invsz) peer=203
received getdata for: wtx f3b61cba1b2533fd19ee3d68bbac086bb53dbc725ee1b4e63592bb3fabe43a04 peer=203
received getdata (1 invsz) peer=166
received getdata for: wtx f3b61cba1b2533fd19ee3d68bbac086bb53dbc725ee1b4e63592bb3fabe43a04 peer=166
received getdata (1 invsz) peer=171
received getdata for: wtx f3b61cba1b2533fd19ee3d68bbac086bb53dbc725ee1b4e63592bb3fabe43a04 peer=171
received getdata (1 invsz) peer=199
received getdata for: wtx f3b61cba1b2533fd19ee3d68bbac086bb53dbc725ee1b4e63592bb3fabe43a04 peer=199
received getdata (1 invsz) peer=186
received getdata for: wtx f3b61cba1b2533fd19ee3d68bbac086bb53dbc725ee1b4e63592bb3fabe43a04 peer=186
received getdata (1 invsz) peer=163
received getdata for: wtx f3b61cba1b2533fd19ee3d68bbac086bb53dbc725ee1b4e63592bb3fabe43a04 peer=163
received getdata (1 invsz) peer=192
received getdata for: wtx f3b61cba1b2533fd19ee3d68bbac086bb53dbc725ee1b4e63592bb3fabe43a04 peer=192
received getdata (1 invsz) peer=209
received getdata for: wtx f3b61cba1b2533fd19ee3d68bbac086bb53dbc725ee1b4e63592bb3fabe43a04 peer=209
received getdata (1 invsz) peer=188
received getdata for: wtx f3b61cba1b2533fd19ee3d68bbac086bb53dbc725ee1b4e63592bb3fabe43a04 peer=188
received getdata (1 invsz) peer=167
received getdata for: wtx f3b61cba1b2533fd19ee3d68bbac086bb53dbc725ee1b4e63592bb3fabe43a04 peer=167
received getdata (1 invsz) peer=193
received getdata for: wtx f3b61cba1b2533fd19ee3d68bbac086bb53dbc725ee1b4e63592bb3fabe43a04 peer=193
received getdata (1 invsz) peer=195
received getdata for: wtx f3b61cba1b2533fd19ee3d68bbac086bb53dbc725ee1b4e63592bb3fabe43a04 peer=195
received getdata (1 invsz) peer=179
received getdata for: wtx f3b61cba1b2533fd19ee3d68bbac086bb53dbc725ee1b4e63592bb3fabe43a04 peer=179
received getdata (1 invsz) peer=197
received getdata for: wtx f3b61cba1b2533fd19ee3d68bbac086bb53dbc725ee1b4e63592bb3fabe43a04 peer=197
received getdata (1 invsz) peer=201
received getdata for: wtx f3b61cba1b2533fd19ee3d68bbac086bb53dbc725ee1b4e63592bb3fabe43a04 peer=201
received getdata (1 invsz) peer=175
received getdata for: wtx f3b61cba1b2533fd19ee3d68bbac086bb53dbc725ee1b4e63592bb3fabe43a04 peer=175
received getdata (1 invsz) peer=178
received getdata for: wtx f3b61cba1b2533fd19ee3d68bbac086bb53dbc725ee1b4e63592bb3fabe43a04 peer=178
received getdata (1 invsz) peer=191
received getdata for: wtx f3b61cba1b2533fd19ee3d68bbac086bb53dbc725ee1b4e63592bb3fabe43a04 peer=191
received getdata (1 invsz) peer=165
received getdata for: wtx f3b61cba1b2533fd19ee3d68bbac086bb53dbc725ee1b4e63592bb3fabe43a04 peer=165
received getdata (1 invsz) peer=181
received getdata for: wtx f3b61cba1b2533fd19ee3d68bbac086bb53dbc725ee1b4e63592bb3fabe43a04 peer=181
received getdata (1 invsz) peer=196
received getdata for: wtx f3b61cba1b2533fd19ee3d68bbac086bb53dbc725ee1b4e63592bb3fabe43a04 peer=196
received getdata (1 invsz) peer=184
received getdata for: wtx f3b61cba1b2533fd19ee3d68bbac086bb53dbc725ee1b4e63592bb3fabe43a04 peer=184
received getdata (1 invsz) peer=208
received getdata for: wtx f3b61cba1b2533fd19ee3d68bbac086bb53dbc725ee1b4e63592bb3fabe43a04 peer=208
received getdata (1 invsz) peer=173
received getdata for: wtx f3b61cba1b2533fd19ee3d68bbac086bb53dbc725ee1b4e63592bb3fabe43a04 peer=173
received getdata (1 invsz) peer=185
received getdata for: wtx f3b61cba1b2533fd19ee3d68bbac086bb53dbc725ee1b4e63592bb3fabe43a04 peer=185
received getdata (1 invsz) peer=169
received getdata for: wtx f3b61cba1b2533fd19ee3d68bbac086bb53dbc725ee1b4e63592bb3fabe43a04 peer=169
received getdata (1 invsz) peer=170
received getdata for: wtx f3b61cba1b2533fd19ee3d68bbac086bb53dbc725ee1b4e63592bb3fabe43a04 peer=170
received getdata (1 invsz) peer=168
received getdata for: wtx f3b61cba1b2533fd19ee3d68bbac086bb53dbc725ee1b4e63592bb3fabe43a04 peer=168
received getdata (1 invsz) peer=174
received getdata for: wtx f3b61cba1b2533fd19ee3d68bbac086bb53dbc725ee1b4e63592bb3fabe43a04 peer=174
received getdata (2 invsz) peer=256
received getdata for: witness-block 00000000008a65ae93f7bc35385fc4f5451c4b0a3d60547d8b50fe3f500a26bb peer=256
received getdata (1 invsz) peer=251
received getdata for: wtx 8150490c4bec717c07be7614d8f11e04dec9fa9e716a27c3569c81df0f007ae3 peer=251
received getdata (1 invsz) peer=256
received getdata for: witness-tx 6545fad93da2b82f9955c227cda7844f59b104de3b7895369b35ede262017c0c peer=256
received getdata (1 invsz) peer=251
received getdata for: wtx 8f0ba20f5ebe80783072d7a32569c5f8e6bc9fef4960f8a9ee3005a688f7f7d2 peer=251
received getdata (1 invsz) peer=300
received getdata for: wtx 13b3af14896f689009d4304dbc617d8b228dd655c16ad11acd594514bd2b766a peer=300
received getdata (1 invsz) peer=15
received getdata for: wtx 0cecf6bd33500dd79e04e40dc86373b9b67e139b5bd2a7b3102f8ec09926ba3c peer=15
received getdata (1 invsz) peer=19
received getdata for: wtx 0cecf6bd33500dd79e04e40dc86373b9b67e139b5bd2a7b3102f8ec09926ba3c peer=19
received getdata (1 invsz) peer=41
received getdata for: wtx 0cecf6bd33500dd79e04e40dc86373b9b67e139b5bd2a7b3102f8ec09926ba3c peer=41
received getdata (1 invsz) peer=4
received getdata for: wtx 0cecf6bd33500dd79e04e40dc86373b9b67e139b5bd2a7b3102f8ec09926ba3c peer=4
received getdata (1 invsz) peer=2
received getdata for: wtx 0cecf6bd33500dd79e04e40dc86373b9b67e139b5bd2a7b3102f8ec09926ba3c peer=2
received getdata (1 invsz) peer=18
received getdata for: wtx 0cecf6bd33500dd79e04e40dc86373b9b67e139b5bd2a7b3102f8ec09926ba3c peer=18
received getdata (1 invsz) peer=23
received getdata for: wtx 0cecf6bd33500dd79e04e40dc86373b9b67e139b5bd2a7b3102f8ec09926ba3c peer=23
received getdata (1 invsz) peer=26
received getdata for: wtx 0cecf6bd33500dd79e04e40dc86373b9b67e139b5bd2a7b3102f8ec09926ba3c peer=26
received getdata (1 invsz) peer=27
received getdata for: wtx 0cecf6bd33500dd79e04e40dc86373b9b67e139b5bd2a7b3102f8ec09926ba3c peer=27
received getdata (1 invsz) peer=6
received getdata for: wtx 0cecf6bd33500dd79e04e40dc86373b9b67e139b5bd2a7b3102f8ec09926ba3c peer=6
received getdata (1 invsz) peer=36
received getdata for: wtx 0cecf6bd33500dd79e04e40dc86373b9b67e139b5bd2a7b3102f8ec09926ba3c peer=36
received getdata (1 invsz) peer=20
received getdata for: wtx 0cecf6bd33500dd79e04e40dc86373b9b67e139b5bd2a7b3102f8ec09926ba3c peer=20
received getdata (1 invsz) peer=14
received getdata for: wtx 0cecf6bd33500dd79e04e40dc86373b9b67e139b5bd2a7b3102f8ec09926ba3c peer=14
received getdata (1 invsz) peer=13
received getdata for: wtx 0cecf6bd33500dd79e04e40dc86373b9b67e139b5bd2a7b3102f8ec09926ba3c peer=13
received getdata (1 invsz) peer=11
received getdata for: wtx 0cecf6bd33500dd79e04e40dc86373b9b67e139b5bd2a7b3102f8ec09926ba3c peer=11
received getdata (1 invsz) peer=25
received getdata for: wtx 0cecf6bd33500dd79e04e40dc86373b9b67e139b5bd2a7b3102f8ec09926ba3c peer=25
received getdata (1 invsz) peer=21
received getdata for: wtx 0cecf6bd33500dd79e04e40dc86373b9b67e139b5bd2a7b3102f8ec09926ba3c peer=21
received getdata (1 invsz) peer=10
received getdata for: wtx 0cecf6bd33500dd79e04e40dc86373b9b67e139b5bd2a7b3102f8ec09926ba3c peer=10
received getdata (1 invsz) peer=17
received getdata for: wtx 0cecf6bd33500dd79e04e40dc86373b9b67e139b5bd2a7b3102f8ec09926ba3c peer=17
received getdata (1 invsz) peer=12
received getdata for: wtx 0cecf6bd33500dd79e04e40dc86373b9b67e139b5bd2a7b3102f8ec09926ba3c peer=12
received getdata (1 invsz) peer=38
received getdata for: wtx 0cecf6bd33500dd79e04e40dc86373b9b67e139b5bd2a7b3102f8ec09926ba3c peer=38
received getdata (1 invsz) peer=29
received getdata for: wtx 0cecf6bd33500dd79e04e40dc86373b9b67e139b5bd2a7b3102f8ec09926ba3c peer=29
received getdata (1 invsz) peer=34
received getdata for: wtx 0cecf6bd33500dd79e04e40dc86373b9b67e139b5bd2a7b3102f8ec09926ba3c peer=34
received getdata (1 invsz) peer=42
received getdata for: wtx 0cecf6bd33500dd79e04e40dc86373b9b67e139b5bd2a7b3102f8ec09926ba3c peer=42
received getdata (1 invsz) peer=35
received getdata for: wtx 0cecf6bd33500dd79e04e40dc86373b9b67e139b5bd2a7b3102f8ec09926ba3c peer=35
received getdata (1 invsz) peer=22
received getdata for: wtx 0cecf6bd33500dd79e04e40dc86373b9b67e139b5bd2a7b3102f8ec09926ba3c peer=22
received getdata (1 invsz) peer=39
received getdata for: wtx 0cecf6bd33500dd79e04e40dc86373b9b67e139b5bd2a7b3102f8ec09926ba3c peer=39
received getdata (1 invsz) peer=24
received getdata for: wtx 0cecf6bd33500dd79e04e40dc86373b9b67e139b5bd2a7b3102f8ec09926ba3c peer=24
received getdata (1 invsz) peer=40
received getdata for: wtx 0cecf6bd33500dd79e04e40dc86373b9b67e139b5bd2a7b3102f8ec09926ba3c peer=40
received getdata (1 invsz) peer=16
received getdata for: wtx 0cecf6bd33500dd79e04e40dc86373b9b67e139b5bd2a7b3102f8ec09926ba3c peer=16
received getdata (1 invsz) peer=72
received getdata for: wtx 34e1413bb049b5d1759b733829a9ed6203ce0e8c38ffa11d5b21ded61a27bf02 peer=72
received getdata (2 invsz) peer=97
received getdata for: wtx e82e0901aea671741e2431f3648b63de9c5f03958c58723781034411766c192f peer=97
received getdata (1 invsz) peer=97
received getdata for: wtx 964591178a957a9817dd4151c2d7f95cd9d964a4b9f11ca8aae520692a9b1f79 peer=97
received getdata (1 invsz) peer=92
received getdata for: wtx 623a36b8e7d187a076c837b5f08c3ff28a6dedd27bc3fb6c9c8542f36688bc8a peer=92
received getdata (1 invsz) peer=117
received getdata for: wtx 7cedd62befb63b246652e03acad11ca4f1e512807587463a95a2225b1cd1b9d4 peer=117
received getdata (1 invsz) peer=121
received getdata for: wtx 7cedd62befb63b246652e03acad11ca4f1e512807587463a95a2225b1cd1b9d4 peer=121
received getdata (1 invsz) peer=97
received getdata for: wtx 966882b2b8b208ce943c7251d030c00daed88d238bb619df1106f56d33fcf51f peer=97
received getdata (1 invsz) peer=106
received getdata for: wtx e0d6506530af61ec79be104ef13982572933707d1ae9f1b8bb59a8b9a796b546 peer=106
received getdata (1 invsz) peer=100
received getdata for: wtx e0d6506530af61ec79be104ef13982572933707d1ae9f1b8bb59a8b9a796b546 peer=100
received getdata (1 invsz) peer=96
received getdata for: witness-tx 38ffc3e9f8df068333fb41f584f937ec125c5320e01a9430de66b54edefd8cfb peer=96
received getdata (1 invsz) peer=121
received getdata for: wtx b859c07148410b4ae78c4dbbf7ba01efdbc4f7c473e6a1c6e068eb99d392e68d peer=121
received getdata (1 invsz) peer=166
received getdata for: wtx 98643eef81f8d80d813a726f67634370069064b7a10c4f9115d514c17fb1f71e peer=166
received getdata (1 invsz) peer=92
received getdata for: wtx 98643eef81f8d80d813a726f67634370069064b7a10c4f9115d514c17fb1f71e peer=92
received getdata (1 invsz) peer=167
received getdata for: wtx 98643eef81f8d80d813a726f67634370069064b7a10c4f9115d514c17fb1f71e peer=167
received getdata (1 invsz) peer=165
received getdata for: wtx 98643eef81f8d80d813a726f67634370069064b7a10c4f9115d514c17fb1f71e peer=165
received getdata (1 invsz) peer=90
received getdata for: wtx 98643eef81f8d80d813a726f67634370069064b7a10c4f9115d514c17fb1f71e peer=90
received getdata (1 invsz) peer=106
received getdata for: wtx 98643eef81f8d80d813a726f67634370069064b7a10c4f9115d514c17fb1f71e peer=106
received getdata (1 invsz) peer=146
received getdata for: wtx 98643eef81f8d80d813a726f67634370069064b7a10c4f9115d514c17fb1f71e peer=146
received getdata (1 invsz) peer=93
received getdata for: wtx 98643eef81f8d80d813a726f67634370069064b7a10c4f9115d514c17fb1f71e peer=93
received getdata (1 invsz) peer=150
received getdata for: wtx 98643eef81f8d80d813a726f67634370069064b7a10c4f9115d514c17fb1f71e peer=150
received getdata (1 invsz) peer=147
received getdata for: wtx 98643eef81f8d80d813a726f67634370069064b7a10c4f9115d514c17fb1f71e peer=147
received getdata (1 invsz) peer=159
received getdata for: wtx 98643eef81f8d80d813a726f67634370069064b7a10c4f9115d514c17fb1f71e peer=159
received getdata (1 invsz) peer=152
received getdata for: wtx 98643eef81f8d80d813a726f67634370069064b7a10c4f9115d514c17fb1f71e peer=152
received getdata (1 invsz) peer=149
received getdata for: wtx 98643eef81f8d80d813a726f67634370069064b7a10c4f9115d514c17fb1f71e peer=149
received getdata (1 invsz) peer=153
received getdata for: wtx 98643eef81f8d80d813a726f67634370069064b7a10c4f9115d514c17fb1f71e peer=153
received getdata (1 invsz) peer=155
received getdata for: wtx 98643eef81f8d80d813a726f67634370069064b7a10c4f9115d514c17fb1f71e peer=155
received getdata (1 invsz) peer=161
received getdata for: wtx 98643eef81f8d80d813a726f67634370069064b7a10c4f9115d514c17fb1f71e peer=161
received getdata (1 invsz) peer=158
received getdata for: wtx 98643eef81f8d80d813a726f67634370069064b7a10c4f9115d514c17fb1f71e peer=158
received getdata (1 invsz) peer=160
received getdata for: wtx 98643eef81f8d80d813a726f67634370069064b7a10c4f9115d514c17fb1f71e peer=160
received getdata (1 invsz) peer=163
received getdata for: wtx 98643eef81f8d80d813a726f67634370069064b7a10c4f9115d514c17fb1f71e peer=163
received getdata (1 invsz) peer=151
received getdata for: wtx 98643eef81f8d80d813a726f67634370069064b7a10c4f9115d514c17fb1f71e peer=151
received getdata (1 invsz) peer=154
received getdata for: wtx 98643eef81f8d80d813a726f67634370069064b7a10c4f9115d514c17fb1f71e peer=154
received getdata (1 invsz) peer=162
received getdata for: wtx 98643eef81f8d80d813a726f67634370069064b7a10c4f9115d514c17fb1f71e peer=162
received getdata (1 invsz) peer=100
received getdata for: wtx 98643eef81f8d80d813a726f67634370069064b7a10c4f9115d514c17fb1f71e peer=100
received getdata (1 invsz) peer=115
received getdata for: wtx 98643eef81f8d80d813a726f67634370069064b7a10c4f9115d514c17fb1f71e peer=115
received getdata (1 invsz) peer=87
received getdata for: wtx 98643eef81f8d80d813a726f67634370069064b7a10c4f9115d514c17fb1f71e peer=87
received getdata (1 invsz) peer=164
received getdata for: wtx 98643eef81f8d80d813a726f67634370069064b7a10c4f9115d514c17fb1f71e peer=164
received getdata (1 invsz) peer=148
received getdata for: wtx 98643eef81f8d80d813a726f67634370069064b7a10c4f9115d514c17fb1f71e peer=148
received getdata (1 invsz) peer=139
received getdata for: wtx 98643eef81f8d80d813a726f67634370069064b7a10c4f9115d514c17fb1f71e peer=139
received getdata (1 invsz) peer=131
received getdata for: wtx 98643eef81f8d80d813a726f67634370069064b7a10c4f9115d514c17fb1f71e peer=131
received getdata (1 invsz) peer=117
received getdata for: wtx 98643eef81f8d80d813a726f67634370069064b7a10c4f9115d514c17fb1f71e peer=117
received getdata (1 invsz) peer=110
received getdata for: wtx 98643eef81f8d80d813a726f67634370069064b7a10c4f9115d514c17fb1f71e peer=110
received getdata (1 invsz) peer=111
received getdata for: wtx 98643eef81f8d80d813a726f67634370069064b7a10c4f9115d514c17fb1f71e peer=111
received getdata (1 invsz) peer=133
received getdata for: wtx 98643eef81f8d80d813a726f67634370069064b7a10c4f9115d514c17fb1f71e peer=133
received getdata (1 invsz) peer=176
received getdata for: wtx 5b1cfb502f044a01d058fe2e4984b77976d2633b53d94fbcbab5f328a54d4f16 peer=176
received getdata (1 invsz) peer=208
received getdata for: wtx 5b1cfb502f044a01d058fe2e4984b77976d2633b53d94fbcbab5f328a54d4f16 peer=208
received getdata (1 invsz) peer=207
received getdata for: wtx 5b1cfb502f044a01d058fe2e4984b77976d2633b53d94fbcbab5f328a54d4f16 peer=207
received getdata (1 invsz) peer=209
received getdata for: wtx 5b1cfb502f044a01d058fe2e4984b77976d2633b53d94fbcbab5f328a54d4f16 peer=209
received getdata (1 invsz) peer=180
received getdata for: wtx 5b1cfb502f044a01d058fe2e4984b77976d2633b53d94fbcbab5f328a54d4f16 peer=180
received getdata (1 invsz) peer=192
received getdata for: wtx 5b1cfb502f044a01d058fe2e4984b77976d2633b53d94fbcbab5f328a54d4f16 peer=192
received getdata (1 invsz) peer=188
received getdata for: wtx 5b1cfb502f044a01d058fe2e4984b77976d2633b53d94fbcbab5f328a54d4f16 peer=188
received getdata (1 invsz) peer=194
received getdata for: wtx 5b1cfb502f044a01d058fe2e4984b77976d2633b53d94fbcbab5f328a54d4f16 peer=194
received getdata (1 invsz) peer=182
received getdata for: wtx 5b1cfb502f044a01d058fe2e4984b77976d2633b53d94fbcbab5f328a54d4f16 peer=182
received getdata (1 invsz) peer=202
received getdata for: wtx 5b1cfb502f044a01d058fe2e4984b77976d2633b53d94fbcbab5f328a54d4f16 peer=202
received getdata (1 invsz) peer=174
received getdata for: wtx 5b1cfb502f044a01d058fe2e4984b77976d2633b53d94fbcbab5f328a54d4f16 peer=174
received getdata (1 invsz) peer=201
received getdata for: wtx 5b1cfb502f044a01d058fe2e4984b77976d2633b53d94fbcbab5f328a54d4f16 peer=201
received getdata (1 invsz) peer=200
received getdata for: wtx 5b1cfb502f044a01d058fe2e4984b77976d2633b53d94fbcbab5f328a54d4f16 peer=200
received getdata (1 invsz) peer=204
received getdata for: wtx 5b1cfb502f044a01d058fe2e4984b77976d2633b53d94fbcbab5f328a54d4f16 peer=204
received getdata (1 invsz) peer=175
received getdata for: wtx 5b1cfb502f044a01d058fe2e4984b77976d2633b53d94fbcbab5f328a54d4f16 peer=175
received getdata (1 invsz) peer=203
received getdata for: wtx 5b1cfb502f044a01d058fe2e4984b77976d2633b53d94fbcbab5f328a54d4f16 peer=203
received getdata (1 invsz) peer=195
received getdata for: wtx 5b1cfb502f044a01d058fe2e4984b77976d2633b53d94fbcbab5f328a54d4f16 peer=195
received getdata (1 invsz) peer=177
received getdata for: wtx 5b1cfb502f044a01d058fe2e4984b77976d2633b53d94fbcbab5f328a54d4f16 peer=177
received getdata (1 invsz) peer=199
received getdata for: wtx 5b1cfb502f044a01d058fe2e4984b77976d2633b53d94fbcbab5f328a54d4f16 peer=199
received getdata (1 invsz) peer=205
received getdata for: wtx 5b1cfb502f044a01d058fe2e4984b77976d2633b53d94fbcbab5f328a54d4f16 peer=205
received getdata (1 invsz) peer=196
received getdata for: wtx 5b1cfb502f044a01d058fe2e4984b77976d2633b53d94fbcbab5f328a54d4f16 peer=196
received getdata (1 invsz) peer=183
received getdata for: wtx 5b1cfb502f044a01d058fe2e4984b77976d2633b53d94fbcbab5f328a54d4f16 peer=183
received getdata (1 invsz) peer=211
received getdata for: wtx 5b1cfb502f044a01d058fe2e4984b77976d2633b53d94fbcbab5f328a54d4f16 peer=211
received getdata (1 invsz) peer=198
received getdata for: wtx 5b1cfb502f044a01d058fe2e4984b77976d2633b53d94fbcbab5f328a54d4f16 peer=198
received getdata (1 invsz) peer=190
received getdata for: wtx 5b1cfb502f044a01d058fe2e4984b77976d2633b53d94fbcbab5f328a54d4f16 peer=190
received getdata (1 invsz) peer=206
received getdata for: wtx 5b1cfb502f044a01d058fe2e4984b77976d2633b53d94fbcbab5f328a54d4f16 peer=206
received getdata (1 invsz) peer=197
received getdata for: wtx 5b1cfb502f044a01d058fe2e4984b77976d2633b53d94fbcbab5f328a54d4f16 peer=197
received getdata (1 invsz) peer=193
received getdata for: wtx 5b1cfb502f044a01d058fe2e4984b77976d2633b53d94fbcbab5f328a54d4f16 peer=193
received getdata (1 invsz) peer=184
received getdata for: wtx 5b1cfb502f044a01d058fe2e4984b77976d2633b53d94fbcbab5f328a54d4f16 peer=184
received getdata (1 invsz) peer=181
received getdata for: wtx 5b1cfb502f044a01d058fe2e4984b77976d2633b53d94fbcbab5f328a54d4f16 peer=181
received getdata (1 invsz) peer=185
received getdata for: wtx 5b1cfb502f044a01d058fe2e4984b77976d2633b53d94fbcbab5f328a54d4f16 peer=185
received getdata (1 invsz) peer=178
received getdata for: wtx 5b1cfb502f044a01d058fe2e4984b77976d2633b53d94fbcbab5f328a54d4f16 peer=178
received getdata (1 invsz) peer=187
received getdata for: wtx 5b1cfb502f044a01d058fe2e4984b77976d2633b53d94fbcbab5f328a54d4f16 peer=187
received getdata (1 invsz) peer=217
received getdata for: cmpctblock 0000000000f11581481978b979211efd30b3507930ca1e12c2b612c6a36cf102 peer=217
received getdata (1 invsz) peer=217
received getdata for: witness-block 0000000000f11581481978b979211efd30b3507930ca1e12c2b612c6a36cf102 peer=217
received getdata (2 invsz) peer=255
received getdata for: wtx 4115d564de50a26b26733ec06565cf987dbdeb40f5e6cbbd95424486b45a054a peer=255
received getdata (1 invsz) peer=262
received getdata for: witness-tx 355f994555bc5912e370b64af25c17530b324adecff3f492c958a56b4ba1d514 peer=262
received getdata (1 invsz) peer=223
received getdata for: witness-tx 355f994555bc5912e370b64af25c17530b324adecff3f492c958a56b4ba1d514 peer=223
received getdata (1 invsz) peer=239
received getdata for: witness-tx 355f994555bc5912e370b64af25c17530b324adecff3f492c958a56b4ba1d514 peer=239
received getdata (1 invsz) peer=232
received getdata for: wtx 0e817115d92478e28f4b19fa7a37476fc84f19a6717fb0e03e93083d34de9e23 peer=232
received getdata (1 invsz) peer=252
received getdata for: wtx 0e817115d92478e28f4b19fa7a37476fc84f19a6717fb0e03e93083d34de9e23 peer=252
received getdata (1 invsz) peer=251
received getdata for: wtx 0e817115d92478e28f4b19fa7a37476fc84f19a6717fb0e03e93083d34de9e23 peer=251
received getdata (1 invsz) peer=214
received getdata for: wtx 0e817115d92478e28f4b19fa7a37476fc84f19a6717fb0e03e93083d34de9e23 peer=214
received getdata (1 invsz) peer=224
received getdata for: wtx 0e817115d92478e28f4b19fa7a37476fc84f19a6717fb0e03e93083d34de9e23 peer=224
received getdata (1 invsz) peer=235
received getdata for: wtx 0e817115d92478e28f4b19fa7a37476fc84f19a6717fb0e03e93083d34de9e23 peer=235
received getdata (1 invsz) peer=264
received getdata for: wtx 0e817115d92478e28f4b19fa7a37476fc84f19a6717fb0e03e93083d34de9e23 peer=264
received getdata (1 invsz) peer=265
received getdata for: wtx 0e817115d92478e28f4b19fa7a37476fc84f19a6717fb0e03e93083d34de9e23 peer=265
received getdata (1 invsz) peer=245
received getdata for: wtx 0e817115d92478e28f4b19fa7a37476fc84f19a6717fb0e03e93083d34de9e23 peer=245
received getdata (1 invsz) peer=212
received getdata for: wtx 0e817115d92478e28f4b19fa7a37476fc84f19a6717fb0e03e93083d34de9e23 peer=212
received getdata (1 invsz) peer=228
received getdata for: wtx 0e817115d92478e28f4b19fa7a37476fc84f19a6717fb0e03e93083d34de9e23 peer=228
received getdata (1 invsz) peer=239
received getdata for: wtx 0e817115d92478e28f4b19fa7a37476fc84f19a6717fb0e03e93083d34de9e23 peer=239
received getdata (1 invsz) peer=246
received getdata for: wtx 0e817115d92478e28f4b19fa7a37476fc84f19a6717fb0e03e93083d34de9e23 peer=246
received getdata (1 invsz) peer=262
received getdata for: wtx 0e817115d92478e28f4b19fa7a37476fc84f19a6717fb0e03e93083d34de9e23 peer=262
received getdata (1 invsz) peer=261
received getdata for: wtx 0e817115d92478e28f4b19fa7a37476fc84f19a6717fb0e03e93083d34de9e23 peer=261
received getdata (1 invsz) peer=231
received getdata for: wtx 0e817115d92478e28f4b19fa7a37476fc84f19a6717fb0e03e93083d34de9e23 peer=231
received getdata (1 invsz) peer=237
received getdata for: wtx 0e817115d92478e28f4b19fa7a37476fc84f19a6717fb0e03e93083d34de9e23 peer=237
received getdata (1 invsz) peer=226
received getdata for: wtx 0e817115d92478e28f4b19fa7a37476fc84f19a6717fb0e03e93083d34de9e23 peer=226
received getdata (1 invsz) peer=221
received getdata for: wtx 0e817115d92478e28f4b19fa7a37476fc84f19a6717fb0e03e93083d34de9e23 peer=221
received getdata (1 invsz) peer=240
received getdata for: wtx 0e817115d92478e28f4b19fa7a37476fc84f19a6717fb0e03e93083d34de9e23 peer=240
received getdata (1 invsz) peer=241
received getdata for: wtx 0e817115d92478e28f4b19fa7a37476fc84f19a6717fb0e03e93083d34de9e23 peer=241
received getdata (1 invsz) peer=220
received getdata for: wtx 0e817115d92478e28f4b19fa7a37476fc84f19a6717fb0e03e93083d34de9e23 peer=220
received getdata (1 invsz) peer=215
received getdata for: wtx 0e817115d92478e28f4b19fa7a37476fc84f19a6717fb0e03e93083d34de9e23 peer=215
received getdata (1 invsz) peer=250
received getdata for: wtx 0e817115d92478e28f4b19fa7a37476fc84f19a6717fb0e03e93083d34de9e23 peer=250
received getdata (1 invsz) peer=223
received getdata for: wtx 0e817115d92478e28f4b19fa7a37476fc84f19a6717fb0e03e93083d34de9e23 peer=223
received getdata (1 invsz) peer=213
received getdata for: wtx 0e817115d92478e28f4b19fa7a37476fc84f19a6717fb0e03e93083d34de9e23 peer=213
received getdata (1 invsz) peer=269
received getdata for: wtx 0e817115d92478e28f4b19fa7a37476fc84f19a6717fb0e03e93083d34de9e23 peer=269
received getdata (1 invsz) peer=218
received getdata for: wtx 0e817115d92478e28f4b19fa7a37476fc84f19a6717fb0e03e93083d34de9e23 peer=218
received getdata (1 invsz) peer=217
received getdata for: wtx 0e817115d92478e28f4b19fa7a37476fc84f19a6717fb0e03e93083d34de9e23 peer=217
received getdata (1 invsz) peer=233
received getdata for: wtx 0e817115d92478e28f4b19fa7a37476fc84f19a6717fb0e03e93083d34de9e23 peer=233
received getdata (1 invsz) peer=244
received getdata for: wtx 0e817115d92478e28f4b19fa7a37476fc84f19a6717fb0e03e93083d34de9e23 peer=244
received getdata (1 invsz) peer=251
received getdata for: wtx da07da3503381974959a267d0f16c2c53c2e92a14d4f6d9aad39c96b51816608 peer=251
received getdata (1 invsz) peer=236
received getdata for: wtx 0e817115d92478e28f4b19fa7a37476fc84f19a6717fb0e03e93083d34de9e23 peer=236
received getdata (1 invsz) peer=271
received getdata for: cmpctblock 0000000000ca645a0b91afefd93ce52ebcde1da88b2699310a32154efccffda0 peer=271
received getdata (1 invsz) peer=271
received getdata for: witness-block 0000000000ca645a0b91afefd93ce52ebcde1da88b2699310a32154efccffda0 peer=271
received getdata (1 invsz) peer=282
received getdata for: witness-block 0000000000db871451c53544e448ef843cebcb759f16a0f7759741737fd4b81a peer=282
received getdata (1 invsz) peer=283
received getdata for: cmpctblock 0000000000db871451c53544e448ef843cebcb759f16a0f7759741737fd4b81a peer=283
received getdata (1 invsz) peer=274
received getdata for: wtx b36d9a6207df751442bfb5f4433baeb46e163fd6be919bd30809374ab708e6a4 peer=274
received getdata (1 invsz) peer=309
received getdata for: wtx b36d9a6207df751442bfb5f4433baeb46e163fd6be919bd30809374ab708e6a4 peer=309
received getdata (1 invsz) peer=307
received getdata for: wtx b36d9a6207df751442bfb5f4433baeb46e163fd6be919bd30809374ab708e6a4 peer=307
received getdata (1 invsz) peer=312
received getdata for: wtx b36d9a6207df751442bfb5f4433baeb46e163fd6be919bd30809374ab708e6a4 peer=312
received getdata (1 invsz) peer=286
received getdata for: wtx b36d9a6207df751442bfb5f4433baeb46e163fd6be919bd30809374ab708e6a4 peer=286
received getdata (1 invsz) peer=285
received getdata for: wtx b36d9a6207df751442bfb5f4433baeb46e163fd6be919bd30809374ab708e6a4 peer=285
received getdata (1 invsz) peer=281
received getdata for: wtx b36d9a6207df751442bfb5f4433baeb46e163fd6be919bd30809374ab708e6a4 peer=281
received getdata (1 invsz) peer=293
received getdata for: wtx b36d9a6207df751442bfb5f4433baeb46e163fd6be919bd30809374ab708e6a4 peer=293
received getdata (1 invsz) peer=290
received getdata for: wtx b36d9a6207df751442bfb5f4433baeb46e163fd6be919bd30809374ab708e6a4 peer=290
received getdata (1 invsz) peer=287
received getdata for: wtx b36d9a6207df751442bfb5f4433baeb46e163fd6be919bd30809374ab708e6a4 peer=287
received getdata (1 invsz) peer=289
received getdata for: wtx b36d9a6207df751442bfb5f4433baeb46e163fd6be919bd30809374ab708e6a4 peer=289
received getdata (1 invsz) peer=273
received getdata for: wtx b36d9a6207df751442bfb5f4433baeb46e163fd6be919bd30809374ab708e6a4 peer=273
received getdata (1 invsz) peer=299
received getdata for: wtx b36d9a6207df751442bfb5f4433baeb46e163fd6be919bd30809374ab708e6a4 peer=299
received getdata (1 invsz) peer=292
received getdata for: wtx b36d9a6207df751442bfb5f4433baeb46e163fd6be919bd30809374ab708e6a4 peer=292
received getdata (1 invsz) peer=279
received getdata for: wtx b36d9a6207df751442bfb5f4433baeb46e163fd6be919bd30809374ab708e6a4 peer=279
received getdata (1 invsz) peer=291
received getdata for: wtx b36d9a6207df751442bfb5f4433baeb46e163fd6be919bd30809374ab708e6a4 peer=291
received getdata (1 invsz) peer=305
received getdata for: wtx b36d9a6207df751442bfb5f4433baeb46e163fd6be919bd30809374ab708e6a4 peer=305
received getdata (1 invsz) peer=303
received getdata for: wtx b36d9a6207df751442bfb5f4433baeb46e163fd6be919bd30809374ab708e6a4 peer=303
received getdata (1 invsz) peer=300
received getdata for: wtx b36d9a6207df751442bfb5f4433baeb46e163fd6be919bd30809374ab708e6a4 peer=300
received getdata (1 invsz) peer=304
received getdata for: wtx b36d9a6207df751442bfb5f4433baeb46e163fd6be919bd30809374ab708e6a4 peer=304
received getdata (1 invsz) peer=315
received getdata for: wtx b36d9a6207df751442bfb5f4433baeb46e163fd6be919bd30809374ab708e6a4 peer=315
received getdata (1 invsz) peer=297
received getdata for: wtx b36d9a6207df751442bfb5f4433baeb46e163fd6be919bd30809374ab708e6a4 peer=297
received getdata (1 invsz) peer=295
received getdata for: wtx b36d9a6207df751442bfb5f4433baeb46e163fd6be919bd30809374ab708e6a4 peer=295
received getdata (1 invsz) peer=301
received getdata for: wtx b36d9a6207df751442bfb5f4433baeb46e163fd6be919bd30809374ab708e6a4 peer=301
received getdata (1 invsz) peer=288
received getdata for: wtx b36d9a6207df751442bfb5f4433baeb46e163fd6be919bd30809374ab708e6a4 peer=288
received getdata (1 invsz) peer=314
received getdata for: wtx b36d9a6207df751442bfb5f4433baeb46e163fd6be919bd30809374ab708e6a4 peer=314
received getdata (1 invsz) peer=271
received getdata for: wtx b36d9a6207df751442bfb5f4433baeb46e163fd6be919bd30809374ab708e6a4 peer=271
received getdata (1 invsz) peer=280
received getdata for: wtx b36d9a6207df751442bfb5f4433baeb46e163fd6be919bd30809374ab708e6a4 peer=280
received getdata (1 invsz) peer=284
received getdata for: wtx b36d9a6207df751442bfb5f4433baeb46e163fd6be919bd30809374ab708e6a4 peer=284
received getdata (1 invsz) peer=278
received getdata for: wtx b36d9a6207df751442bfb5f4433baeb46e163fd6be919bd30809374ab708e6a4 peer=278
received getdata (1 invsz) peer=277
received getdata for: wtx b36d9a6207df751442bfb5f4433baeb46e163fd6be919bd30809374ab708e6a4 peer=277
received getdata (1 invsz) peer=283
received getdata for: wtx b36d9a6207df751442bfb5f4433baeb46e163fd6be919bd30809374ab708e6a4 peer=283
received getdata (1 invsz) peer=282
received getdata for: wtx b36d9a6207df751442bfb5f4433baeb46e163fd6be919bd30809374ab708e6a4 peer=282
received getdata (1 invsz) peer=274
received getdata for: wtx 8f9631b578e45c21fa41cece24ad4654c599730a1998b3dc9d03c789a16b0c83 peer=274
received getdata (1 invsz) peer=309
received getdata for: wtx 8f9631b578e45c21fa41cece24ad4654c599730a1998b3dc9d03c789a16b0c83 peer=309
received getdata (1 invsz) peer=312
received getdata for: wtx 8f9631b578e45c21fa41cece24ad4654c599730a1998b3dc9d03c789a16b0c83 peer=312
received getdata (1 invsz) peer=307
received getdata for: wtx 8f9631b578e45c21fa41cece24ad4654c599730a1998b3dc9d03c789a16b0c83 peer=307
received getdata (1 invsz) peer=287
received getdata for: wtx 8f9631b578e45c21fa41cece24ad4654c599730a1998b3dc9d03c789a16b0c83 peer=287
received getdata (1 invsz) peer=286
received getdata for: wtx 8f9631b578e45c21fa41cece24ad4654c599730a1998b3dc9d03c789a16b0c83 peer=286
received getdata (1 invsz) peer=304
received getdata for: wtx 8f9631b578e45c21fa41cece24ad4654c599730a1998b3dc9d03c789a16b0c83 peer=304
received getdata (1 invsz) peer=301
received getdata for: wtx 8f9631b578e45c21fa41cece24ad4654c599730a1998b3dc9d03c789a16b0c83 peer=301
received getdata (1 invsz) peer=285
received getdata for: wtx 8f9631b578e45c21fa41cece24ad4654c599730a1998b3dc9d03c789a16b0c83 peer=285
received getdata (1 invsz) peer=273
received getdata for: wtx 8f9631b578e45c21fa41cece24ad4654c599730a1998b3dc9d03c789a16b0c83 peer=273
received getdata (1 invsz) peer=299
received getdata for: wtx 8f9631b578e45c21fa41cece24ad4654c599730a1998b3dc9d03c789a16b0c83 peer=299
received getdata (1 invsz) peer=314
received getdata for: wtx 8f9631b578e45c21fa41cece24ad4654c599730a1998b3dc9d03c789a16b0c83 peer=314
received getdata (1 invsz) peer=290
received getdata for: wtx 8f9631b578e45c21fa41cece24ad4654c599730a1998b3dc9d03c789a16b0c83 peer=290
received getdata (1 invsz) peer=292
received getdata for: wtx 8f9631b578e45c21fa41cece24ad4654c599730a1998b3dc9d03c789a16b0c83 peer=292
received getdata (1 invsz) peer=279
received getdata for: wtx 8f9631b578e45c21fa41cece24ad4654c599730a1998b3dc9d03c789a16b0c83 peer=279
received getdata (1 invsz) peer=303
received getdata for: wtx 8f9631b578e45c21fa41cece24ad4654c599730a1998b3dc9d03c789a16b0c83 peer=303
received getdata (1 invsz) peer=291
received getdata for: wtx 8f9631b578e45c21fa41cece24ad4654c599730a1998b3dc9d03c789a16b0c83 peer=291
received getdata (1 invsz) peer=315
received getdata for: wtx 8f9631b578e45c21fa41cece24ad4654c599730a1998b3dc9d03c789a16b0c83 peer=315
received getdata (1 invsz) peer=295
received getdata for: wtx 8f9631b578e45c21fa41cece24ad4654c599730a1998b3dc9d03c789a16b0c83 peer=295
received getdata (1 invsz) peer=317
received getdata for: wtx 8f9631b578e45c21fa41cece24ad4654c599730a1998b3dc9d03c789a16b0c83 peer=317
received getdata (1 invsz) peer=297
received getdata for: wtx 8f9631b578e45c21fa41cece24ad4654c599730a1998b3dc9d03c789a16b0c83 peer=297
received getdata (1 invsz) peer=300
received getdata for: wtx 8f9631b578e45c21fa41cece24ad4654c599730a1998b3dc9d03c789a16b0c83 peer=300
received getdata (1 invsz) peer=288
received getdata for: wtx 8f9631b578e45c21fa41cece24ad4654c599730a1998b3dc9d03c789a16b0c83 peer=288
received getdata (1 invsz) peer=293
received getdata for: wtx 8f9631b578e45c21fa41cece24ad4654c599730a1998b3dc9d03c789a16b0c83 peer=293
received getdata (1 invsz) peer=284
received getdata for: wtx 8f9631b578e45c21fa41cece24ad4654c599730a1998b3dc9d03c789a16b0c83 peer=284
received getdata (1 invsz) peer=305
received getdata for: wtx 8f9631b578e45c21fa41cece24ad4654c599730a1998b3dc9d03c789a16b0c83 peer=305
received getdata (1 invsz) peer=282
received getdata for: wtx 8f9631b578e45c21fa41cece24ad4654c599730a1998b3dc9d03c789a16b0c83 peer=282
received getdata (1 invsz) peer=277
received getdata for: wtx 8f9631b578e45c21fa41cece24ad4654c599730a1998b3dc9d03c789a16b0c83 peer=277
received getdata (1 invsz) peer=283
received getdata for: wtx 8f9631b578e45c21fa41cece24ad4654c599730a1998b3dc9d03c789a16b0c83 peer=283
received getdata (1 invsz) peer=271
received getdata for: wtx 8f9631b578e45c21fa41cece24ad4654c599730a1998b3dc9d03c789a16b0c83 peer=271
received getdata (1 invsz) peer=278
received getdata for: wtx 8f9631b578e45c21fa41cece24ad4654c599730a1998b3dc9d03c789a16b0c83 peer=278
received getdata (1 invsz) peer=280
received getdata for: wtx 8f9631b578e45c21fa41cece24ad4654c599730a1998b3dc9d03c789a16b0c83 peer=280
received getdata (1 invsz) peer=281
received getdata for: wtx 8f9631b578e45c21fa41cece24ad4654c599730a1998b3dc9d03c789a16b0c83 peer=281
received getdata (1 invsz) peer=341
received getdata for: wtx d90e748f1f9432738371f862dc84b7eb4e2deaffb62be74618b1e300d818ba81 peer=341
received getdata (1 invsz) peer=356
received getdata for: wtx d90e748f1f9432738371f862dc84b7eb4e2deaffb62be74618b1e300d818ba81 peer=356
received getdata (1 invsz) peer=355
received getdata for: wtx d90e748f1f9432738371f862dc84b7eb4e2deaffb62be74618b1e300d818ba81 peer=355
received getdata (1 invsz) peer=357
received getdata for: wtx d90e748f1f9432738371f862dc84b7eb4e2deaffb62be74618b1e300d818ba81 peer=357
received getdata (1 invsz) peer=321
received getdata for: wtx d90e748f1f9432738371f862dc84b7eb4e2deaffb62be74618b1e300d818ba81 peer=321
received getdata (1 invsz) peer=320
received getdata for: wtx d90e748f1f9432738371f862dc84b7eb4e2deaffb62be74618b1e300d818ba81 peer=320
received getdata (1 invsz) peer=344
received getdata for: wtx d90e748f1f9432738371f862dc84b7eb4e2deaffb62be74618b1e300d818ba81 peer=344
received getdata (1 invsz) peer=346
received getdata for: wtx d90e748f1f9432738371f862dc84b7eb4e2deaffb62be74618b1e300d818ba81 peer=346
received getdata (1 invsz) peer=332
received getdata for: wtx d90e748f1f9432738371f862dc84b7eb4e2deaffb62be74618b1e300d818ba81 peer=332
received getdata (1 invsz) peer=342
received getdata for: wtx d90e748f1f9432738371f862dc84b7eb4e2deaffb62be74618b1e300d818ba81 peer=342
received getdata (1 invsz) peer=353
received getdata for: wtx d90e748f1f9432738371f862dc84b7eb4e2deaffb62be74618b1e300d818ba81 peer=353
received getdata (1 invsz) peer=331
received getdata for: wtx d90e748f1f9432738371f862dc84b7eb4e2deaffb62be74618b1e300d818ba81 peer=331
received getdata (1 invsz) peer=333
received getdata for: wtx d90e748f1f9432738371f862dc84b7eb4e2deaffb62be74618b1e300d818ba81 peer=333
received getdata (1 invsz) peer=335
received getdata for: wtx d90e748f1f9432738371f862dc84b7eb4e2deaffb62be74618b1e300d818ba81 peer=335
received getdata (1 invsz) peer=348
received getdata for: wtx d90e748f1f9432738371f862dc84b7eb4e2deaffb62be74618b1e300d818ba81 peer=348
received getdata (1 invsz) peer=334
received getdata for: wtx d90e748f1f9432738371f862dc84b7eb4e2deaffb62be74618b1e300d818ba81 peer=334
received getdata (1 invsz) peer=351
received getdata for: wtx d90e748f1f9432738371f862dc84b7eb4e2deaffb62be74618b1e300d818ba81 peer=351
received getdata (1 invsz) peer=349
received getdata for: wtx d90e748f1f9432738371f862dc84b7eb4e2deaffb62be74618b1e300d818ba81 peer=349
received getdata (1 invsz) peer=324
received getdata for: wtx d90e748f1f9432738371f862dc84b7eb4e2deaffb62be74618b1e300d818ba81 peer=324
received getdata (1 invsz) peer=352
received getdata for: wtx d90e748f1f9432738371f862dc84b7eb4e2deaffb62be74618b1e300d818ba81 peer=352
received getdata (1 invsz) peer=338
received getdata for: wtx d90e748f1f9432738371f862dc84b7eb4e2deaffb62be74618b1e300d818ba81 peer=338
received getdata (1 invsz) peer=347
received getdata for: wtx d90e748f1f9432738371f862dc84b7eb4e2deaffb62be74618b1e300d818ba81 peer=347
received getdata (1 invsz) peer=336
received getdata for: wtx d90e748f1f9432738371f862dc84b7eb4e2deaffb62be74618b1e300d818ba81 peer=336
received getdata (1 invsz) peer=354
received getdata for: wtx d90e748f1f9432738371f862dc84b7eb4e2deaffb62be74618b1e300d818ba81 peer=354
received getdata (1 invsz) peer=322
received getdata for: wtx d90e748f1f9432738371f862dc84b7eb4e2deaffb62be74618b1e300d818ba81 peer=322
received getdata (1 invsz) peer=327
received getdata for: wtx d90e748f1f9432738371f862dc84b7eb4e2deaffb62be74618b1e300d818ba81 peer=327
received getdata (1 invsz) peer=350
received getdata for: wtx d90e748f1f9432738371f862dc84b7eb4e2deaffb62be74618b1e300d818ba81 peer=350
received getdata (1 invsz) peer=326
received getdata for: wtx d90e748f1f9432738371f862dc84b7eb4e2deaffb62be74618b1e300d818ba81 peer=326
received getdata (1 invsz) peer=329
received getdata for: wtx d90e748f1f9432738371f862dc84b7eb4e2deaffb62be74618b1e300d818ba81 peer=329
received getdata (1 invsz) peer=330
received getdata for: wtx d90e748f1f9432738371f862dc84b7eb4e2deaffb62be74618b1e300d818ba81 peer=330
received getdata (1 invsz) peer=345
received getdata for: wtx d90e748f1f9432738371f862dc84b7eb4e2deaffb62be74618b1e300d818ba81 peer=345
received getdata (1 invsz) peer=325
received getdata for: wtx d90e748f1f9432738371f862dc84b7eb4e2deaffb62be74618b1e300d818ba81 peer=325
received getdata (1 invsz) peer=343
received getdata for: wtx d90e748f1f9432738371f862dc84b7eb4e2deaffb62be74618b1e300d818ba81 peer=343
received getdata (1 invsz) peer=412
received getdata for: wtx a3008b894e5dc19d880d477d8694df97eeca6d2744ad08920d7943b6492258dd peer=412
received getdata (1 invsz) peer=375
received getdata for: wtx a3008b894e5dc19d880d477d8694df97eeca6d2744ad08920d7943b6492258dd peer=375
received getdata (1 invsz) peer=411
received getdata for: wtx a3008b894e5dc19d880d477d8694df97eeca6d2744ad08920d7943b6492258dd peer=411
received getdata (1 invsz) peer=400
received getdata for: wtx a3008b894e5dc19d880d477d8694df97eeca6d2744ad08920d7943b6492258dd peer=400
received getdata (1 invsz) peer=378
received getdata for: wtx a3008b894e5dc19d880d477d8694df97eeca6d2744ad08920d7943b6492258dd peer=378
received getdata (1 invsz) peer=383
received getdata for: wtx a3008b894e5dc19d880d477d8694df97eeca6d2744ad08920d7943b6492258dd peer=383
received getdata (1 invsz) peer=376
received getdata for: wtx a3008b894e5dc19d880d477d8694df97eeca6d2744ad08920d7943b6492258dd peer=376
received getdata (1 invsz) peer=399
received getdata for: wtx a3008b894e5dc19d880d477d8694df97eeca6d2744ad08920d7943b6492258dd peer=399
received getdata (1 invsz) peer=387
received getdata for: wtx a3008b894e5dc19d880d477d8694df97eeca6d2744ad08920d7943b6492258dd peer=387
received getdata (1 invsz) peer=380
received getdata for: wtx a3008b894e5dc19d880d477d8694df97eeca6d2744ad08920d7943b6492258dd peer=380
received getdata (1 invsz) peer=379
received getdata for: wtx a3008b894e5dc19d880d477d8694df97eeca6d2744ad08920d7943b6492258dd peer=379
received getdata (1 invsz) peer=392
received getdata for: wtx a3008b894e5dc19d880d477d8694df97eeca6d2744ad08920d7943b6492258dd peer=392
received getdata (1 invsz) peer=395
received getdata for: wtx a3008b894e5dc19d880d477d8694df97eeca6d2744ad08920d7943b6492258dd peer=395
received getdata (1 invsz) peer=386
received getdata for: wtx a3008b894e5dc19d880d477d8694df97eeca6d2744ad08920d7943b6492258dd peer=386
received getdata (1 invsz) peer=371
received getdata for: wtx a3008b894e5dc19d880d477d8694df97eeca6d2744ad08920d7943b6492258dd peer=371
received getdata (1 invsz) peer=373
received getdata for: wtx a3008b894e5dc19d880d477d8694df97eeca6d2744ad08920d7943b6492258dd peer=373
received getdata (1 invsz) peer=397
received getdata for: wtx a3008b894e5dc19d880d477d8694df97eeca6d2744ad08920d7943b6492258dd peer=397
received getdata (1 invsz) peer=391
received getdata for: wtx a3008b894e5dc19d880d477d8694df97eeca6d2744ad08920d7943b6492258dd peer=391
received getdata (1 invsz) peer=377
received getdata for: wtx a3008b894e5dc19d880d477d8694df97eeca6d2744ad08920d7943b6492258dd peer=377
received getdata (1 invsz) peer=396
received getdata for: wtx a3008b894e5dc19d880d477d8694df97eeca6d2744ad08920d7943b6492258dd peer=396
received getdata (1 invsz) peer=389
received getdata for: wtx a3008b894e5dc19d880d477d8694df97eeca6d2744ad08920d7943b6492258dd peer=389
received getdata (1 invsz) peer=398
received getdata for: wtx a3008b894e5dc19d880d477d8694df97eeca6d2744ad08920d7943b6492258dd peer=398
received getdata (1 invsz) peer=374
received getdata for: wtx a3008b894e5dc19d880d477d8694df97eeca6d2744ad08920d7943b6492258dd peer=374
received getdata (1 invsz) peer=394
received getdata for: wtx a3008b894e5dc19d880d477d8694df97eeca6d2744ad08920d7943b6492258dd peer=394
received getdata (1 invsz) peer=410
received getdata for: wtx a3008b894e5dc19d880d477d8694df97eeca6d2744ad08920d7943b6492258dd peer=410
received getdata (1 invsz) peer=409
received getdata for: wtx a3008b894e5dc19d880d477d8694df97eeca6d2744ad08920d7943b6492258dd peer=409
received getdata (1 invsz) peer=384
received getdata for: wtx a3008b894e5dc19d880d477d8694df97eeca6d2744ad08920d7943b6492258dd peer=384
received getdata (1 invsz) peer=370
received getdata for: wtx a3008b894e5dc19d880d477d8694df97eeca6d2744ad08920d7943b6492258dd peer=370
received getdata (1 invsz) peer=368
received getdata for: wtx a3008b894e5dc19d880d477d8694df97eeca6d2744ad08920d7943b6492258dd peer=368
received getdata (1 invsz) peer=364
received getdata for: wtx a3008b894e5dc19d880d477d8694df97eeca6d2744ad08920d7943b6492258dd peer=364
received getdata (1 invsz) peer=382
received getdata for: wtx a3008b894e5dc19d880d477d8694df97eeca6d2744ad08920d7943b6492258dd peer=382
received getdata (1 invsz) peer=365
received getdata for: wtx a3008b894e5dc19d880d477d8694df97eeca6d2744ad08920d7943b6492258dd peer=365
received getdata (1 invsz) peer=369
received getdata for: wtx a3008b894e5dc19d880d477d8694df97eeca6d2744ad08920d7943b6492258dd peer=369
