received getdata (1 invsz) peer=12
received getdata for: wtx 908fffd751ff0cc3e5ed358b446d2f73135002d3979c495c9b56ba50542c1c6e peer=12
received getdata (1 invsz) peer=6
received getdata for: wtx 908fffd751ff0cc3e5ed358b446d2f73135002d3979c495c9b56ba50542c1c6e peer=6
received getdata (1 invsz) peer=51
received getdata for: wtx 908fffd751ff0cc3e5ed358b446d2f73135002d3979c495c9b56ba50542c1c6e peer=51
received getdata (1 invsz) peer=8
received getdata for: wtx 908fffd751ff0cc3e5ed358b446d2f73135002d3979c495c9b56ba50542c1c6e peer=8
received getdata (1 invsz) peer=26
received getdata for: wtx 908fffd751ff0cc3e5ed358b446d2f73135002d3979c495c9b56ba50542c1c6e peer=26
received getdata (1 invsz) peer=27
received getdata for: wtx 908fffd751ff0cc3e5ed358b446d2f73135002d3979c495c9b56ba50542c1c6e peer=27
received getdata (1 invsz) peer=45
received getdata for: wtx 908fffd751ff0cc3e5ed358b446d2f73135002d3979c495c9b56ba50542c1c6e peer=45
received getdata (1 invsz) peer=14
received getdata for: wtx 908fffd751ff0cc3e5ed358b446d2f73135002d3979c495c9b56ba50542c1c6e peer=14
received getdata (1 invsz) peer=52
received getdata for: wtx 908fffd751ff0cc3e5ed358b446d2f73135002d3979c495c9b56ba50542c1c6e peer=52
received getdata (1 invsz) peer=10
received getdata for: wtx 908fffd751ff0cc3e5ed358b446d2f73135002d3979c495c9b56ba50542c1c6e peer=10
received getdata (1 invsz) peer=16
received getdata for: wtx 908fffd751ff0cc3e5ed358b446d2f73135002d3979c495c9b56ba50542c1c6e peer=16
received getdata (1 invsz) peer=49
received getdata for: wtx 908fffd751ff0cc3e5ed358b446d2f73135002d3979c495c9b56ba50542c1c6e peer=49
received getdata (1 invsz) peer=34
received getdata for: wtx 908fffd751ff0cc3e5ed358b446d2f73135002d3979c495c9b56ba50542c1c6e peer=34
received getdata (1 invsz) peer=50
received getdata for: wtx 908fffd751ff0cc3e5ed358b446d2f73135002d3979c495c9b56ba50542c1c6e peer=50
received getdata (1 invsz) peer=48
received getdata for: wtx 908fffd751ff0cc3e5ed358b446d2f73135002d3979c495c9b56ba50542c1c6e peer=48
received getdata (1 invsz) peer=47
received getdata for: wtx 908fffd751ff0cc3e5ed358b446d2f73135002d3979c495c9b56ba50542c1c6e peer=47
received getdata (1 invsz) peer=30
received getdata for: wtx 908fffd751ff0cc3e5ed358b446d2f73135002d3979c495c9b56ba50542c1c6e peer=30
received getdata (1 invsz) peer=19
received getdata for: wtx 908fffd751ff0cc3e5ed358b446d2f73135002d3979c495c9b56ba50542c1c6e peer=19
received getdata (1 invsz) peer=25
received getdata for: wtx 908fffd751ff0cc3e5ed358b446d2f73135002d3979c495c9b56ba50542c1c6e peer=25
received getdata (1 invsz) peer=23
received getdata for: wtx 908fffd751ff0cc3e5ed358b446d2f73135002d3979c495c9b56ba50542c1c6e peer=23
received getdata (1 invsz) peer=38
received getdata for: wtx 908fffd751ff0cc3e5ed358b446d2f73135002d3979c495c9b56ba50542c1c6e peer=38
received getdata (1 invsz) peer=53
received getdata for: wtx 908fffd751ff0cc3e5ed358b446d2f73135002d3979c495c9b56ba50542c1c6e peer=53
received getdata (1 invsz) peer=46
received getdata for: witness-tx 7c0d4f0d0942234366405b07002aa8706918ef1f7089a2582610ad8eb7b63a0d peer=46
received getdata (1 invsz) peer=46
received getdata for: witness-tx c70770a09f3a2453b2e4ce2bcf39f69617443ba99874279fe94afe3ef47c2b66 peer=46
received getdata (2 invsz) peer=46
received getdata for: witness-tx fafc1408b29c58385eecf4e7eee326696ed445a5de586cad1bb276335c7dc144 peer=46
received getdata (1 invsz) peer=46
received getdata for: witness-tx 163d788b919f7b9ba6226d407d06a4c295b97ce34bca935a4e6536a0a4c2688f peer=46
received getdata (1 invsz) peer=76
received getdata for: wtx 44416fcd4326005a207038fca543f915d780918850701b928063ccd0667b0832 peer=76
received getdata (1 invsz) peer=41
received getdata for: wtx 1b25b0a71d4b7ca7ae98639a278d13ba4725e651b5246379268af96ae2e828a3 peer=41
received getdata (1 invsz) peer=42
received getdata for: wtx 1b25b0a71d4b7ca7ae98639a278d13ba4725e651b5246379268af96ae2e828a3 peer=42
received getdata (1 invsz) peer=82
received getdata for: wtx 0e876d223cabaa72de3fb9a0620fc1b1d0ebbe9e0e8444641dcd42ef62b3ec1b peer=82
received getdata (1 invsz) peer=71
received getdata for: wtx 0e876d223cabaa72de3fb9a0620fc1b1d0ebbe9e0e8444641dcd42ef62b3ec1b peer=71
received getdata (1 invsz) peer=93
received getdata for: wtx 0e876d223cabaa72de3fb9a0620fc1b1d0ebbe9e0e8444641dcd42ef62b3ec1b peer=93
received getdata (1 invsz) peer=58
received getdata for: wtx 0e876d223cabaa72de3fb9a0620fc1b1d0ebbe9e0e8444641dcd42ef62b3ec1b peer=58
received getdata (1 invsz) peer=86
received getdata for: wtx 0e876d223cabaa72de3fb9a0620fc1b1d0ebbe9e0e8444641dcd42ef62b3ec1b peer=86
received getdata (1 invsz) peer=81
received getdata for: wtx 0e876d223cabaa72de3fb9a0620fc1b1d0ebbe9e0e8444641dcd42ef62b3ec1b peer=81
received getdata (1 invsz) peer=6
received getdata for: wtx 0e876d223cabaa72de3fb9a0620fc1b1d0ebbe9e0e8444641dcd42ef62b3ec1b peer=6
received getdata (1 invsz) peer=85
received getdata for: wtx 0e876d223cabaa72de3fb9a0620fc1b1d0ebbe9e0e8444641dcd42ef62b3ec1b peer=85
received getdata (1 invsz) peer=8
received getdata for: wtx 0e876d223cabaa72de3fb9a0620fc1b1d0ebbe9e0e8444641dcd42ef62b3ec1b peer=8
received getdata (1 invsz) peer=45
received getdata for: wtx 0e876d223cabaa72de3fb9a0620fc1b1d0ebbe9e0e8444641dcd42ef62b3ec1b peer=45
received getdata (1 invsz) peer=73
received getdata for: wtx 0e876d223cabaa72de3fb9a0620fc1b1d0ebbe9e0e8444641dcd42ef62b3ec1b peer=73
received getdata (1 invsz) peer=10
received getdata for: wtx 0e876d223cabaa72de3fb9a0620fc1b1d0ebbe9e0e8444641dcd42ef62b3ec1b peer=10
received getdata (1 invsz) peer=26
received getdata for: wtx 0e876d223cabaa72de3fb9a0620fc1b1d0ebbe9e0e8444641dcd42ef62b3ec1b peer=26
received getdata (1 invsz) peer=66
received getdata for: wtx 0e876d223cabaa72de3fb9a0620fc1b1d0ebbe9e0e8444641dcd42ef62b3ec1b peer=66
received getdata (1 invsz) peer=60
received getdata for: wtx 0e876d223cabaa72de3fb9a0620fc1b1d0ebbe9e0e8444641dcd42ef62b3ec1b peer=60
received getdata (1 invsz) peer=61
received getdata for: wtx 0e876d223cabaa72de3fb9a0620fc1b1d0ebbe9e0e8444641dcd42ef62b3ec1b peer=61
received getdata (1 invsz) peer=87
received getdata for: wtx 0e876d223cabaa72de3fb9a0620fc1b1d0ebbe9e0e8444641dcd42ef62b3ec1b peer=87
received getdata (1 invsz) peer=68
received getdata for: wtx 0e876d223cabaa72de3fb9a0620fc1b1d0ebbe9e0e8444641dcd42ef62b3ec1b peer=68
received getdata (1 invsz) peer=69
received getdata for: wtx 0e876d223cabaa72de3fb9a0620fc1b1d0ebbe9e0e8444641dcd42ef62b3ec1b peer=69
received getdata (1 invsz) peer=83
received getdata for: wtx 0e876d223cabaa72de3fb9a0620fc1b1d0ebbe9e0e8444641dcd42ef62b3ec1b peer=83
received getdata (1 invsz) peer=67
received getdata for: wtx 0e876d223cabaa72de3fb9a0620fc1b1d0ebbe9e0e8444641dcd42ef62b3ec1b peer=67
received getdata (1 invsz) peer=16
received getdata for: wtx 0e876d223cabaa72de3fb9a0620fc1b1d0ebbe9e0e8444641dcd42ef62b3ec1b peer=16
received getdata (1 invsz) peer=33
received getdata for: wtx 0e876d223cabaa72de3fb9a0620fc1b1d0ebbe9e0e8444641dcd42ef62b3ec1b peer=33
received getdata (1 invsz) peer=63
received getdata for: wtx 0e876d223cabaa72de3fb9a0620fc1b1d0ebbe9e0e8444641dcd42ef62b3ec1b peer=63
received getdata (1 invsz) peer=89
received getdata for: wtx 0e876d223cabaa72de3fb9a0620fc1b1d0ebbe9e0e8444641dcd42ef62b3ec1b peer=89
received getdata (1 invsz) peer=88
received getdata for: wtx 0e876d223cabaa72de3fb9a0620fc1b1d0ebbe9e0e8444641dcd42ef62b3ec1b peer=88
received getdata (1 invsz) peer=84
received getdata for: wtx 0e876d223cabaa72de3fb9a0620fc1b1d0ebbe9e0e8444641dcd42ef62b3ec1b peer=84
received getdata (1 invsz) peer=97
received getdata for: wtx 0e876d223cabaa72de3fb9a0620fc1b1d0ebbe9e0e8444641dcd42ef62b3ec1b peer=97
received getdata (1 invsz) peer=19
received getdata for: wtx 0e876d223cabaa72de3fb9a0620fc1b1d0ebbe9e0e8444641dcd42ef62b3ec1b peer=19
received getdata (1 invsz) peer=42
received getdata for: wtx 0e876d223cabaa72de3fb9a0620fc1b1d0ebbe9e0e8444641dcd42ef62b3ec1b peer=42
received getdata (1 invsz) peer=25
received getdata for: wtx 0e876d223cabaa72de3fb9a0620fc1b1d0ebbe9e0e8444641dcd42ef62b3ec1b peer=25
received getdata (1 invsz) peer=41
received getdata for: wtx 0e876d223cabaa72de3fb9a0620fc1b1d0ebbe9e0e8444641dcd42ef62b3ec1b peer=41
received getdata (1 invsz) peer=46
received getdata for: wtx 0e876d223cabaa72de3fb9a0620fc1b1d0ebbe9e0e8444641dcd42ef62b3ec1b peer=46
received getdata (1 invsz) peer=43
received getdata for: wtx 0e876d223cabaa72de3fb9a0620fc1b1d0ebbe9e0e8444641dcd42ef62b3ec1b peer=43
received getdata (2 invsz) peer=10
received getdata for: witness-tx 1cbba35a77217675fa2ced4d6361a00017c4bc1a2ced5c3fde0c225437bc6908 peer=10
received getdata (2 invsz) peer=63
received getdata for: witness-tx 1cbba35a77217675fa2ced4d6361a00017c4bc1a2ced5c3fde0c225437bc6908 peer=63
received getdata (1 invsz) peer=7
received getdata for: cmpctblock 00000000004ac8bf39e56afc1038d67ab53c1b3c2709acee46f32de17a05d9d0 peer=7
received getdata (1 invsz) peer=7
received getdata for: witness-block 00000000004ac8bf39e56afc1038d67ab53c1b3c2709acee46f32de17a05d9d0 peer=7
received getdata (1 invsz) peer=5
received getdata for: wtx 43a24a6586cba6809518888f10a930bd4dce0b4dc75dd5988f7524f905a8dcd9 peer=5
received getdata (1 invsz) peer=9
received getdata for: wtx 43a24a6586cba6809518888f10a930bd4dce0b4dc75dd5988f7524f905a8dcd9 peer=9
received getdata (2 invsz) peer=28
received getdata for: witness-tx d6caf4cd6c075ce99ed8166ce4c711a976f6cf7d1faa2be561c32f2f81c92891 peer=28
received getdata (1 invsz) peer=9
received getdata for: wtx 7ccb9c69f81acc92a92ce19d1876bc10067b0acebd8b49e1c893a0c93aaab306 peer=9
received getdata (1 invsz) peer=28
received getdata for: witness-tx 0d8a03bfc2a1c8840f4d4a113f25f3bea6adc951030fbc36a08fea8bd56ccdf6 peer=28
received getdata (1 invsz) peer=18
received getdata for: wtx 0e43583c9e8327e882f71ed5f3cab2ce7c7243a9c54032c1c9dc2beca533bc43 peer=18
received getdata (1 invsz) peer=19
received getdata for: wtx 0e43583c9e8327e882f71ed5f3cab2ce7c7243a9c54032c1c9dc2beca533bc43 peer=19
received getdata (1 invsz) peer=12
received getdata for: wtx 0e43583c9e8327e882f71ed5f3cab2ce7c7243a9c54032c1c9dc2beca533bc43 peer=12
received getdata (1 invsz) peer=20
received getdata for: wtx 0e43583c9e8327e882f71ed5f3cab2ce7c7243a9c54032c1c9dc2beca533bc43 peer=20
received getdata (1 invsz) peer=23
received getdata for: wtx 0e43583c9e8327e882f71ed5f3cab2ce7c7243a9c54032c1c9dc2beca533bc43 peer=23
received getdata (1 invsz) peer=25
received getdata for: wtx 0e43583c9e8327e882f71ed5f3cab2ce7c7243a9c54032c1c9dc2beca533bc43 peer=25
received getdata (1 invsz) peer=14
received getdata for: wtx 0e43583c9e8327e882f71ed5f3cab2ce7c7243a9c54032c1c9dc2beca533bc43 peer=14
received getdata (1 invsz) peer=16
received getdata for: wtx 0e43583c9e8327e882f71ed5f3cab2ce7c7243a9c54032c1c9dc2beca533bc43 peer=16
received getdata (1 invsz) peer=26
received getdata for: wtx 0e43583c9e8327e882f71ed5f3cab2ce7c7243a9c54032c1c9dc2beca533bc43 peer=26
received getdata (1 invsz) peer=13
received getdata for: wtx 0e43583c9e8327e882f71ed5f3cab2ce7c7243a9c54032c1c9dc2beca533bc43 peer=13
received getdata (1 invsz) peer=7
received getdata for: wtx 0e43583c9e8327e882f71ed5f3cab2ce7c7243a9c54032c1c9dc2beca533bc43 peer=7
received getdata (1 invsz) peer=22
received getdata for: wtx 0e43583c9e8327e882f71ed5f3cab2ce7c7243a9c54032c1c9dc2beca533bc43 peer=22
received getdata (1 invsz) peer=17
received getdata for: wtx 0e43583c9e8327e882f71ed5f3cab2ce7c7243a9c54032c1c9dc2beca533bc43 peer=17
received getdata (1 invsz) peer=11
received getdata for: wtx 0e43583c9e8327e882f71ed5f3cab2ce7c7243a9c54032c1c9dc2beca533bc43 peer=11
received getdata (1 invsz) peer=9
received getdata for: wtx 0e43583c9e8327e882f71ed5f3cab2ce7c7243a9c54032c1c9dc2beca533bc43 peer=9
received getdata (1 invsz) peer=3
received getdata for: wtx 0e43583c9e8327e882f71ed5f3cab2ce7c7243a9c54032c1c9dc2beca533bc43 peer=3
received getdata (1 invsz) peer=5
received getdata for: wtx 0e43583c9e8327e882f71ed5f3cab2ce7c7243a9c54032c1c9dc2beca533bc43 peer=5
received getdata (1 invsz) peer=61
received getdata for: wtx 8c18b3c3839d2ab686e1cb7a4bbf80ab296edef878f571c0f0a4a16e3a66463c peer=61
received getdata (1 invsz) peer=59
received getdata for: wtx 8c18b3c3839d2ab686e1cb7a4bbf80ab296edef878f571c0f0a4a16e3a66463c peer=59
received getdata (1 invsz) peer=59
received getdata for: wtx 0d82a504dfcf04655b080c5dc1ed10e9ff5494228afca284a53b50e6f4236b5b peer=59
received getdata (1 invsz) peer=74
received getdata for: witness-tx 5a1d1e13031a1726bbc122da3c9e4579a89bb96c91c49480a9be57e88085e81e peer=74
received getdata (1 invsz) peer=111
received getdata for: cmpctblock 0000000000855514443b0fbad0f7b734908939bcf670a8ede7817b69f51a06dd peer=111
received getdata (1 invsz) peer=111
received getdata for: witness-block 0000000000855514443b0fbad0f7b734908939bcf670a8ede7817b69f51a06dd peer=111
received getdata (1 invsz) peer=114
received getdata for: wtx 9b1976b84eab9036b5e1571a626b6ca9656662cf70fb0a3f01d65e18a32e2ef6 peer=114
received getdata (2 invsz) peer=111
received getdata for: wtx 9b1976b84eab9036b5e1571a626b6ca9656662cf70fb0a3f01d65e18a32e2ef6 peer=111
received getdata (1 invsz) peer=119
received getdata for: witness-tx 6316d3514fcba60461234f9fdef7b096aa58df1dc586f19fc745bf9c4081cd9e peer=119
received getdata (1 invsz) peer=119
received getdata for: witness-tx abb6dbd45fc275aba4b1740cdd27873feec1267fda9ecec5c2b2ce93d566caa4 peer=119
received getdata (2 invsz) peer=109
received getdata for: witness-tx 6316d3514fcba60461234f9fdef7b096aa58df1dc586f19fc745bf9c4081cd9e peer=109
received getdata (1 invsz) peer=137
received getdata for: wtx 0dfc524fe0bb821ae61b32b8b2116ab6e1f8e5e598fa850c7a4a910ef17b7f42 peer=137
received getdata (1 invsz) peer=123
received getdata for: witness-tx 75b538ca55334e444930db90eadf3d2de47e4de7e826d4a50b0219d10a81a6b7 peer=123
received getdata (1 invsz) peer=140
received getdata for: wtx 0dfc524fe0bb821ae61b32b8b2116ab6e1f8e5e598fa850c7a4a910ef17b7f42 peer=140
received getdata (1 invsz) peer=144
received getdata for: wtx 0dfc524fe0bb821ae61b32b8b2116ab6e1f8e5e598fa850c7a4a910ef17b7f42 peer=144
received getdata (1 invsz) peer=163
received getdata for: wtx 0dfc524fe0bb821ae61b32b8b2116ab6e1f8e5e598fa850c7a4a910ef17b7f42 peer=163
received getdata (1 invsz) peer=160
received getdata for: wtx 0dfc524fe0bb821ae61b32b8b2116ab6e1f8e5e598fa850c7a4a910ef17b7f42 peer=160
received getdata (1 invsz) peer=130
received getdata for: wtx 0dfc524fe0bb821ae61b32b8b2116ab6e1f8e5e598fa850c7a4a910ef17b7f42 peer=130
received getdata (1 invsz) peer=138
received getdata for: wtx 0dfc524fe0bb821ae61b32b8b2116ab6e1f8e5e598fa850c7a4a910ef17b7f42 peer=138
received getdata (1 invsz) peer=127
received getdata for: wtx 0dfc524fe0bb821ae61b32b8b2116ab6e1f8e5e598fa850c7a4a910ef17b7f42 peer=127
received getdata (1 invsz) peer=162
received getdata for: wtx 0dfc524fe0bb821ae61b32b8b2116ab6e1f8e5e598fa850c7a4a910ef17b7f42 peer=162
received getdata (1 invsz) peer=142
received getdata for: wtx 0dfc524fe0bb821ae61b32b8b2116ab6e1f8e5e598fa850c7a4a910ef17b7f42 peer=142
received getdata (1 invsz) peer=143
received getdata for: wtx 0dfc524fe0bb821ae61b32b8b2116ab6e1f8e5e598fa850c7a4a910ef17b7f42 peer=143
received getdata (1 invsz) peer=135
received getdata for: wtx 0dfc524fe0bb821ae61b32b8b2116ab6e1f8e5e598fa850c7a4a910ef17b7f42 peer=135
received getdata (1 invsz) peer=132
received getdata for: wtx 0dfc524fe0bb821ae61b32b8b2116ab6e1f8e5e598fa850c7a4a910ef17b7f42 peer=132
received getdata (1 invsz) peer=141
received getdata for: wtx 0dfc524fe0bb821ae61b32b8b2116ab6e1f8e5e598fa850c7a4a910ef17b7f42 peer=141
received getdata (1 invsz) peer=129
received getdata for: wtx 0dfc524fe0bb821ae61b32b8b2116ab6e1f8e5e598fa850c7a4a910ef17b7f42 peer=129
received getdata (1 invsz) peer=139
received getdata for: wtx 0dfc524fe0bb821ae61b32b8b2116ab6e1f8e5e598fa850c7a4a910ef17b7f42 peer=139
received getdata (1 invsz) peer=118
received getdata for: wtx 0dfc524fe0bb821ae61b32b8b2116ab6e1f8e5e598fa850c7a4a910ef17b7f42 peer=118
received getdata (1 invsz) peer=131
received getdata for: wtx 0dfc524fe0bb821ae61b32b8b2116ab6e1f8e5e598fa850c7a4a910ef17b7f42 peer=131
received getdata (1 invsz) peer=128
received getdata for: wtx 0dfc524fe0bb821ae61b32b8b2116ab6e1f8e5e598fa850c7a4a910ef17b7f42 peer=128
received getdata (1 invsz) peer=159
received getdata for: wtx 0dfc524fe0bb821ae61b32b8b2116ab6e1f8e5e598fa850c7a4a910ef17b7f42 peer=159
received getdata (1 invsz) peer=136
received getdata for: wtx 0dfc524fe0bb821ae61b32b8b2116ab6e1f8e5e598fa850c7a4a910ef17b7f42 peer=136
received getdata (1 invsz) peer=145
received getdata for: wtx 0dfc524fe0bb821ae61b32b8b2116ab6e1f8e5e598fa850c7a4a910ef17b7f42 peer=145
received getdata (1 invsz) peer=112
received getdata for: wtx 0dfc524fe0bb821ae61b32b8b2116ab6e1f8e5e598fa850c7a4a910ef17b7f42 peer=112
received getdata (1 invsz) peer=119
received getdata for: wtx 0dfc524fe0bb821ae61b32b8b2116ab6e1f8e5e598fa850c7a4a910ef17b7f42 peer=119
received getdata (1 invsz) peer=106
received getdata for: wtx 0dfc524fe0bb821ae61b32b8b2116ab6e1f8e5e598fa850c7a4a910ef17b7f42 peer=106
received getdata (1 invsz) peer=146
received getdata for: wtx 0dfc524fe0bb821ae61b32b8b2116ab6e1f8e5e598fa850c7a4a910ef17b7f42 peer=146
received getdata (1 invsz) peer=134
received getdata for: wtx 0dfc524fe0bb821ae61b32b8b2116ab6e1f8e5e598fa850c7a4a910ef17b7f42 peer=134
received getdata (1 invsz) peer=113
received getdata for: wtx 0dfc524fe0bb821ae61b32b8b2116ab6e1f8e5e598fa850c7a4a910ef17b7f42 peer=113
received getdata (1 invsz) peer=114
received getdata for: wtx 0dfc524fe0bb821ae61b32b8b2116ab6e1f8e5e598fa850c7a4a910ef17b7f42 peer=114
received getdata (1 invsz) peer=158
received getdata for: wtx 0dfc524fe0bb821ae61b32b8b2116ab6e1f8e5e598fa850c7a4a910ef17b7f42 peer=158
received getdata (1 invsz) peer=108
received getdata for: wtx 0dfc524fe0bb821ae61b32b8b2116ab6e1f8e5e598fa850c7a4a910ef17b7f42 peer=108
received getdata (1 invsz) peer=111
received getdata for: wtx 0dfc524fe0bb821ae61b32b8b2116ab6e1f8e5e598fa850c7a4a910ef17b7f42 peer=111
received getdata (1 invsz) peer=123
received getdata for: witness-tx 81c552b53453576a5606c4105d95e550c77adcae382abac4adda7ab5bb497073 peer=123
received getdata (1 invsz) peer=137
received getdata for: wtx d2fa72510d1cba588b7028297bb5cba0da41d457c86f9c5bcfc7c4af209659fa peer=137
received getdata (1 invsz) peer=140
received getdata for: wtx d2fa72510d1cba588b7028297bb5cba0da41d457c86f9c5bcfc7c4af209659fa peer=140
received getdata (1 invsz) peer=163
received getdata for: wtx d2fa72510d1cba588b7028297bb5cba0da41d457c86f9c5bcfc7c4af209659fa peer=163
received getdata (1 invsz) peer=144
received getdata for: wtx d2fa72510d1cba588b7028297bb5cba0da41d457c86f9c5bcfc7c4af209659fa peer=144
received getdata (1 invsz) peer=160
received getdata for: wtx d2fa72510d1cba588b7028297bb5cba0da41d457c86f9c5bcfc7c4af209659fa peer=160
received getdata (1 invsz) peer=130
received getdata for: wtx d2fa72510d1cba588b7028297bb5cba0da41d457c86f9c5bcfc7c4af209659fa peer=130
received getdata (1 invsz) peer=127
received getdata for: wtx d2fa72510d1cba588b7028297bb5cba0da41d457c86f9c5bcfc7c4af209659fa peer=127
received getdata (1 invsz) peer=143
received getdata for: wtx d2fa72510d1cba588b7028297bb5cba0da41d457c86f9c5bcfc7c4af209659fa peer=143
received getdata (1 invsz) peer=162
received getdata for: wtx d2fa72510d1cba588b7028297bb5cba0da41d457c86f9c5bcfc7c4af209659fa peer=162
received getdata (1 invsz) peer=138
received getdata for: wtx d2fa72510d1cba588b7028297bb5cba0da41d457c86f9c5bcfc7c4af209659fa peer=138
received getdata (1 invsz) peer=132
received getdata for: wtx d2fa72510d1cba588b7028297bb5cba0da41d457c86f9c5bcfc7c4af209659fa peer=132
received getdata (1 invsz) peer=142
received getdata for: wtx d2fa72510d1cba588b7028297bb5cba0da41d457c86f9c5bcfc7c4af209659fa peer=142
received getdata (1 invsz) peer=135
received getdata for: wtx d2fa72510d1cba588b7028297bb5cba0da41d457c86f9c5bcfc7c4af209659fa peer=135
received getdata (1 invsz) peer=118
received getdata for: wtx d2fa72510d1cba588b7028297bb5cba0da41d457c86f9c5bcfc7c4af209659fa peer=118
received getdata (1 invsz) peer=139
received getdata for: wtx d2fa72510d1cba588b7028297bb5cba0da41d457c86f9c5bcfc7c4af209659fa peer=139
received getdata (1 invsz) peer=159
received getdata for: wtx d2fa72510d1cba588b7028297bb5cba0da41d457c86f9c5bcfc7c4af209659fa peer=159
received getdata (1 invsz) peer=136
received getdata for: wtx d2fa72510d1cba588b7028297bb5cba0da41d457c86f9c5bcfc7c4af209659fa peer=136
received getdata (1 invsz) peer=146
received getdata for: wtx d2fa72510d1cba588b7028297bb5cba0da41d457c86f9c5bcfc7c4af209659fa peer=146
received getdata (1 invsz) peer=131
received getdata for: wtx d2fa72510d1cba588b7028297bb5cba0da41d457c86f9c5bcfc7c4af209659fa peer=131
received getdata (1 invsz) peer=141
received getdata for: wtx d2fa72510d1cba588b7028297bb5cba0da41d457c86f9c5bcfc7c4af209659fa peer=141
received getdata (1 invsz) peer=119
received getdata for: wtx d2fa72510d1cba588b7028297bb5cba0da41d457c86f9c5bcfc7c4af209659fa peer=119
received getdata (1 invsz) peer=129
received getdata for: wtx d2fa72510d1cba588b7028297bb5cba0da41d457c86f9c5bcfc7c4af209659fa peer=129
received getdata (1 invsz) peer=134
received getdata for: wtx d2fa72510d1cba588b7028297bb5cba0da41d457c86f9c5bcfc7c4af209659fa peer=134
received getdata (1 invsz) peer=112
received getdata for: wtx d2fa72510d1cba588b7028297bb5cba0da41d457c86f9c5bcfc7c4af209659fa peer=112
received getdata (1 invsz) peer=111
received getdata for: wtx d2fa72510d1cba588b7028297bb5cba0da41d457c86f9c5bcfc7c4af209659fa peer=111
received getdata (1 invsz) peer=108
received getdata for: wtx d2fa72510d1cba588b7028297bb5cba0da41d457c86f9c5bcfc7c4af209659fa peer=108
received getdata (1 invsz) peer=145
received getdata for: wtx d2fa72510d1cba588b7028297bb5cba0da41d457c86f9c5bcfc7c4af209659fa peer=145
received getdata (1 invsz) peer=113
received getdata for: wtx d2fa72510d1cba588b7028297bb5cba0da41d457c86f9c5bcfc7c4af209659fa peer=113
received getdata (1 invsz) peer=158
received getdata for: wtx d2fa72510d1cba588b7028297bb5cba0da41d457c86f9c5bcfc7c4af209659fa peer=158
received getdata (1 invsz) peer=128
received getdata for: wtx d2fa72510d1cba588b7028297bb5cba0da41d457c86f9c5bcfc7c4af209659fa peer=128
received getdata (1 invsz) peer=106
received getdata for: wtx d2fa72510d1cba588b7028297bb5cba0da41d457c86f9c5bcfc7c4af209659fa peer=106
received getdata (1 invsz) peer=114
received getdata for: wtx d2fa72510d1cba588b7028297bb5cba0da41d457c86f9c5bcfc7c4af209659fa peer=114
received getdata (1 invsz) peer=167
received getdata for: wtx d2fa72510d1cba588b7028297bb5cba0da41d457c86f9c5bcfc7c4af209659fa peer=167
received getdata (1 invsz) peer=137
received getdata for: wtx 012c3766d766189480002ab592cfdd50885a4c905e5784c6f2f17b9d033e59b6 peer=137
received getdata (1 invsz) peer=140
received getdata for: wtx 012c3766d766189480002ab592cfdd50885a4c905e5784c6f2f17b9d033e59b6 peer=140
received getdata (1 invsz) peer=163
received getdata for: wtx 012c3766d766189480002ab592cfdd50885a4c905e5784c6f2f17b9d033e59b6 peer=163
received getdata (1 invsz) peer=144
received getdata for: wtx 012c3766d766189480002ab592cfdd50885a4c905e5784c6f2f17b9d033e59b6 peer=144
received getdata (1 invsz) peer=143
received getdata for: wtx 012c3766d766189480002ab592cfdd50885a4c905e5784c6f2f17b9d033e59b6 peer=143
received getdata (1 invsz) peer=146
received getdata for: wtx 012c3766d766189480002ab592cfdd50885a4c905e5784c6f2f17b9d033e59b6 peer=146
received getdata (1 invsz) peer=118
received getdata for: wtx 012c3766d766189480002ab592cfdd50885a4c905e5784c6f2f17b9d033e59b6 peer=118
received getdata (1 invsz) peer=138
received getdata for: wtx 012c3766d766189480002ab592cfdd50885a4c905e5784c6f2f17b9d033e59b6 peer=138
received getdata (1 invsz) peer=142
received getdata for: wtx 012c3766d766189480002ab592cfdd50885a4c905e5784c6f2f17b9d033e59b6 peer=142
received getdata (1 invsz) peer=127
received getdata for: wtx 012c3766d766189480002ab592cfdd50885a4c905e5784c6f2f17b9d033e59b6 peer=127
received getdata (1 invsz) peer=141
received getdata for: wtx 012c3766d766189480002ab592cfdd50885a4c905e5784c6f2f17b9d033e59b6 peer=141
received getdata (1 invsz) peer=134
received getdata for: wtx 012c3766d766189480002ab592cfdd50885a4c905e5784c6f2f17b9d033e59b6 peer=134
received getdata (1 invsz) peer=162
received getdata for: wtx 012c3766d766189480002ab592cfdd50885a4c905e5784c6f2f17b9d033e59b6 peer=162
received getdata (1 invsz) peer=135
received getdata for: wtx 012c3766d766189480002ab592cfdd50885a4c905e5784c6f2f17b9d033e59b6 peer=135
received getdata (1 invsz) peer=167
received getdata for: wtx 012c3766d766189480002ab592cfdd50885a4c905e5784c6f2f17b9d033e59b6 peer=167
received getdata (1 invsz) peer=131
received getdata for: wtx 012c3766d766189480002ab592cfdd50885a4c905e5784c6f2f17b9d033e59b6 peer=131
received getdata (1 invsz) peer=160
received getdata for: wtx 012c3766d766189480002ab592cfdd50885a4c905e5784c6f2f17b9d033e59b6 peer=160
received getdata (1 invsz) peer=145
received getdata for: wtx 012c3766d766189480002ab592cfdd50885a4c905e5784c6f2f17b9d033e59b6 peer=145
received getdata (1 invsz) peer=119
received getdata for: wtx 012c3766d766189480002ab592cfdd50885a4c905e5784c6f2f17b9d033e59b6 peer=119
received getdata (1 invsz) peer=112
received getdata for: wtx 012c3766d766189480002ab592cfdd50885a4c905e5784c6f2f17b9d033e59b6 peer=112
received getdata (1 invsz) peer=159
received getdata for: wtx 012c3766d766189480002ab592cfdd50885a4c905e5784c6f2f17b9d033e59b6 peer=159
received getdata (1 invsz) peer=158
received getdata for: wtx 012c3766d766189480002ab592cfdd50885a4c905e5784c6f2f17b9d033e59b6 peer=158
received getdata (1 invsz) peer=139
received getdata for: wtx 012c3766d766189480002ab592cfdd50885a4c905e5784c6f2f17b9d033e59b6 peer=139
received getdata (1 invsz) peer=136
received getdata for: wtx 012c3766d766189480002ab592cfdd50885a4c905e5784c6f2f17b9d033e59b6 peer=136
received getdata (1 invsz) peer=129
received getdata for: wtx 012c3766d766189480002ab592cfdd50885a4c905e5784c6f2f17b9d033e59b6 peer=129
received getdata (1 invsz) peer=130
received getdata for: wtx 012c3766d766189480002ab592cfdd50885a4c905e5784c6f2f17b9d033e59b6 peer=130
received getdata (1 invsz) peer=128
received getdata for: wtx 012c3766d766189480002ab592cfdd50885a4c905e5784c6f2f17b9d033e59b6 peer=128
received getdata (1 invsz) peer=172
received getdata for: wtx 012c3766d766189480002ab592cfdd50885a4c905e5784c6f2f17b9d033e59b6 peer=172
received getdata (1 invsz) peer=113
received getdata for: wtx 012c3766d766189480002ab592cfdd50885a4c905e5784c6f2f17b9d033e59b6 peer=113
received getdata (1 invsz) peer=108
received getdata for: wtx 012c3766d766189480002ab592cfdd50885a4c905e5784c6f2f17b9d033e59b6 peer=108
received getdata (1 invsz) peer=111
received getdata for: wtx 012c3766d766189480002ab592cfdd50885a4c905e5784c6f2f17b9d033e59b6 peer=111
received getdata (1 invsz) peer=106
received getdata for: wtx 012c3766d766189480002ab592cfdd50885a4c905e5784c6f2f17b9d033e59b6 peer=106
received getdata (1 invsz) peer=114
received getdata for: wtx 012c3766d766189480002ab592cfdd50885a4c905e5784c6f2f17b9d033e59b6 peer=114
received getdata (1 invsz) peer=203
received getdata for: cmpctblock 00000000008a65ae93f7bc35385fc4f5451c4b0a3d60547d8b50fe3f500a26bb peer=203
received getdata (1 invsz) peer=203
received getdata for: witness-block 00000000008a65ae93f7bc35385fc4f5451c4b0a3d60547d8b50fe3f500a26bb peer=203
received getdata (1 invsz) peer=123
received getdata for: witness-tx 7d7ae398d92755ebba8f9094ba861fc986d937081edeaae72376011da8152fba peer=123
received getdata (1 invsz) peer=123
received getdata for: witness-tx 77b2691f13645421528bb7b5b230bbda811dc5a8a469b0f5433e7c6a6a98ae13 peer=123
received getdata (1 invsz) peer=204
received getdata for: wtx f3b61cba1b2533fd19ee3d68bbac086bb53dbc725ee1b4e63592bb3fabe43a04 peer=204
received getdata (1 invsz) peer=223
received getdata for: wtx f3b61cba1b2533fd19ee3d68bbac086bb53dbc725ee1b4e63592bb3fabe43a04 peer=223
received getdata (1 invsz) peer=217
received getdata for: wtx f3b61cba1b2533fd19ee3d68bbac086bb53dbc725ee1b4e63592bb3fabe43a04 peer=217
received getdata (1 invsz) peer=199
received getdata for: wtx f3b61cba1b2533fd19ee3d68bbac086bb53dbc725ee1b4e63592bb3fabe43a04 peer=199
received getdata (1 invsz) peer=225
received getdata for: wtx f3b61cba1b2533fd19ee3d68bbac086bb53dbc725ee1b4e63592bb3fabe43a04 peer=225
received getdata (1 invsz) peer=195
received getdata for: wtx f3b61cba1b2533fd19ee3d68bbac086bb53dbc725ee1b4e63592bb3fabe43a04 peer=195
received getdata (1 invsz) peer=194
received getdata for: wtx f3b61cba1b2533fd19ee3d68bbac086bb53dbc725ee1b4e63592bb3fabe43a04 peer=194
received getdata (1 invsz) peer=211
received getdata for: wtx f3b61cba1b2533fd19ee3d68bbac086bb53dbc725ee1b4e63592bb3fabe43a04 peer=211
received getdata (1 invsz) peer=185
received getdata for: wtx f3b61cba1b2533fd19ee3d68bbac086bb53dbc725ee1b4e63592bb3fabe43a04 peer=185
received getdata (1 invsz) peer=189
received getdata for: wtx f3b61cba1b2533fd19ee3d68bbac086bb53dbc725ee1b4e63592bb3fabe43a04 peer=189
received getdata (1 invsz) peer=197
received getdata for: wtx f3b61cba1b2533fd19ee3d68bbac086bb53dbc725ee1b4e63592bb3fabe43a04 peer=197
received getdata (1 invsz) peer=190
received getdata for: wtx f3b61cba1b2533fd19ee3d68bbac086bb53dbc725ee1b4e63592bb3fabe43a04 peer=190
received getdata (1 invsz) peer=196
received getdata for: wtx f3b61cba1b2533fd19ee3d68bbac086bb53dbc725ee1b4e63592bb3fabe43a04 peer=196
received getdata (1 invsz) peer=183
received getdata for: wtx f3b61cba1b2533fd19ee3d68bbac086bb53dbc725ee1b4e63592bb3fabe43a04 peer=183
received getdata (1 invsz) peer=187
received getdata for: wtx f3b61cba1b2533fd19ee3d68bbac086bb53dbc725ee1b4e63592bb3fabe43a04 peer=187
received getdata (1 invsz) peer=205
received getdata for: wtx f3b61cba1b2533fd19ee3d68bbac086bb53dbc725ee1b4e63592bb3fabe43a04 peer=205
received getdata (1 invsz) peer=215
received getdata for: wtx f3b61cba1b2533fd19ee3d68bbac086bb53dbc725ee1b4e63592bb3fabe43a04 peer=215
received getdata (1 invsz) peer=186
received getdata for: wtx f3b61cba1b2533fd19ee3d68bbac086bb53dbc725ee1b4e63592bb3fabe43a04 peer=186
received getdata (1 invsz) peer=184
received getdata for: wtx f3b61cba1b2533fd19ee3d68bbac086bb53dbc725ee1b4e63592bb3fabe43a04 peer=184
received getdata (1 invsz) peer=188
received getdata for: wtx f3b61cba1b2533fd19ee3d68bbac086bb53dbc725ee1b4e63592bb3fabe43a04 peer=188
received getdata (1 invsz) peer=209
received getdata for: wtx f3b61cba1b2533fd19ee3d68bbac086bb53dbc725ee1b4e63592bb3fabe43a04 peer=209
received getdata (1 invsz) peer=219
received getdata for: wtx f3b61cba1b2533fd19ee3d68bbac086bb53dbc725ee1b4e63592bb3fabe43a04 peer=219
received getdata (1 invsz) peer=203
received getdata for: wtx f3b61cba1b2533fd19ee3d68bbac086bb53dbc725ee1b4e63592bb3fabe43a04 peer=203
received getdata (1 invsz) peer=178
received getdata for: wtx f3b61cba1b2533fd19ee3d68bbac086bb53dbc725ee1b4e63592bb3fabe43a04 peer=178
received getdata (1 invsz) peer=210
received getdata for: wtx f3b61cba1b2533fd19ee3d68bbac086bb53dbc725ee1b4e63592bb3fabe43a04 peer=210
received getdata (1 invsz) peer=174
received getdata for: wtx f3b61cba1b2533fd19ee3d68bbac086bb53dbc725ee1b4e63592bb3fabe43a04 peer=174
received getdata (1 invsz) peer=220
received getdata for: wtx f3b61cba1b2533fd19ee3d68bbac086bb53dbc725ee1b4e63592bb3fabe43a04 peer=220
received getdata (1 invsz) peer=179
received getdata for: wtx f3b61cba1b2533fd19ee3d68bbac086bb53dbc725ee1b4e63592bb3fabe43a04 peer=179
received getdata (1 invsz) peer=207
received getdata for: wtx f3b61cba1b2533fd19ee3d68bbac086bb53dbc725ee1b4e63592bb3fabe43a04 peer=207
received getdata (1 invsz) peer=182
received getdata for: wtx f3b61cba1b2533fd19ee3d68bbac086bb53dbc725ee1b4e63592bb3fabe43a04 peer=182
received getdata (1 invsz) peer=176
received getdata for: wtx f3b61cba1b2533fd19ee3d68bbac086bb53dbc725ee1b4e63592bb3fabe43a04 peer=176
received getdata (1 invsz) peer=208
received getdata for: wtx f3b61cba1b2533fd19ee3d68bbac086bb53dbc725ee1b4e63592bb3fabe43a04 peer=208
received getdata (1 invsz) peer=277
received getdata for: witness-block 0000000000456c5158a148c80f8a9af1c1782e74c5d6146adebfd939a3bcd7b9 peer=277
received getdata (1 invsz) peer=282
received getdata for: wtx 531b314bd16b732d7e19c3716770c88580857782329a6817be65aa7712bd2191 peer=282
received getdata (1 invsz) peer=304
received getdata for: wtx 531b314bd16b732d7e19c3716770c88580857782329a6817be65aa7712bd2191 peer=304
received getdata (1 invsz) peer=274
received getdata for: witness-tx 4f1bb6b791d45f21dcf68f8d16ca52ce007c132095c2178857b02ba91ea002c8 peer=274
received getdata (1 invsz) peer=265
received getdata for: wtx e212112d12d2983c728b29d19ce4be39a231ab02a8963ea99b68efdc012e3151 peer=265
received getdata (1 invsz) peer=30
received getdata for: cmpctblock 0000000000f268f47d7b892b85616d2cab49ead34a17ae9b8ae8d453c93aedeb peer=30
received getdata (1 invsz) peer=49
received getdata for: wtx 0cecf6bd33500dd79e04e40dc86373b9b67e139b5bd2a7b3102f8ec09926ba3c peer=49
received getdata (1 invsz) peer=36
received getdata for: wtx 0cecf6bd33500dd79e04e40dc86373b9b67e139b5bd2a7b3102f8ec09926ba3c peer=36
received getdata (1 invsz) peer=35
received getdata for: wtx 0cecf6bd33500dd79e04e40dc86373b9b67e139b5bd2a7b3102f8ec09926ba3c peer=35
received getdata (1 invsz) peer=20
received getdata for: wtx 0cecf6bd33500dd79e04e40dc86373b9b67e139b5bd2a7b3102f8ec09926ba3c peer=20
received getdata (1 invsz) peer=10
received getdata for: wtx 0cecf6bd33500dd79e04e40dc86373b9b67e139b5bd2a7b3102f8ec09926ba3c peer=10
received getdata (1 invsz) peer=4
received getdata for: wtx 0cecf6bd33500dd79e04e40dc86373b9b67e139b5bd2a7b3102f8ec09926ba3c peer=4
received getdata (1 invsz) peer=19
received getdata for: wtx 0cecf6bd33500dd79e04e40dc86373b9b67e139b5bd2a7b3102f8ec09926ba3c peer=19
received getdata (1 invsz) peer=39
received getdata for: wtx 0cecf6bd33500dd79e04e40dc86373b9b67e139b5bd2a7b3102f8ec09926ba3c peer=39
received getdata (1 invsz) peer=13
received getdata for: wtx 0cecf6bd33500dd79e04e40dc86373b9b67e139b5bd2a7b3102f8ec09926ba3c peer=13
received getdata (1 invsz) peer=12
received getdata for: wtx 0cecf6bd33500dd79e04e40dc86373b9b67e139b5bd2a7b3102f8ec09926ba3c peer=12
received getdata (1 invsz) peer=14
received getdata for: wtx 0cecf6bd33500dd79e04e40dc86373b9b67e139b5bd2a7b3102f8ec09926ba3c peer=14
received getdata (1 invsz) peer=28
received getdata for: wtx 0cecf6bd33500dd79e04e40dc86373b9b67e139b5bd2a7b3102f8ec09926ba3c peer=28
received getdata (1 invsz) peer=11
received getdata for: wtx 0cecf6bd33500dd79e04e40dc86373b9b67e139b5bd2a7b3102f8ec09926ba3c peer=11
received getdata (1 invsz) peer=26
received getdata for: wtx 0cecf6bd33500dd79e04e40dc86373b9b67e139b5bd2a7b3102f8ec09926ba3c peer=26
received getdata (1 invsz) peer=18
received getdata for: wtx 0cecf6bd33500dd79e04e40dc86373b9b67e139b5bd2a7b3102f8ec09926ba3c peer=18
received getdata (1 invsz) peer=27
received getdata for: wtx 0cecf6bd33500dd79e04e40dc86373b9b67e139b5bd2a7b3102f8ec09926ba3c peer=27
received getdata (1 invsz) peer=16
received getdata for: wtx 0cecf6bd33500dd79e04e40dc86373b9b67e139b5bd2a7b3102f8ec09926ba3c peer=16
received getdata (1 invsz) peer=33
received getdata for: wtx 0cecf6bd33500dd79e04e40dc86373b9b67e139b5bd2a7b3102f8ec09926ba3c peer=33
received getdata (1 invsz) peer=21
received getdata for: wtx 0cecf6bd33500dd79e04e40dc86373b9b67e139b5bd2a7b3102f8ec09926ba3c peer=21
received getdata (1 invsz) peer=24
received getdata for: wtx 0cecf6bd33500dd79e04e40dc86373b9b67e139b5bd2a7b3102f8ec09926ba3c peer=24
received getdata (1 invsz) peer=23
received getdata for: wtx 0cecf6bd33500dd79e04e40dc86373b9b67e139b5bd2a7b3102f8ec09926ba3c peer=23
received getdata (1 invsz) peer=29
received getdata for: wtx 0cecf6bd33500dd79e04e40dc86373b9b67e139b5bd2a7b3102f8ec09926ba3c peer=29
received getdata (1 invsz) peer=17
received getdata for: wtx 0cecf6bd33500dd79e04e40dc86373b9b67e139b5bd2a7b3102f8ec09926ba3c peer=17
received getdata (1 invsz) peer=34
received getdata for: wtx 0cecf6bd33500dd79e04e40dc86373b9b67e139b5bd2a7b3102f8ec09926ba3c peer=34
received getdata (1 invsz) peer=40
received getdata for: wtx 0cecf6bd33500dd79e04e40dc86373b9b67e139b5bd2a7b3102f8ec09926ba3c peer=40
received getdata (1 invsz) peer=30
received getdata for: wtx 0cecf6bd33500dd79e04e40dc86373b9b67e139b5bd2a7b3102f8ec09926ba3c peer=30
received getdata (1 invsz) peer=37
received getdata for: wtx 0cecf6bd33500dd79e04e40dc86373b9b67e139b5bd2a7b3102f8ec09926ba3c peer=37
received getdata (1 invsz) peer=31
received getdata for: wtx 0cecf6bd33500dd79e04e40dc86373b9b67e139b5bd2a7b3102f8ec09926ba3c peer=31
received getdata (1 invsz) peer=25
received getdata for: wtx 0cecf6bd33500dd79e04e40dc86373b9b67e139b5bd2a7b3102f8ec09926ba3c peer=25
received getdata (1 invsz) peer=40
received getdata for: wtx 023915dea04d0be21d43e2ff8ae939da642aa0c7da91815ef969178948fa9b1d peer=40
received getdata (1 invsz) peer=64
received getdata for: wtx d75740b4298c851404df58f3f90c06c60674a8e8f967d0e9b613025c34810202 peer=64
received getdata (1 invsz) peer=64
received getdata for: wtx 744a7c9abd369ddb90c7f46786ed6c652263f13cb1040694cdc5b658d1da86a7 peer=64
received getdata (1 invsz) peer=95
received getdata for: wtx 283357806453fa207481220fdd2bac01e2c5cc6b955b47d409d4d193fcce438f peer=95
received getdata (1 invsz) peer=113
received getdata for: wtx 76911d77e33dd42be1a8fb95fcd870178e84e42af1bf0cc71dbff67333189aa6 peer=113
received getdata (1 invsz) peer=105
received getdata for: wtx 3fe5bc693125bfd0fa53fb01373b06fa405371b3564eacf9254dbb0fcd75a2d7 peer=105
received getdata (1 invsz) peer=110
received getdata for: wtx 2d72982f5f0589c6d8c856da340b1b54839d5c3763a1a35378995d3462feeddf peer=110
received getdata (1 invsz) peer=110
received getdata for: wtx 8e7773683758bf6e4fd03ad963d30c7f6ddc4546f25216ca58baa57693883dd1 peer=110
received getdata (1 invsz) peer=110
received getdata for: wtx 0640ec5b2d45d842a5b7235741e5e19931db5b91179df34f4cb4a945700144ab peer=110
received getdata (1 invsz) peer=117
received getdata for: wtx 0b157067a61278c5351e446504865c9cc08c410b71ed174cbbf9040f13517b77 peer=117
received getdata (1 invsz) peer=110
received getdata for: wtx 623a36b8e7d187a076c837b5f08c3ff28a6dedd27bc3fb6c9c8542f36688bc8a peer=110
received getdata (1 invsz) peer=119
received getdata for: cmpctblock 00000000008cf1eb48fba2be897893868f260e8cafbbe06336a1ff4f6822b6e7 peer=119
received getdata (1 invsz) peer=119
received getdata for: witness-block 00000000008cf1eb48fba2be897893868f260e8cafbbe06336a1ff4f6822b6e7 peer=119
received getdata (1 invsz) peer=150
received getdata for: cmpctblock 00000000008cf1eb48fba2be897893868f260e8cafbbe06336a1ff4f6822b6e7 peer=150
received getdata (1 invsz) peer=110
received getdata for: wtx cb27ff83fc8e1084bb4d6f5a7e229206020f8e35f6c90de53312bb427e2ae6e3 peer=110
received getdata (1 invsz) peer=151
received getdata for: cmpctblock 00000000008cf1eb48fba2be897893868f260e8cafbbe06336a1ff4f6822b6e7 peer=151
received getdata (1 invsz) peer=110
received getdata for: wtx 3ebe1a0b86b92e746a02b411854205beb6a5f33a0667c75fb4566351aa34f75e peer=110
received getdata (2 invsz) peer=110
received getdata for: wtx b26d6353b0ce8c4214f0a01067d8a9fb5c1869f67a5b7d86da22b2a955191ae0 peer=110
received getdata (1 invsz) peer=110
received getdata for: wtx a667f174fa550a3af768e47fa20a22d0021d0653c3ffa29816aa3822041d31d4 peer=110
received getdata (1 invsz) peer=110
received getdata for: wtx bc6da6f1f2ed4c0d73d0934ed45a6e21568893554fe938b719d8e02bf054672e peer=110
received getdata (1 invsz) peer=110
received getdata for: wtx 349e1eb8af0def382eefdb82b93f835e85ee396a515c288e0390b0afff5eac25 peer=110
received getdata (1 invsz) peer=133
received getdata for: wtx fb19ac1b05a5058bfb64c73da2f98b69a9d089ef5c713c6e7a98faa6345b9686 peer=133
received getdata (1 invsz) peer=148
received getdata for: wtx 8ca10b8119371a6f2422eb9201de5e1774d775ac036928d8b25ead2511050202 peer=148
received getdata (1 invsz) peer=105
received getdata for: wtx 98643eef81f8d80d813a726f67634370069064b7a10c4f9115d514c17fb1f71e peer=105
received getdata (1 invsz) peer=182
received getdata for: wtx 98643eef81f8d80d813a726f67634370069064b7a10c4f9115d514c17fb1f71e peer=182
received getdata (1 invsz) peer=181
received getdata for: wtx 98643eef81f8d80d813a726f67634370069064b7a10c4f9115d514c17fb1f71e peer=181
received getdata (1 invsz) peer=179
received getdata for: wtx 98643eef81f8d80d813a726f67634370069064b7a10c4f9115d514c17fb1f71e peer=179
received getdata (1 invsz) peer=159
received getdata for: wtx 98643eef81f8d80d813a726f67634370069064b7a10c4f9115d514c17fb1f71e peer=159
received getdata (1 invsz) peer=170
received getdata for: wtx 98643eef81f8d80d813a726f67634370069064b7a10c4f9115d514c17fb1f71e peer=170
received getdata (1 invsz) peer=143
received getdata for: wtx 98643eef81f8d80d813a726f67634370069064b7a10c4f9115d514c17fb1f71e peer=143
received getdata (1 invsz) peer=164
received getdata for: wtx 98643eef81f8d80d813a726f67634370069064b7a10c4f9115d514c17fb1f71e peer=164
received getdata (1 invsz) peer=103
received getdata for: wtx 98643eef81f8d80d813a726f67634370069064b7a10c4f9115d514c17fb1f71e peer=103
received getdata (1 invsz) peer=124
received getdata for: wtx 98643eef81f8d80d813a726f67634370069064b7a10c4f9115d514c17fb1f71e peer=124
received getdata (1 invsz) peer=162
received getdata for: wtx 98643eef81f8d80d813a726f67634370069064b7a10c4f9115d514c17fb1f71e peer=162
received getdata (1 invsz) peer=178
received getdata for: wtx 98643eef81f8d80d813a726f67634370069064b7a10c4f9115d514c17fb1f71e peer=178
received getdata (1 invsz) peer=160
received getdata for: wtx 98643eef81f8d80d813a726f67634370069064b7a10c4f9115d514c17fb1f71e peer=160
received getdata (1 invsz) peer=106
received getdata for: wtx 98643eef81f8d80d813a726f67634370069064b7a10c4f9115d514c17fb1f71e peer=106
received getdata (1 invsz) peer=177
received getdata for: wtx 98643eef81f8d80d813a726f67634370069064b7a10c4f9115d514c17fb1f71e peer=177
received getdata (1 invsz) peer=175
received getdata for: wtx 98643eef81f8d80d813a726f67634370069064b7a10c4f9115d514c17fb1f71e peer=175
received getdata (1 invsz) peer=147
received getdata for: wtx 98643eef81f8d80d813a726f67634370069064b7a10c4f9115d514c17fb1f71e peer=147
received getdata (1 invsz) peer=101
received getdata for: wtx 98643eef81f8d80d813a726f67634370069064b7a10c4f9115d514c17fb1f71e peer=101
received getdata (1 invsz) peer=176
received getdata for: wtx 98643eef81f8d80d813a726f67634370069064b7a10c4f9115d514c17fb1f71e peer=176
received getdata (1 invsz) peer=163
received getdata for: wtx 98643eef81f8d80d813a726f67634370069064b7a10c4f9115d514c17fb1f71e peer=163
received getdata (1 invsz) peer=166
received getdata for: wtx 98643eef81f8d80d813a726f67634370069064b7a10c4f9115d514c17fb1f71e peer=166
received getdata (1 invsz) peer=172
received getdata for: wtx 98643eef81f8d80d813a726f67634370069064b7a10c4f9115d514c17fb1f71e peer=172
received getdata (1 invsz) peer=173
received getdata for: wtx 98643eef81f8d80d813a726f67634370069064b7a10c4f9115d514c17fb1f71e peer=173
received getdata (1 invsz) peer=171
received getdata for: wtx 98643eef81f8d80d813a726f67634370069064b7a10c4f9115d514c17fb1f71e peer=171
received getdata (1 invsz) peer=161
received getdata for: wtx 98643eef81f8d80d813a726f67634370069064b7a10c4f9115d514c17fb1f71e peer=161
received getdata (1 invsz) peer=165
received getdata for: wtx 98643eef81f8d80d813a726f67634370069064b7a10c4f9115d514c17fb1f71e peer=165
received getdata (1 invsz) peer=113
received getdata for: wtx 98643eef81f8d80d813a726f67634370069064b7a10c4f9115d514c17fb1f71e peer=113
received getdata (1 invsz) peer=158
received getdata for: wtx 98643eef81f8d80d813a726f67634370069064b7a10c4f9115d514c17fb1f71e peer=158
received getdata (1 invsz) peer=125
received getdata for: wtx 98643eef81f8d80d813a726f67634370069064b7a10c4f9115d514c17fb1f71e peer=125
received getdata (1 invsz) peer=151
received getdata for: wtx 98643eef81f8d80d813a726f67634370069064b7a10c4f9115d514c17fb1f71e peer=151
received getdata (1 invsz) peer=150
received getdata for: wtx 98643eef81f8d80d813a726f67634370069064b7a10c4f9115d514c17fb1f71e peer=150
received getdata (1 invsz) peer=168
received getdata for: wtx 98643eef81f8d80d813a726f67634370069064b7a10c4f9115d514c17fb1f71e peer=168
received getdata (1 invsz) peer=129
received getdata for: wtx 98643eef81f8d80d813a726f67634370069064b7a10c4f9115d514c17fb1f71e peer=129
received getdata (1 invsz) peer=191
received getdata for: wtx 5b1cfb502f044a01d058fe2e4984b77976d2633b53d94fbcbab5f328a54d4f16 peer=191
received getdata (1 invsz) peer=222
received getdata for: wtx 5b1cfb502f044a01d058fe2e4984b77976d2633b53d94fbcbab5f328a54d4f16 peer=222
received getdata (1 invsz) peer=223
received getdata for: wtx 5b1cfb502f044a01d058fe2e4984b77976d2633b53d94fbcbab5f328a54d4f16 peer=223
received getdata (1 invsz) peer=221
received getdata for: wtx 5b1cfb502f044a01d058fe2e4984b77976d2633b53d94fbcbab5f328a54d4f16 peer=221
received getdata (1 invsz) peer=195
received getdata for: wtx 5b1cfb502f044a01d058fe2e4984b77976d2633b53d94fbcbab5f328a54d4f16 peer=195
received getdata (1 invsz) peer=204
received getdata for: wtx 5b1cfb502f044a01d058fe2e4984b77976d2633b53d94fbcbab5f328a54d4f16 peer=204
received getdata (1 invsz) peer=190
received getdata for: wtx 5b1cfb502f044a01d058fe2e4984b77976d2633b53d94fbcbab5f328a54d4f16 peer=190
received getdata (1 invsz) peer=227
received getdata for: wtx 5b1cfb502f044a01d058fe2e4984b77976d2633b53d94fbcbab5f328a54d4f16 peer=227
received getdata (1 invsz) peer=203
received getdata for: wtx 5b1cfb502f044a01d058fe2e4984b77976d2633b53d94fbcbab5f328a54d4f16 peer=203
received getdata (1 invsz) peer=202
received getdata for: wtx 5b1cfb502f044a01d058fe2e4984b77976d2633b53d94fbcbab5f328a54d4f16 peer=202
received getdata (1 invsz) peer=206
received getdata for: wtx 5b1cfb502f044a01d058fe2e4984b77976d2633b53d94fbcbab5f328a54d4f16 peer=206
received getdata (1 invsz) peer=210
received getdata for: wtx 5b1cfb502f044a01d058fe2e4984b77976d2633b53d94fbcbab5f328a54d4f16 peer=210
received getdata (1 invsz) peer=192
received getdata for: wtx 5b1cfb502f044a01d058fe2e4984b77976d2633b53d94fbcbab5f328a54d4f16 peer=192
received getdata (1 invsz) peer=207
received getdata for: wtx 5b1cfb502f044a01d058fe2e4984b77976d2633b53d94fbcbab5f328a54d4f16 peer=207
received getdata (1 invsz) peer=225
received getdata for: wtx 5b1cfb502f044a01d058fe2e4984b77976d2633b53d94fbcbab5f328a54d4f16 peer=225
received getdata (1 invsz) peer=189
received getdata for: wtx 5b1cfb502f044a01d058fe2e4984b77976d2633b53d94fbcbab5f328a54d4f16 peer=189
received getdata (1 invsz) peer=213
received getdata for: wtx 5b1cfb502f044a01d058fe2e4984b77976d2633b53d94fbcbab5f328a54d4f16 peer=213
received getdata (1 invsz) peer=220
received getdata for: wtx 5b1cfb502f044a01d058fe2e4984b77976d2633b53d94fbcbab5f328a54d4f16 peer=220
received getdata (1 invsz) peer=217
received getdata for: wtx 5b1cfb502f044a01d058fe2e4984b77976d2633b53d94fbcbab5f328a54d4f16 peer=217
received getdata (1 invsz) peer=197
received getdata for: wtx 5b1cfb502f044a01d058fe2e4984b77976d2633b53d94fbcbab5f328a54d4f16 peer=197
received getdata (1 invsz) peer=209
received getdata for: wtx 5b1cfb502f044a01d058fe2e4984b77976d2633b53d94fbcbab5f328a54d4f16 peer=209
received getdata (1 invsz) peer=214
received getdata for: wtx 5b1cfb502f044a01d058fe2e4984b77976d2633b53d94fbcbab5f328a54d4f16 peer=214
received getdata (1 invsz) peer=215
received getdata for: wtx 5b1cfb502f044a01d058fe2e4984b77976d2633b53d94fbcbab5f328a54d4f16 peer=215
received getdata (1 invsz) peer=205
received getdata for: wtx 5b1cfb502f044a01d058fe2e4984b77976d2633b53d94fbcbab5f328a54d4f16 peer=205
received getdata (1 invsz) peer=194
received getdata for: wtx 5b1cfb502f044a01d058fe2e4984b77976d2633b53d94fbcbab5f328a54d4f16 peer=194
received getdata (1 invsz) peer=185
received getdata for: wtx 5b1cfb502f044a01d058fe2e4984b77976d2633b53d94fbcbab5f328a54d4f16 peer=185
received getdata (1 invsz) peer=199
received getdata for: wtx 5b1cfb502f044a01d058fe2e4984b77976d2633b53d94fbcbab5f328a54d4f16 peer=199
received getdata (1 invsz) peer=200
received getdata for: wtx 5b1cfb502f044a01d058fe2e4984b77976d2633b53d94fbcbab5f328a54d4f16 peer=200
received getdata (1 invsz) peer=201
received getdata for: wtx 5b1cfb502f044a01d058fe2e4984b77976d2633b53d94fbcbab5f328a54d4f16 peer=201
received getdata (1 invsz) peer=193
received getdata for: wtx 5b1cfb502f044a01d058fe2e4984b77976d2633b53d94fbcbab5f328a54d4f16 peer=193
received getdata (1 invsz) peer=216
received getdata for: wtx 5b1cfb502f044a01d058fe2e4984b77976d2633b53d94fbcbab5f328a54d4f16 peer=216
received getdata (1 invsz) peer=196
received getdata for: wtx 5b1cfb502f044a01d058fe2e4984b77976d2633b53d94fbcbab5f328a54d4f16 peer=196
received getdata (1 invsz) peer=219
received getdata for: wtx 5b1cfb502f044a01d058fe2e4984b77976d2633b53d94fbcbab5f328a54d4f16 peer=219
received getdata (1 invsz) peer=233
received getdata for: cmpctblock 0000000000ddad72be8d218640359d041547f118f0e3653b7e31f67ca6609fe1 peer=233
received getdata (1 invsz) peer=233
received getdata for: witness-block 0000000000ddad72be8d218640359d041547f118f0e3653b7e31f67ca6609fe1 peer=233
received getdata (1 invsz) peer=238
received getdata for: cmpctblock 0000000000ddad72be8d218640359d041547f118f0e3653b7e31f67ca6609fe1 peer=238
received getdata (1 invsz) peer=238
received getdata for: witness-block 0000000000ddad72be8d218640359d041547f118f0e3653b7e31f67ca6609fe1 peer=238
received getdata (1 invsz) peer=264
received getdata for: wtx f9e87d0027b6a052d8ee908bb5cbf28d038c52902d1b02087679132a76641e4d peer=264
received getdata (1 invsz) peer=230
received getdata for: wtx f9e87d0027b6a052d8ee908bb5cbf28d038c52902d1b02087679132a76641e4d peer=230
received getdata (1 invsz) peer=266
received getdata for: wtx f9e87d0027b6a052d8ee908bb5cbf28d038c52902d1b02087679132a76641e4d peer=266
received getdata (1 invsz) peer=265
received getdata for: wtx f9e87d0027b6a052d8ee908bb5cbf28d038c52902d1b02087679132a76641e4d peer=265
received getdata (1 invsz) peer=246
received getdata for: wtx f9e87d0027b6a052d8ee908bb5cbf28d038c52902d1b02087679132a76641e4d peer=246
received getdata (1 invsz) peer=253
received getdata for: wtx f9e87d0027b6a052d8ee908bb5cbf28d038c52902d1b02087679132a76641e4d peer=253
received getdata (1 invsz) peer=240
received getdata for: wtx f9e87d0027b6a052d8ee908bb5cbf28d038c52902d1b02087679132a76641e4d peer=240
received getdata (1 invsz) peer=263
received getdata for: wtx f9e87d0027b6a052d8ee908bb5cbf28d038c52902d1b02087679132a76641e4d peer=263
received getdata (1 invsz) peer=249
received getdata for: wtx f9e87d0027b6a052d8ee908bb5cbf28d038c52902d1b02087679132a76641e4d peer=249
received getdata (1 invsz) peer=245
received getdata for: wtx f9e87d0027b6a052d8ee908bb5cbf28d038c52902d1b02087679132a76641e4d peer=245
received getdata (1 invsz) peer=255
received getdata for: wtx f9e87d0027b6a052d8ee908bb5cbf28d038c52902d1b02087679132a76641e4d peer=255
received getdata (1 invsz) peer=260
received getdata for: wtx f9e87d0027b6a052d8ee908bb5cbf28d038c52902d1b02087679132a76641e4d peer=260
received getdata (1 invsz) peer=261
received getdata for: wtx f9e87d0027b6a052d8ee908bb5cbf28d038c52902d1b02087679132a76641e4d peer=261
received getdata (1 invsz) peer=268
received getdata for: wtx f9e87d0027b6a052d8ee908bb5cbf28d038c52902d1b02087679132a76641e4d peer=268
received getdata (1 invsz) peer=239
received getdata for: wtx f9e87d0027b6a052d8ee908bb5cbf28d038c52902d1b02087679132a76641e4d peer=239
received getdata (1 invsz) peer=229
received getdata for: wtx f9e87d0027b6a052d8ee908bb5cbf28d038c52902d1b02087679132a76641e4d peer=229
received getdata (1 invsz) peer=242
received getdata for: wtx f9e87d0027b6a052d8ee908bb5cbf28d038c52902d1b02087679132a76641e4d peer=242
received getdata (1 invsz) peer=251
received getdata for: wtx f9e87d0027b6a052d8ee908bb5cbf28d038c52902d1b02087679132a76641e4d peer=251
received getdata (1 invsz) peer=231
received getdata for: wtx f9e87d0027b6a052d8ee908bb5cbf28d038c52902d1b02087679132a76641e4d peer=231
received getdata (1 invsz) peer=244
received getdata for: wtx f9e87d0027b6a052d8ee908bb5cbf28d038c52902d1b02087679132a76641e4d peer=244
received getdata (1 invsz) peer=247
received getdata for: wtx f9e87d0027b6a052d8ee908bb5cbf28d038c52902d1b02087679132a76641e4d peer=247
received getdata (1 invsz) peer=243
received getdata for: wtx f9e87d0027b6a052d8ee908bb5cbf28d038c52902d1b02087679132a76641e4d peer=243
received getdata (1 invsz) peer=248
received getdata for: wtx f9e87d0027b6a052d8ee908bb5cbf28d038c52902d1b02087679132a76641e4d peer=248
received getdata (1 invsz) peer=262
received getdata for: wtx f9e87d0027b6a052d8ee908bb5cbf28d038c52902d1b02087679132a76641e4d peer=262
received getdata (1 invsz) peer=259
received getdata for: wtx f9e87d0027b6a052d8ee908bb5cbf28d038c52902d1b02087679132a76641e4d peer=259
received getdata (1 invsz) peer=254
received getdata for: wtx f9e87d0027b6a052d8ee908bb5cbf28d038c52902d1b02087679132a76641e4d peer=254
received getdata (1 invsz) peer=258
received getdata for: wtx f9e87d0027b6a052d8ee908bb5cbf28d038c52902d1b02087679132a76641e4d peer=258
received getdata (1 invsz) peer=236
received getdata for: wtx f9e87d0027b6a052d8ee908bb5cbf28d038c52902d1b02087679132a76641e4d peer=236
received getdata (1 invsz) peer=232
received getdata for: wtx f9e87d0027b6a052d8ee908bb5cbf28d038c52902d1b02087679132a76641e4d peer=232
received getdata (1 invsz) peer=257
received getdata for: wtx f9e87d0027b6a052d8ee908bb5cbf28d038c52902d1b02087679132a76641e4d peer=257
received getdata (1 invsz) peer=233
received getdata for: wtx f9e87d0027b6a052d8ee908bb5cbf28d038c52902d1b02087679132a76641e4d peer=233
received getdata (1 invsz) peer=241
received getdata for: wtx f9e87d0027b6a052d8ee908bb5cbf28d038c52902d1b02087679132a76641e4d peer=241
received getdata (1 invsz) peer=238
received getdata for: wtx f9e87d0027b6a052d8ee908bb5cbf28d038c52902d1b02087679132a76641e4d peer=238
received getdata (1 invsz) peer=243
received getdata for: witness-tx 355f994555bc5912e370b64af25c17530b324adecff3f492c958a56b4ba1d514 peer=243
received getdata (1 invsz) peer=248
received getdata for: witness-tx 355f994555bc5912e370b64af25c17530b324adecff3f492c958a56b4ba1d514 peer=248
received getdata (1 invsz) peer=247
received getdata for: witness-tx 355f994555bc5912e370b64af25c17530b324adecff3f492c958a56b4ba1d514 peer=247
received getdata (1 invsz) peer=230
received getdata for: wtx 0e817115d92478e28f4b19fa7a37476fc84f19a6717fb0e03e93083d34de9e23 peer=230
received getdata (1 invsz) peer=266
received getdata for: wtx 0e817115d92478e28f4b19fa7a37476fc84f19a6717fb0e03e93083d34de9e23 peer=266
received getdata (1 invsz) peer=265
received getdata for: wtx 0e817115d92478e28f4b19fa7a37476fc84f19a6717fb0e03e93083d34de9e23 peer=265
received getdata (1 invsz) peer=264
received getdata for: wtx 0e817115d92478e28f4b19fa7a37476fc84f19a6717fb0e03e93083d34de9e23 peer=264
received getdata (1 invsz) peer=242
received getdata for: wtx 0e817115d92478e28f4b19fa7a37476fc84f19a6717fb0e03e93083d34de9e23 peer=242
received getdata (1 invsz) peer=254
received getdata for: wtx 0e817115d92478e28f4b19fa7a37476fc84f19a6717fb0e03e93083d34de9e23 peer=254
received getdata (1 invsz) peer=239
received getdata for: wtx 0e817115d92478e28f4b19fa7a37476fc84f19a6717fb0e03e93083d34de9e23 peer=239
received getdata (1 invsz) peer=229
received getdata for: wtx 0e817115d92478e28f4b19fa7a37476fc84f19a6717fb0e03e93083d34de9e23 peer=229
received getdata (1 invsz) peer=248
received getdata for: wtx 0e817115d92478e28f4b19fa7a37476fc84f19a6717fb0e03e93083d34de9e23 peer=248
received getdata (1 invsz) peer=231
received getdata for: wtx 0e817115d92478e28f4b19fa7a37476fc84f19a6717fb0e03e93083d34de9e23 peer=231
received getdata (1 invsz) peer=259
received getdata for: wtx 0e817115d92478e28f4b19fa7a37476fc84f19a6717fb0e03e93083d34de9e23 peer=259
received getdata (1 invsz) peer=258
received getdata for: wtx 0e817115d92478e28f4b19fa7a37476fc84f19a6717fb0e03e93083d34de9e23 peer=258
received getdata (1 invsz) peer=245
received getdata for: wtx 0e817115d92478e28f4b19fa7a37476fc84f19a6717fb0e03e93083d34de9e23 peer=245
received getdata (1 invsz) peer=246
received getdata for: wtx 0e817115d92478e28f4b19fa7a37476fc84f19a6717fb0e03e93083d34de9e23 peer=246
received getdata (1 invsz) peer=260
received getdata for: wtx 0e817115d92478e28f4b19fa7a37476fc84f19a6717fb0e03e93083d34de9e23 peer=260
received getdata (1 invsz) peer=244
received getdata for: wtx 0e817115d92478e28f4b19fa7a37476fc84f19a6717fb0e03e93083d34de9e23 peer=244
received getdata (1 invsz) peer=247
received getdata for: wtx 0e817115d92478e28f4b19fa7a37476fc84f19a6717fb0e03e93083d34de9e23 peer=247
received getdata (1 invsz) peer=240
received getdata for: wtx 0e817115d92478e28f4b19fa7a37476fc84f19a6717fb0e03e93083d34de9e23 peer=240
received getdata (1 invsz) peer=249
received getdata for: wtx 0e817115d92478e28f4b19fa7a37476fc84f19a6717fb0e03e93083d34de9e23 peer=249
received getdata (1 invsz) peer=262
received getdata for: wtx 0e817115d92478e28f4b19fa7a37476fc84f19a6717fb0e03e93083d34de9e23 peer=262
received getdata (1 invsz) peer=251
received getdata for: wtx 0e817115d92478e28f4b19fa7a37476fc84f19a6717fb0e03e93083d34de9e23 peer=251
received getdata (1 invsz) peer=268
received getdata for: wtx 0e817115d92478e28f4b19fa7a37476fc84f19a6717fb0e03e93083d34de9e23 peer=268
received getdata (1 invsz) peer=253
received getdata for: wtx 0e817115d92478e28f4b19fa7a37476fc84f19a6717fb0e03e93083d34de9e23 peer=253
received getdata (1 invsz) peer=261
received getdata for: wtx 0e817115d92478e28f4b19fa7a37476fc84f19a6717fb0e03e93083d34de9e23 peer=261
received getdata (1 invsz) peer=263
received getdata for: wtx 0e817115d92478e28f4b19fa7a37476fc84f19a6717fb0e03e93083d34de9e23 peer=263
received getdata (1 invsz) peer=255
received getdata for: wtx 0e817115d92478e28f4b19fa7a37476fc84f19a6717fb0e03e93083d34de9e23 peer=255
received getdata (1 invsz) peer=243
received getdata for: wtx 0e817115d92478e28f4b19fa7a37476fc84f19a6717fb0e03e93083d34de9e23 peer=243
received getdata (1 invsz) peer=233
received getdata for: wtx 0e817115d92478e28f4b19fa7a37476fc84f19a6717fb0e03e93083d34de9e23 peer=233
received getdata (1 invsz) peer=238
received getdata for: wtx 0e817115d92478e28f4b19fa7a37476fc84f19a6717fb0e03e93083d34de9e23 peer=238
received getdata (1 invsz) peer=232
received getdata for: wtx 0e817115d92478e28f4b19fa7a37476fc84f19a6717fb0e03e93083d34de9e23 peer=232
received getdata (1 invsz) peer=241
received getdata for: wtx 0e817115d92478e28f4b19fa7a37476fc84f19a6717fb0e03e93083d34de9e23 peer=241
received getdata (1 invsz) peer=236
received getdata for: wtx 0e817115d92478e28f4b19fa7a37476fc84f19a6717fb0e03e93083d34de9e23 peer=236
received getdata (1 invsz) peer=257
received getdata for: wtx 0e817115d92478e28f4b19fa7a37476fc84f19a6717fb0e03e93083d34de9e23 peer=257
received getdata (1 invsz) peer=293
received getdata for: wtx b36d9a6207df751442bfb5f4433baeb46e163fd6be919bd30809374ab708e6a4 peer=293
received getdata (1 invsz) peer=330
received getdata for: wtx b36d9a6207df751442bfb5f4433baeb46e163fd6be919bd30809374ab708e6a4 peer=330
received getdata (1 invsz) peer=300
received getdata for: wtx b36d9a6207df751442bfb5f4433baeb46e163fd6be919bd30809374ab708e6a4 peer=300
received getdata (1 invsz) peer=329
received getdata for: wtx b36d9a6207df751442bfb5f4433baeb46e163fd6be919bd30809374ab708e6a4 peer=329
received getdata (1 invsz) peer=316
received getdata for: wtx b36d9a6207df751442bfb5f4433baeb46e163fd6be919bd30809374ab708e6a4 peer=316
received getdata (1 invsz) peer=292
received getdata for: wtx b36d9a6207df751442bfb5f4433baeb46e163fd6be919bd30809374ab708e6a4 peer=292
received getdata (1 invsz) peer=299
received getdata for: wtx b36d9a6207df751442bfb5f4433baeb46e163fd6be919bd30809374ab708e6a4 peer=299
received getdata (1 invsz) peer=301
received getdata for: wtx b36d9a6207df751442bfb5f4433baeb46e163fd6be919bd30809374ab708e6a4 peer=301
received getdata (1 invsz) peer=302
received getdata for: wtx b36d9a6207df751442bfb5f4433baeb46e163fd6be919bd30809374ab708e6a4 peer=302
received getdata (1 invsz) peer=326
received getdata for: wtx b36d9a6207df751442bfb5f4433baeb46e163fd6be919bd30809374ab708e6a4 peer=326
received getdata (1 invsz) peer=309
received getdata for: wtx b36d9a6207df751442bfb5f4433baeb46e163fd6be919bd30809374ab708e6a4 peer=309
received getdata (1 invsz) peer=325
received getdata for: wtx b36d9a6207df751442bfb5f4433baeb46e163fd6be919bd30809374ab708e6a4 peer=325
received getdata (1 invsz) peer=291
received getdata for: wtx b36d9a6207df751442bfb5f4433baeb46e163fd6be919bd30809374ab708e6a4 peer=291
received getdata (1 invsz) peer=306
received getdata for: wtx b36d9a6207df751442bfb5f4433baeb46e163fd6be919bd30809374ab708e6a4 peer=306
received getdata (1 invsz) peer=327
received getdata for: wtx b36d9a6207df751442bfb5f4433baeb46e163fd6be919bd30809374ab708e6a4 peer=327
received getdata (1 invsz) peer=322
received getdata for: wtx b36d9a6207df751442bfb5f4433baeb46e163fd6be919bd30809374ab708e6a4 peer=322
received getdata (1 invsz) peer=320
received getdata for: wtx b36d9a6207df751442bfb5f4433baeb46e163fd6be919bd30809374ab708e6a4 peer=320
received getdata (1 invsz) peer=328
received getdata for: wtx b36d9a6207df751442bfb5f4433baeb46e163fd6be919bd30809374ab708e6a4 peer=328
received getdata (1 invsz) peer=310
received getdata for: wtx b36d9a6207df751442bfb5f4433baeb46e163fd6be919bd30809374ab708e6a4 peer=310
received getdata (1 invsz) peer=303
received getdata for: wtx b36d9a6207df751442bfb5f4433baeb46e163fd6be919bd30809374ab708e6a4 peer=303
received getdata (1 invsz) peer=297
received getdata for: wtx b36d9a6207df751442bfb5f4433baeb46e163fd6be919bd30809374ab708e6a4 peer=297
received getdata (1 invsz) peer=324
received getdata for: wtx b36d9a6207df751442bfb5f4433baeb46e163fd6be919bd30809374ab708e6a4 peer=324
received getdata (1 invsz) peer=318
received getdata for: wtx b36d9a6207df751442bfb5f4433baeb46e163fd6be919bd30809374ab708e6a4 peer=318
received getdata (1 invsz) peer=304
received getdata for: wtx b36d9a6207df751442bfb5f4433baeb46e163fd6be919bd30809374ab708e6a4 peer=304
received getdata (1 invsz) peer=313
received getdata for: wtx b36d9a6207df751442bfb5f4433baeb46e163fd6be919bd30809374ab708e6a4 peer=313
received getdata (1 invsz) peer=315
received getdata for: wtx b36d9a6207df751442bfb5f4433baeb46e163fd6be919bd30809374ab708e6a4 peer=315
received getdata (1 invsz) peer=238
received getdata for: wtx b36d9a6207df751442bfb5f4433baeb46e163fd6be919bd30809374ab708e6a4 peer=238
received getdata (1 invsz) peer=307
received getdata for: wtx b36d9a6207df751442bfb5f4433baeb46e163fd6be919bd30809374ab708e6a4 peer=307
received getdata (1 invsz) peer=298
received getdata for: wtx b36d9a6207df751442bfb5f4433baeb46e163fd6be919bd30809374ab708e6a4 peer=298
received getdata (1 invsz) peer=296
received getdata for: wtx b36d9a6207df751442bfb5f4433baeb46e163fd6be919bd30809374ab708e6a4 peer=296
received getdata (1 invsz) peer=294
received getdata for: wtx b36d9a6207df751442bfb5f4433baeb46e163fd6be919bd30809374ab708e6a4 peer=294
received getdata (1 invsz) peer=317
received getdata for: wtx b36d9a6207df751442bfb5f4433baeb46e163fd6be919bd30809374ab708e6a4 peer=317
received getdata (1 invsz) peer=311
received getdata for: wtx b36d9a6207df751442bfb5f4433baeb46e163fd6be919bd30809374ab708e6a4 peer=311
received getdata (1 invsz) peer=333
received getdata for: witness-block 0000000000db871451c53544e448ef843cebcb759f16a0f7759741737fd4b81a peer=333
received getdata (1 invsz) peer=337
received getdata for: witness-block 0000000000db871451c53544e448ef843cebcb759f16a0f7759741737fd4b81a peer=337
received getdata (1 invsz) peer=319
received getdata for: witness-tx 31f274bc1dd34f8e1ccedae423ad0afc88a5f16288e583e1e0f25ceb46c97c83 peer=319
received getdata (1 invsz) peer=354
received getdata for: wtx 5d8de9eb7fa792c575e5316f8f27e5ae39b238d9817f17f182afc4c49617974c peer=354
received getdata (1 invsz) peer=344
received getdata for: wtx 8f9631b578e45c21fa41cece24ad4654c599730a1998b3dc9d03c789a16b0c83 peer=344
received getdata (1 invsz) peer=366
received getdata for: wtx 8f9631b578e45c21fa41cece24ad4654c599730a1998b3dc9d03c789a16b0c83 peer=366
received getdata (1 invsz) peer=367
received getdata for: wtx 8f9631b578e45c21fa41cece24ad4654c599730a1998b3dc9d03c789a16b0c83 peer=367
received getdata (1 invsz) peer=365
received getdata for: wtx 8f9631b578e45c21fa41cece24ad4654c599730a1998b3dc9d03c789a16b0c83 peer=365
received getdata (1 invsz) peer=349
received getdata for: wtx 8f9631b578e45c21fa41cece24ad4654c599730a1998b3dc9d03c789a16b0c83 peer=349
received getdata (1 invsz) peer=356
received getdata for: wtx 8f9631b578e45c21fa41cece24ad4654c599730a1998b3dc9d03c789a16b0c83 peer=356
received getdata (1 invsz) peer=363
received getdata for: wtx 8f9631b578e45c21fa41cece24ad4654c599730a1998b3dc9d03c789a16b0c83 peer=363
received getdata (1 invsz) peer=362
received getdata for: wtx 8f9631b578e45c21fa41cece24ad4654c599730a1998b3dc9d03c789a16b0c83 peer=362
received getdata (1 invsz) peer=352
received getdata for: wtx 8f9631b578e45c21fa41cece24ad4654c599730a1998b3dc9d03c789a16b0c83 peer=352
received getdata (1 invsz) peer=338
received getdata for: wtx 8f9631b578e45c21fa41cece24ad4654c599730a1998b3dc9d03c789a16b0c83 peer=338
received getdata (1 invsz) peer=345
received getdata for: wtx 8f9631b578e45c21fa41cece24ad4654c599730a1998b3dc9d03c789a16b0c83 peer=345
received getdata (1 invsz) peer=332
received getdata for: wtx 8f9631b578e45c21fa41cece24ad4654c599730a1998b3dc9d03c789a16b0c83 peer=332
received getdata (1 invsz) peer=331
received getdata for: wtx 8f9631b578e45c21fa41cece24ad4654c599730a1998b3dc9d03c789a16b0c83 peer=331
received getdata (1 invsz) peer=357
received getdata for: wtx 8f9631b578e45c21fa41cece24ad4654c599730a1998b3dc9d03c789a16b0c83 peer=357
received getdata (1 invsz) peer=364
received getdata for: wtx 8f9631b578e45c21fa41cece24ad4654c599730a1998b3dc9d03c789a16b0c83 peer=364
received getdata (1 invsz) peer=353
received getdata for: wtx 8f9631b578e45c21fa41cece24ad4654c599730a1998b3dc9d03c789a16b0c83 peer=353
received getdata (1 invsz) peer=339
received getdata for: wtx 8f9631b578e45c21fa41cece24ad4654c599730a1998b3dc9d03c789a16b0c83 peer=339
received getdata (1 invsz) peer=341
received getdata for: wtx 8f9631b578e45c21fa41cece24ad4654c599730a1998b3dc9d03c789a16b0c83 peer=341
received getdata (1 invsz) peer=350
received getdata for: wtx 8f9631b578e45c21fa41cece24ad4654c599730a1998b3dc9d03c789a16b0c83 peer=350
received getdata (1 invsz) peer=360
received getdata for: wtx 8f9631b578e45c21fa41cece24ad4654c599730a1998b3dc9d03c789a16b0c83 peer=360
received getdata (1 invsz) peer=354
received getdata for: wtx 8f9631b578e45c21fa41cece24ad4654c599730a1998b3dc9d03c789a16b0c83 peer=354
received getdata (1 invsz) peer=333
received getdata for: wtx 8f9631b578e45c21fa41cece24ad4654c599730a1998b3dc9d03c789a16b0c83 peer=333
received getdata (1 invsz) peer=359
received getdata for: wtx 8f9631b578e45c21fa41cece24ad4654c599730a1998b3dc9d03c789a16b0c83 peer=359
received getdata (1 invsz) peer=348
received getdata for: wtx 8f9631b578e45c21fa41cece24ad4654c599730a1998b3dc9d03c789a16b0c83 peer=348
received getdata (1 invsz) peer=334
received getdata for: wtx 8f9631b578e45c21fa41cece24ad4654c599730a1998b3dc9d03c789a16b0c83 peer=334
received getdata (1 invsz) peer=340
received getdata for: wtx 8f9631b578e45c21fa41cece24ad4654c599730a1998b3dc9d03c789a16b0c83 peer=340
received getdata (1 invsz) peer=355
received getdata for: wtx 8f9631b578e45c21fa41cece24ad4654c599730a1998b3dc9d03c789a16b0c83 peer=355
received getdata (1 invsz) peer=361
received getdata for: wtx 8f9631b578e45c21fa41cece24ad4654c599730a1998b3dc9d03c789a16b0c83 peer=361
received getdata (1 invsz) peer=335
received getdata for: wtx 8f9631b578e45c21fa41cece24ad4654c599730a1998b3dc9d03c789a16b0c83 peer=335
received getdata (1 invsz) peer=337
received getdata for: wtx 8f9631b578e45c21fa41cece24ad4654c599730a1998b3dc9d03c789a16b0c83 peer=337
received getdata (1 invsz) peer=336
received getdata for: wtx 8f9631b578e45c21fa41cece24ad4654c599730a1998b3dc9d03c789a16b0c83 peer=336
received getdata (1 invsz) peer=358
received getdata for: wtx 8f9631b578e45c21fa41cece24ad4654c599730a1998b3dc9d03c789a16b0c83 peer=358
received getdata (1 invsz) peer=351
received getdata for: wtx 8f9631b578e45c21fa41cece24ad4654c599730a1998b3dc9d03c789a16b0c83 peer=351
received getdata (1 invsz) peer=376
received getdata for: wtx d90e748f1f9432738371f862dc84b7eb4e2deaffb62be74618b1e300d818ba81 peer=376
received getdata (1 invsz) peer=409
received getdata for: wtx d90e748f1f9432738371f862dc84b7eb4e2deaffb62be74618b1e300d818ba81 peer=409
received getdata (1 invsz) peer=411
received getdata for: wtx d90e748f1f9432738371f862dc84b7eb4e2deaffb62be74618b1e300d818ba81 peer=411
received getdata (1 invsz) peer=410
received getdata for: wtx d90e748f1f9432738371f862dc84b7eb4e2deaffb62be74618b1e300d818ba81 peer=410
received getdata (1 invsz) peer=391
received getdata for: wtx d90e748f1f9432738371f862dc84b7eb4e2deaffb62be74618b1e300d818ba81 peer=391
received getdata (1 invsz) peer=400
received getdata for: wtx d90e748f1f9432738371f862dc84b7eb4e2deaffb62be74618b1e300d818ba81 peer=400
received getdata (1 invsz) peer=388
received getdata for: wtx d90e748f1f9432738371f862dc84b7eb4e2deaffb62be74618b1e300d818ba81 peer=388
received getdata (1 invsz) peer=389
received getdata for: wtx d90e748f1f9432738371f862dc84b7eb4e2deaffb62be74618b1e300d818ba81 peer=389
received getdata (1 invsz) peer=405
received getdata for: wtx d90e748f1f9432738371f862dc84b7eb4e2deaffb62be74618b1e300d818ba81 peer=405
received getdata (1 invsz) peer=377
received getdata for: wtx d90e748f1f9432738371f862dc84b7eb4e2deaffb62be74618b1e300d818ba81 peer=377
received getdata (1 invsz) peer=397
received getdata for: wtx d90e748f1f9432738371f862dc84b7eb4e2deaffb62be74618b1e300d818ba81 peer=397
received getdata (1 invsz) peer=394
received getdata for: wtx d90e748f1f9432738371f862dc84b7eb4e2deaffb62be74618b1e300d818ba81 peer=394
received getdata (1 invsz) peer=406
received getdata for: wtx d90e748f1f9432738371f862dc84b7eb4e2deaffb62be74618b1e300d818ba81 peer=406
received getdata (1 invsz) peer=374
received getdata for: wtx d90e748f1f9432738371f862dc84b7eb4e2deaffb62be74618b1e300d818ba81 peer=374
received getdata (1 invsz) peer=398
received getdata for: wtx d90e748f1f9432738371f862dc84b7eb4e2deaffb62be74618b1e300d818ba81 peer=398
received getdata (1 invsz) peer=407
received getdata for: wtx d90e748f1f9432738371f862dc84b7eb4e2deaffb62be74618b1e300d818ba81 peer=407
received getdata (1 invsz) peer=396
received getdata for: wtx d90e748f1f9432738371f862dc84b7eb4e2deaffb62be74618b1e300d818ba81 peer=396
received getdata (1 invsz) peer=392
received getdata for: wtx d90e748f1f9432738371f862dc84b7eb4e2deaffb62be74618b1e300d818ba81 peer=392
received getdata (1 invsz) peer=378
received getdata for: wtx d90e748f1f9432738371f862dc84b7eb4e2deaffb62be74618b1e300d818ba81 peer=378
received getdata (1 invsz) peer=379
received getdata for: wtx d90e748f1f9432738371f862dc84b7eb4e2deaffb62be74618b1e300d818ba81 peer=379
received getdata (1 invsz) peer=402
received getdata for: wtx d90e748f1f9432738371f862dc84b7eb4e2deaffb62be74618b1e300d818ba81 peer=402
received getdata (1 invsz) peer=401
received getdata for: wtx d90e748f1f9432738371f862dc84b7eb4e2deaffb62be74618b1e300d818ba81 peer=401
received getdata (1 invsz) peer=403
received getdata for: wtx d90e748f1f9432738371f862dc84b7eb4e2deaffb62be74618b1e300d818ba81 peer=403
received getdata (1 invsz) peer=375
received getdata for: wtx d90e748f1f9432738371f862dc84b7eb4e2deaffb62be74618b1e300d818ba81 peer=375
received getdata (1 invsz) peer=387
received getdata for: wtx d90e748f1f9432738371f862dc84b7eb4e2deaffb62be74618b1e300d818ba81 peer=387
received getdata (1 invsz) peer=385
received getdata for: wtx d90e748f1f9432738371f862dc84b7eb4e2deaffb62be74618b1e300d818ba81 peer=385
received getdata (1 invsz) peer=383
received getdata for: wtx d90e748f1f9432738371f862dc84b7eb4e2deaffb62be74618b1e300d818ba81 peer=383
received getdata (1 invsz) peer=369
received getdata for: wtx d90e748f1f9432738371f862dc84b7eb4e2deaffb62be74618b1e300d818ba81 peer=369
received getdata (1 invsz) peer=408
received getdata for: wtx d90e748f1f9432738371f862dc84b7eb4e2deaffb62be74618b1e300d818ba81 peer=408
received getdata (1 invsz) peer=404
received getdata for: wtx d90e748f1f9432738371f862dc84b7eb4e2deaffb62be74618b1e300d818ba81 peer=404
received getdata (1 invsz) peer=390
received getdata for: wtx d90e748f1f9432738371f862dc84b7eb4e2deaffb62be74618b1e300d818ba81 peer=390
received getdata (1 invsz) peer=371
received getdata for: wtx d90e748f1f9432738371f862dc84b7eb4e2deaffb62be74618b1e300d818ba81 peer=371
received getdata (1 invsz) peer=372
received getdata for: wtx d90e748f1f9432738371f862dc84b7eb4e2deaffb62be74618b1e300d818ba81 peer=372
received getdata (1 invsz) peer=451
received getdata for: wtx a3008b894e5dc19d880d477d8694df97eeca6d2744ad08920d7943b6492258dd peer=451
received getdata (1 invsz) peer=421
received getdata for: wtx a3008b894e5dc19d880d477d8694df97eeca6d2744ad08920d7943b6492258dd peer=421
received getdata (1 invsz) peer=450
received getdata for: wtx a3008b894e5dc19d880d477d8694df97eeca6d2744ad08920d7943b6492258dd peer=450
received getdata (1 invsz) peer=449
received getdata for: wtx a3008b894e5dc19d880d477d8694df97eeca6d2744ad08920d7943b6492258dd peer=449
received getdata (1 invsz) peer=430
received getdata for: wtx a3008b894e5dc19d880d477d8694df97eeca6d2744ad08920d7943b6492258dd peer=430
received getdata (1 invsz) peer=432
received getdata for: wtx a3008b894e5dc19d880d477d8694df97eeca6d2744ad08920d7943b6492258dd peer=432
received getdata (1 invsz) peer=439
received getdata for: wtx a3008b894e5dc19d880d477d8694df97eeca6d2744ad08920d7943b6492258dd peer=439
received getdata (1 invsz) peer=428
received getdata for: wtx a3008b894e5dc19d880d477d8694df97eeca6d2744ad08920d7943b6492258dd peer=428
received getdata (1 invsz) peer=434
received getdata for: wtx a3008b894e5dc19d880d477d8694df97eeca6d2744ad08920d7943b6492258dd peer=434
received getdata (1 invsz) peer=419
received getdata for: wtx a3008b894e5dc19d880d477d8694df97eeca6d2744ad08920d7943b6492258dd peer=419
received getdata (1 invsz) peer=423
received getdata for: wtx a3008b894e5dc19d880d477d8694df97eeca6d2744ad08920d7943b6492258dd peer=423
received getdata (1 invsz) peer=424
received getdata for: wtx a3008b894e5dc19d880d477d8694df97eeca6d2744ad08920d7943b6492258dd peer=424
received getdata (1 invsz) peer=420
received getdata for: wtx a3008b894e5dc19d880d477d8694df97eeca6d2744ad08920d7943b6492258dd peer=420
received getdata (1 invsz) peer=422
received getdata for: wtx a3008b894e5dc19d880d477d8694df97eeca6d2744ad08920d7943b6492258dd peer=422
received getdata (1 invsz) peer=444
received getdata for: wtx a3008b894e5dc19d880d477d8694df97eeca6d2744ad08920d7943b6492258dd peer=444
received getdata (1 invsz) peer=440
received getdata for: wtx a3008b894e5dc19d880d477d8694df97eeca6d2744ad08920d7943b6492258dd peer=440
received getdata (1 invsz) peer=425
received getdata for: wtx a3008b894e5dc19d880d477d8694df97eeca6d2744ad08920d7943b6492258dd peer=425
received getdata (1 invsz) peer=443
received getdata for: wtx a3008b894e5dc19d880d477d8694df97eeca6d2744ad08920d7943b6492258dd peer=443
received getdata (1 invsz) peer=436
received getdata for: wtx a3008b894e5dc19d880d477d8694df97eeca6d2744ad08920d7943b6492258dd peer=436
received getdata (1 invsz) peer=446
received getdata for: wtx a3008b894e5dc19d880d477d8694df97eeca6d2744ad08920d7943b6492258dd peer=446
received getdata (1 invsz) peer=427
received getdata for: wtx a3008b894e5dc19d880d477d8694df97eeca6d2744ad08920d7943b6492258dd peer=427
received getdata (1 invsz) peer=445
received getdata for: wtx a3008b894e5dc19d880d477d8694df97eeca6d2744ad08920d7943b6492258dd peer=445
received getdata (1 invsz) peer=435
received getdata for: wtx a3008b894e5dc19d880d477d8694df97eeca6d2744ad08920d7943b6492258dd peer=435
received getdata (1 invsz) peer=437
received getdata for: wtx a3008b894e5dc19d880d477d8694df97eeca6d2744ad08920d7943b6492258dd peer=437
received getdata (1 invsz) peer=442
received getdata for: wtx a3008b894e5dc19d880d477d8694df97eeca6d2744ad08920d7943b6492258dd peer=442
received getdata (1 invsz) peer=448
received getdata for: wtx a3008b894e5dc19d880d477d8694df97eeca6d2744ad08920d7943b6492258dd peer=448
received getdata (1 invsz) peer=433
received getdata for: wtx a3008b894e5dc19d880d477d8694df97eeca6d2744ad08920d7943b6492258dd peer=433
received getdata (1 invsz) peer=412
received getdata for: wtx a3008b894e5dc19d880d477d8694df97eeca6d2744ad08920d7943b6492258dd peer=412
received getdata (1 invsz) peer=415
received getdata for: wtx a3008b894e5dc19d880d477d8694df97eeca6d2744ad08920d7943b6492258dd peer=415
received getdata (1 invsz) peer=426
received getdata for: wtx a3008b894e5dc19d880d477d8694df97eeca6d2744ad08920d7943b6492258dd peer=426
received getdata (1 invsz) peer=414
received getdata for: wtx a3008b894e5dc19d880d477d8694df97eeca6d2744ad08920d7943b6492258dd peer=414
received getdata (1 invsz) peer=413
received getdata for: wtx a3008b894e5dc19d880d477d8694df97eeca6d2744ad08920d7943b6492258dd peer=413
received getdata (1 invsz) peer=441
received getdata for: wtx a3008b894e5dc19d880d477d8694df97eeca6d2744ad08920d7943b6492258dd peer=441
received getdata (1 invsz) peer=464
received getdata for: witness-block 0000000000fea8f377891c07b7977d45f0fb1cfcc181e4a3c62f5e3f6b67ef39 peer=464
received getdata (1 invsz) peer=454
received getdata for: witness-tx da306d2a4757d792efec5885dce7f5926488fab016e6b339e2fde11772c0789f peer=454
