received getdata (1 invsz) peer=7
received getdata for: cmpctblock 00000000a16187656a82962b77d1e1bc06be88efb0c0992a0a47cc403cfd3493 peer=7
received getdata (1 invsz) peer=14
received getdata for: witness-block 0000000000285b3ce7abffe660b5e4a79e9cfc84b84e321d90532ddde1aa91f6 peer=14
received getdata (1 invsz) peer=20
received getdata for: witness-block 0000000000285b3ce7abffe660b5e4a79e9cfc84b84e321d90532ddde1aa91f6 peer=20
received getdata (1 invsz) peer=22
received getdata for: wtx ba7242c0ce7679863e07f642906b2dbfee342d5ccf97a071825eab0bbfd9ef34 peer=22
received getdata (11 invsz) peer=20
received getdata for: witness-tx 8b102edf50f14a6ce5bc6da7a3ad564f5c14501fcd6ab31637cd0965077f66f2 peer=20
received getdata (11 invsz) peer=29
received getdata for: witness-tx 8b102edf50f14a6ce5bc6da7a3ad564f5c14501fcd6ab31637cd0965077f66f2 peer=29
received getdata (11 invsz) peer=14
received getdata for: witness-tx 8b102edf50f14a6ce5bc6da7a3ad564f5c14501fcd6ab31637cd0965077f66f2 peer=14
received getdata (1 invsz) peer=29
received getdata for: witness-tx 045f383cfde23034bbbf46d5e70d1b2b847db06cb517efe91e741dbaf9084478 peer=29
received getdata (13 invsz) peer=7
received getdata for: wtx 844f1aa5cd65f0c9654cb4b8fa88a841c2f212f8afbab28e5d47a9abbb6be76f peer=7
received getdata (1 invsz) peer=81
received getdata for: wtx a13fc3a894a8f27ff7b257cef51439e76b213d9fcae26417285f1bc42ea21ac1 peer=81
received getdata (1 invsz) peer=64
received getdata for: wtx f93bd3f534f56a38b8f1245afd0ff0f819f00ea78982e2ed99accd24df4b5417 peer=64
received getdata (1 invsz) peer=52
received getdata for: wtx f93bd3f534f56a38b8f1245afd0ff0f819f00ea78982e2ed99accd24df4b5417 peer=52
received getdata (1 invsz) peer=64
received getdata for: wtx ff78a56735a720f2dc54c5f16270ab9718261b5bb9c3bcf8d274f4f3ce6e9be7 peer=64
received getdata (1 invsz) peer=64
received getdata for: wtx 65a819108cbee02a3ad4237aa92ec6b7f9b98570d9be5601a1d73b2d141d5881 peer=64
received getdata (1 invsz) peer=64
received getdata for: wtx c20cc935e8aa891416d0b1ed9ae085f601f2db2c7eaf1031254ba55fbc3ff04e peer=64
received getdata (1 invsz) peer=91
received getdata for: wtx 6ce625ef66cf3891b5437661ed480584ae5e7e90c681e508b9aa2dbff9622fae peer=91
received getdata (2 invsz) peer=119
received getdata for: wtx 501e0451201341eefa6a0af9053e175d25d267b1ff389a858518387fefe746a5 peer=119
received getdata (1 invsz) peer=88
received getdata for: witness-tx 6195d988cdf230e33aeb023c37cd48647af1961ed6b765471f1fcec95b7fc588 peer=88
received getdata (1 invsz) peer=81
received getdata for: witness-tx 6195d988cdf230e33aeb023c37cd48647af1961ed6b765471f1fcec95b7fc588 peer=81
received getdata (3 invsz) peer=119
received getdata for: witness-tx 25c987c0d8f2f664eba9467bcbe4f8ec7e8defbe2aa996c013267de52350301e peer=119
received getdata (1 invsz) peer=92
received getdata for: witness-tx 6195d988cdf230e33aeb023c37cd48647af1961ed6b765471f1fcec95b7fc588 peer=92
received getdata (1 invsz) peer=65
received getdata for: witness-tx 6195d988cdf230e33aeb023c37cd48647af1961ed6b765471f1fcec95b7fc588 peer=65
received getdata (3 invsz) peer=119
received getdata for: witness-tx 5deb2c9e390e7681f04b656e8b51e8ea29f93a627e78c21d64a661abd86ac294 peer=119
received getdata (1 invsz) peer=117
received getdata for: witness-tx 6195d988cdf230e33aeb023c37cd48647af1961ed6b765471f1fcec95b7fc588 peer=117
received getdata (1 invsz) peer=119
received getdata for: wtx 6b51cd9ad3eca2a7476a22e3e1c5aa5490f7f57f41a00956f10e936aee732c0b peer=119
received getdata (1 invsz) peer=119
received getdata for: wtx f12a13dee1605772d27e78541ad1d3f8dfdfaaa76367392cc17995c6c9d20ad7 peer=119
received getdata (1 invsz) peer=119
received getdata for: wtx c74fd27d0b6eda960b346973d962dcbc545136726f956222f85b0629ac9b9ce3 peer=119
received getdata (1 invsz) peer=119
received getdata for: witness-tx 6c5c919750f9094b236b2184e6bd16780e5d3c42b5d5a7a7494150fbfdf5ac7b peer=119
received getdata (1 invsz) peer=99
received getdata for: wtx e6962a78468e5ccb8cdef81ea624e37e5459c4431e437f3e02dabfa46f866a6e peer=99
received getdata (1 invsz) peer=83
received getdata for: wtx e6962a78468e5ccb8cdef81ea624e37e5459c4431e437f3e02dabfa46f866a6e peer=83
received getdata (1 invsz) peer=75
received getdata for: wtx e6962a78468e5ccb8cdef81ea624e37e5459c4431e437f3e02dabfa46f866a6e peer=75
received getdata (1 invsz) peer=50
received getdata for: wtx e6962a78468e5ccb8cdef81ea624e37e5459c4431e437f3e02dabfa46f866a6e peer=50
received getdata (1 invsz) peer=92
received getdata for: wtx e6962a78468e5ccb8cdef81ea624e37e5459c4431e437f3e02dabfa46f866a6e peer=92
received getdata (1 invsz) peer=119
received getdata for: wtx e6962a78468e5ccb8cdef81ea624e37e5459c4431e437f3e02dabfa46f866a6e peer=119
received getdata (1 invsz) peer=118
received getdata for: wtx 746ba6ab89256be1b939fb84f883e91dbea986e0ce8dc597973a2b4ef0f4d402 peer=118
received getdata (1 invsz) peer=119
received getdata for: wtx 746ba6ab89256be1b939fb84f883e91dbea986e0ce8dc597973a2b4ef0f4d402 peer=119
received getdata (1 invsz) peer=87
received getdata for: wtx 41cb345ce583f563a8cda63b1ea5b73edcd716bb6338fa660daef2d7115b4c47 peer=87
received getdata (1 invsz) peer=119
received getdata for: witness-tx c40613baf1d96b48636971a96d54c0d287c4e50f1f592e416e66d8582e11da28 peer=119
received getdata (1 invsz) peer=119
received getdata for: wtx 7a316dc99655ab41f2b0738437b4cd89f5ba2f3fcc5d7ef27f2dd173dce82268 peer=119
received getdata (1 invsz) peer=119
received getdata for: witness-tx 815e0984ea390d702955deb5ddf9eb0a8def18ec883ef9090449a0cf9115bdaa peer=119
received getdata (1 invsz) peer=33
received getdata for: cmpctblock 00000000758e661cec74f172c64d1fe2c85239421d7a42ee58d7a6faa9878355 peer=33
received getdata (1 invsz) peer=94
received getdata for: cmpctblock 00000000758e661cec74f172c64d1fe2c85239421d7a42ee58d7a6faa9878355 peer=94
received getdata (1 invsz) peer=101
received getdata for: cmpctblock 00000000758e661cec74f172c64d1fe2c85239421d7a42ee58d7a6faa9878355 peer=101
received getdata (1 invsz) peer=94
received getdata for: witness-block 00000000758e661cec74f172c64d1fe2c85239421d7a42ee58d7a6faa9878355 peer=94
received getdata (1 invsz) peer=33
received getdata for: witness-block 00000000758e661cec74f172c64d1fe2c85239421d7a42ee58d7a6faa9878355 peer=33
received getdata (1 invsz) peer=101
received getdata for: witness-block 00000000758e661cec74f172c64d1fe2c85239421d7a42ee58d7a6faa9878355 peer=101
received getdata (1 invsz) peer=81
received getdata for: witness-tx 4761c95436fc4de53caac51b0ef40f044ea6698062addea2bec0bbd9f141c59f peer=81
received getdata (1 invsz) peer=111
received getdata for: witness-tx 4761c95436fc4de53caac51b0ef40f044ea6698062addea2bec0bbd9f141c59f peer=111
received getdata (1 invsz) peer=88
received getdata for: witness-tx 4761c95436fc4de53caac51b0ef40f044ea6698062addea2bec0bbd9f141c59f peer=88
received getdata (1 invsz) peer=92
received getdata for: witness-tx 6e3026c14b1430da5b76927265d933a925a7dfae084668fa3c34fcbcd9729d3f peer=92
received getdata (1 invsz) peer=92
received getdata for: witness-tx 6195d988cdf230e33aeb023c37cd48647af1961ed6b765471f1fcec95b7fc588 peer=92
received getdata (1 invsz) peer=119
received getdata for: cmpctblock 00000000758e661cec74f172c64d1fe2c85239421d7a42ee58d7a6faa9878355 peer=119
received getdata (1 invsz) peer=119
received getdata for: witness-block 00000000758e661cec74f172c64d1fe2c85239421d7a42ee58d7a6faa9878355 peer=119
received getdata (1 invsz) peer=92
received getdata for: witness-tx 4761c95436fc4de53caac51b0ef40f044ea6698062addea2bec0bbd9f141c59f peer=92
received getdata (1 invsz) peer=87
received getdata for: wtx bccef53bdd223880622c4e5860afd0e65e11fc8df68e269473d62b9fd500bf1b peer=87
received getdata (1 invsz) peer=88
received getdata for: wtx 9edc821a77f5b2e9387ada3c1eb115f78a181a2f2ee2440b8db632a83d1a8b88 peer=88
received getdata (1 invsz) peer=150
received getdata for: wtx cc58f5cfa141582a0e147c78556304fb813937ed20acf593cd29342451cc333b peer=150
received getdata (1 invsz) peer=33
received getdata for: wtx 12878b04ab10ca41914e11be8de325e077f232fa4b2514e8c331ab05bbff184e peer=33
received getdata (1 invsz) peer=162
received getdata for: witness-tx 188b91ea4a21cdef99bb8832a8313b993d72db6b9728691395c0f289c07472e9 peer=162
received getdata (1 invsz) peer=162
received getdata for: wtx 0a6cb15a2399e8cf0a428b63e0f3f57548eac2d9ab2f90535fbe6856f1e1228b peer=162
received getdata (2 invsz) peer=162
received getdata for: witness-tx 2f874e88a1560054e0d27f5a7d3fc0002b6718d564f6a34068f0ed27d4a52da3 peer=162
received getdata (1 invsz) peer=162
received getdata for: witness-tx 5baf8c2173acdc98c0e2edfbc2e1827631b3bff76ebdda50406e4cbfa396d54f peer=162
received getdata (1 invsz) peer=158
received getdata for: wtx 610b0540b8324a139b37787c35c834d1acca28671908c494b50abd51338a7dea peer=158
received getdata (1 invsz) peer=162
received getdata for: wtx 610b0540b8324a139b37787c35c834d1acca28671908c494b50abd51338a7dea peer=162
received getdata (1 invsz) peer=162
received getdata for: wtx 905e068ddbe2fa986ec0386b7a2b827d98f34dd78d3f43d2adc880355a760202 peer=162
received getdata (2 invsz) peer=162
received getdata for: witness-tx a3521658beb3eccd18c5daa9367871c8ea9e1cfdc420a377d5553c6528d27f61 peer=162
received getdata (1 invsz) peer=162
received getdata for: witness-tx 36b76e972d6d1c63811bd36862a4a383c6a36ae0aa458369dfd305a0f9cb4b89 peer=162
received getdata (1 invsz) peer=180
received getdata for: wtx b68efec6cad2179e1ca31335845834fe62a0848ece5ea7ccbce353e0bd3bffc6 peer=180
received getdata (1 invsz) peer=180
received getdata for: wtx 2a4ab04a79282a3c4f98054644c744f43a64a9bce6cbdc2b524f425e7a5e0149 peer=180
received getdata (1 invsz) peer=180
received getdata for: wtx 10c9cefb1a7a738e4259b4068d726935dd966d863225f400f6a0eacaf43e0202 peer=180
received getdata (2 invsz) peer=180
received getdata for: witness-tx 0a85adb7fdd906245b9fc2b8c66b932ebac1d4230aa80a6cff4c2b6782590f6b peer=180
received getdata (1 invsz) peer=180
received getdata for: witness-tx c78a7517b509ccf23cae86decea899dc077f810b8bead7a292d8a9ab448b0c3a peer=180
received getdata (1 invsz) peer=180
received getdata for: wtx dfd8299159a0c4f575488735567045d542d79f8ffced071426f699e428cabd04 peer=180
received getdata (1 invsz) peer=180
received getdata for: witness-tx 0b372965f230f3454d46b72c24a1f622453f554150b690c5482db3ae632ca84d peer=180
received getdata (1 invsz) peer=183
received getdata for: wtx bb5142f06086b03d784ca2700727f97034ef9780386d5caccf84275ebe0256f7 peer=183
received getdata (1 invsz) peer=76
received getdata for: wtx bb5142f06086b03d784ca2700727f97034ef9780386d5caccf84275ebe0256f7 peer=76
received getdata (1 invsz) peer=83
received getdata for: wtx bb5142f06086b03d784ca2700727f97034ef9780386d5caccf84275ebe0256f7 peer=83
received getdata (1 invsz) peer=78
received getdata for: wtx bb5142f06086b03d784ca2700727f97034ef9780386d5caccf84275ebe0256f7 peer=78
received getdata (1 invsz) peer=180
received getdata for: wtx bb5142f06086b03d784ca2700727f97034ef9780386d5caccf84275ebe0256f7 peer=180
received getdata (1 invsz) peer=209
received getdata for: wtx 88723a4bdcddc977a9e4bd461b175a1960bc6fac36e19e8f8271a386194f1cd8 peer=209
received getdata (1 invsz) peer=214
received getdata for: wtx cc6338a0a7d5e5cd2211a42c6508d1f0f658db55b96b31f98f1849e45ee5e574 peer=214
received getdata (1 invsz) peer=89
received getdata for: wtx cc6338a0a7d5e5cd2211a42c6508d1f0f658db55b96b31f98f1849e45ee5e574 peer=89
received getdata (1 invsz) peer=88
received getdata for: wtx e865c1b2d216ca9ed51632b6adecc8e81ee698d644198d43db25614bbbd97b6e peer=88
received getdata (1 invsz) peer=53
received getdata for: wtx e865c1b2d216ca9ed51632b6adecc8e81ee698d644198d43db25614bbbd97b6e peer=53
received getdata (1 invsz) peer=169
received getdata for: wtx faff411a85c9457f0b4638b7cb3e938272105e8fc21554e7143d5c853ff43889 peer=169
received getdata (1 invsz) peer=81
received getdata for: witness-tx 242533d911491812c758df6c216534386a598603a0112c21c67dba5e62e7b76e peer=81
received getdata (1 invsz) peer=88
received getdata for: witness-tx 242533d911491812c758df6c216534386a598603a0112c21c67dba5e62e7b76e peer=88
received getdata (1 invsz) peer=92
received getdata for: witness-tx 242533d911491812c758df6c216534386a598603a0112c21c67dba5e62e7b76e peer=92
received getdata (1 invsz) peer=174
received getdata for: witness-tx 242533d911491812c758df6c216534386a598603a0112c21c67dba5e62e7b76e peer=174
received getdata (1 invsz) peer=89
received getdata for: wtx 99c9a6660d0aacf42fc88e190907c6bb3083c61af38815729841da846b42d35b peer=89
received getdata (1 invsz) peer=81
received getdata for: witness-tx ea3c1c100c5b624e0312c57007f6b4cd7958654670f1fd7ebd1bad7c96758005 peer=81
received getdata (1 invsz) peer=88
received getdata for: witness-tx ea3c1c100c5b624e0312c57007f6b4cd7958654670f1fd7ebd1bad7c96758005 peer=88
received getdata (1 invsz) peer=81
received getdata for: witness-tx 242533d911491812c758df6c216534386a598603a0112c21c67dba5e62e7b76e peer=81
received getdata (1 invsz) peer=88
received getdata for: witness-tx 242533d911491812c758df6c216534386a598603a0112c21c67dba5e62e7b76e peer=88
received getdata (1 invsz) peer=92
received getdata for: witness-tx ea3c1c100c5b624e0312c57007f6b4cd7958654670f1fd7ebd1bad7c96758005 peer=92
received getdata (1 invsz) peer=92
received getdata for: witness-tx 242533d911491812c758df6c216534386a598603a0112c21c67dba5e62e7b76e peer=92
received getdata (1 invsz) peer=174
received getdata for: witness-tx 242533d911491812c758df6c216534386a598603a0112c21c67dba5e62e7b76e peer=174
received getdata (1 invsz) peer=174
received getdata for: witness-tx ea3c1c100c5b624e0312c57007f6b4cd7958654670f1fd7ebd1bad7c96758005 peer=174
received getdata (2 invsz) peer=255
received getdata for: wtx 737e0a1158a0ebafbae859dfe6eb364df3a1ad85cdb9a3202231470bd1462049 peer=255
received getdata (1 invsz) peer=54
received getdata for: wtx 28679c056608dba59e248d2346953317ad97ec8f6f6132b702e85b876dd9044f peer=54
received getdata (1 invsz) peer=83
received getdata for: wtx 28679c056608dba59e248d2346953317ad97ec8f6f6132b702e85b876dd9044f peer=83
received getdata (1 invsz) peer=197
received getdata for: wtx 28679c056608dba59e248d2346953317ad97ec8f6f6132b702e85b876dd9044f peer=197
received getdata (1 invsz) peer=390
received getdata for: wtx baeccca77c5dc6d01afaae1b0973059ff6d8c86d754edf8bff5f14fa10a8c2da peer=390
received getdata (1 invsz) peer=314
received getdata for: wtx baeccca77c5dc6d01afaae1b0973059ff6d8c86d754edf8bff5f14fa10a8c2da peer=314
received getdata (1 invsz) peer=301
received getdata for: wtx baeccca77c5dc6d01afaae1b0973059ff6d8c86d754edf8bff5f14fa10a8c2da peer=301
received getdata (1 invsz) peer=399
received getdata for: wtx baeccca77c5dc6d01afaae1b0973059ff6d8c86d754edf8bff5f14fa10a8c2da peer=399
received getdata (1 invsz) peer=376
received getdata (1 invsz) peer=280
5dc6d01afaae1b0973059ff6d8c86d754edf8bff5f14fa10a8c2da peer=376
received getdata for: wtx baeccca77c5dc6d01afaae1b0973059ff6d8c86d754edf8bff5f14fa10a8c2da peer=280
received getdata (1 invsz) peer=400
received getdata for: witness-tx 0f86c49fed463aa850966e60957238c2fe7a84c04b13c911c433b73b6b7cf1c0 peer=400
received getdata (1 invsz) peer=400
received getdata for: wtx 5dc475f96b0b46164cb75e1bf962fe5ce8afbb85f9ebc340c604053957486c2d peer=400
received getdata (1 invsz) peer=400
received getdata for: wtx b7bccc2d7def94ed094722bf7b4d468e8a8b230e0b43708c38b34642d8b55fca peer=400
received getdata (1 invsz) peer=400
received getdata for: witness-tx a0338bd19e6419f41d446e0454edcf9e6489b8ba0e619c58e5b16d4767f7f89d peer=400
received getdata (2 invsz) peer=400
received getdata for: wtx dc7e01e6c8f9b023897f3ca177f9d283130cf761160329403392321ed215fc42 peer=400
received getdata (1 invsz) peer=319
received getdata for: witness-tx 38eee842b8a7b11f6f130c6511dabda375b750032a65dfb85c83e2803dff8eb7 peer=319
received getdata (1 invsz) peer=422
received getdata for: witness-tx 1be5fa53f8e3b12d7a60cb50fae2471ec3cdbfbfe100381f3687070ab43df074 peer=422
received getdata (1 invsz) peer=319
received getdata for: witness-tx ea3c1c100c5b624e0312c57007f6b4cd7958654670f1fd7ebd1bad7c96758005 peer=319
received getdata (1 invsz) peer=319
received getdata for: witness-tx 1be5fa53f8e3b12d7a60cb50fae2471ec3cdbfbfe100381f3687070ab43df074 peer=319
received getdata (3 invsz) peer=400
received getdata for: witness-tx ea3c1c100c5b624e0312c57007f6b4cd7958654670f1fd7ebd1bad7c96758005 peer=400
received getdata (1 invsz) peer=335
received getdata for: witness-tx 38eee842b8a7b11f6f130c6511dabda375b750032a65dfb85c83e2803dff8eb7 peer=335
received getdata (2 invsz) peer=400
received getdata for: witness-tx 242533d911491812c758df6c216534386a598603a0112c21c67dba5e62e7b76e peer=400
received getdata (1 invsz) peer=400
received getdata for: witness-tx ea3c1c100c5b624e0312c57007f6b4cd7958654670f1fd7ebd1bad7c96758005 peer=400
received getdata (1 invsz) peer=335
received getdata for: witness-tx 1be5fa53f8e3b12d7a60cb50fae2471ec3cdbfbfe100381f3687070ab43df074 peer=335
received getdata (3 invsz) peer=400
received getdata for: witness-tx c78a7517b509ccf23cae86decea899dc077f810b8bead7a292d8a9ab448b0c3a peer=400
received getdata (1 invsz) peer=335
received getdata for: witness-tx ea3c1c100c5b624e0312c57007f6b4cd7958654670f1fd7ebd1bad7c96758005 peer=335
received getdata (3 invsz) peer=400
received getdata for: witness-tx 0a85adb7fdd906245b9fc2b8c66b932ebac1d4230aa80a6cff4c2b6782590f6b peer=400
received getdata (1 invsz) peer=422
received getdata for: witness-tx ea3c1c100c5b624e0312c57007f6b4cd7958654670f1fd7ebd1bad7c96758005 peer=422
received getdata (1 invsz) peer=400
received getdata for: wtx 1c86874d663b7941e8e8f4ca5a4ca0cd1156b025ecb9684d192330c8ece8c5d3 peer=400
received getdata (1 invsz) peer=338
received getdata for: cmpctblock 00000000ecb8ce5df64ed1c774326af4e3001e0ebaec4e0015162ee5d87cdfa5 peer=338
received getdata (1 invsz) peer=322
received getdata for: wtx 0934285ee7a3a6f96173a97b0a2ec869b3574f4aa59af2af11ec7830cf9b2bf3 peer=322
received getdata (1 invsz) peer=415
received getdata for: wtx 0934285ee7a3a6f96173a97b0a2ec869b3574f4aa59af2af11ec7830cf9b2bf3 peer=415
received getdata (1 invsz) peer=361
received getdata for: wtx d3b1de7a8ae4cb186e4e3617b2c3ed7090611929d358d09c08f13744af4c502c peer=361
received getdata (1 invsz) peer=399
received getdata for: wtx d3b1de7a8ae4cb186e4e3617b2c3ed7090611929d358d09c08f13744af4c502c peer=399
received getdata (1 invsz) peer=418
received getdata for: wtx d3b1de7a8ae4cb186e4e3617b2c3ed7090611929d358d09c08f13744af4c502c peer=418
received getdata (1 invsz) peer=426
received getdata for: wtx d3b1de7a8ae4cb186e4e3617b2c3ed7090611929d358d09c08f13744af4c502c peer=426
received getdata (1 invsz) peer=417
received getdata for: wtx d3b1de7a8ae4cb186e4e3617b2c3ed7090611929d358d09c08f13744af4c502c peer=417
received getdata (1 invsz) peer=266
received getdata for: wtx d3b1de7a8ae4cb186e4e3617b2c3ed7090611929d358d09c08f13744af4c502c peer=266
received getdata (1 invsz) peer=246
received getdata for: wtx d3b1de7a8ae4cb186e4e3617b2c3ed7090611929d358d09c08f13744af4c502c peer=246
received getdata (1 invsz) peer=421
received getdata for: wtx d3b1de7a8ae4cb186e4e3617b2c3ed7090611929d358d09c08f13744af4c502c peer=421
received getdata (1 invsz) peer=401
received getdata for: wtx d3b1de7a8ae4cb186e4e3617b2c3ed7090611929d358d09c08f13744af4c502c peer=401
received getdata (1 invsz) peer=322
received getdata for: witness-tx e0ffbcef52d1608001f47ceb8dca00b4a048261fa5ca7a98c1a28c41ddce0a31 peer=322
received getdata (1 invsz) peer=332
received getdata for: wtx d3b1de7a8ae4cb186e4e3617b2c3ed7090611929d358d09c08f13744af4c502c peer=332
received getdata (1 invsz) peer=237
received getdata for: wtx d3b1de7a8ae4cb186e4e3617b2c3ed7090611929d358d09c08f13744af4c502c peer=237
received getdata (2 invsz) peer=315
received getdata for: wtx 152fd22ab36f31aa61d0bfa48eb0131ab446dd76a5657014c750845a912706ac peer=315
received getdata (1 invsz) peer=360
received getdata for: witness-tx 9d977d6953b2fbf873f42179bdc70a8b0799ef00e10d405cfc5e81ce11c131a8 peer=360
received getdata (1 invsz) peer=360
received getdata for: witness-tx 2cb57b8c1f6234fa392385053e35fca9c7f3527b6b27bee21002f22a11d30326 peer=360
received getdata (1 invsz) peer=360
received getdata for: witness-tx e61dafd902edf77fcab2fe3565e7c2e0c95e01cd38aae122dc36d5a7b240fe3b peer=360
received getdata (1 invsz) peer=360
received getdata for: witness-tx b189babe7262bd74c4af97f9468857b1ae65b44ceaf4c0d2f78378ccfeed728d peer=360
received getdata (1 invsz) peer=441
received getdata for: witness-tx 9d977d6953b2fbf873f42179bdc70a8b0799ef00e10d405cfc5e81ce11c131a8 peer=441
received getdata (1 invsz) peer=441
received getdata for: witness-tx 2cb57b8c1f6234fa392385053e35fca9c7f3527b6b27bee21002f22a11d30326 peer=441
received getdata (1 invsz) peer=441
received getdata for: witness-tx e61dafd902edf77fcab2fe3565e7c2e0c95e01cd38aae122dc36d5a7b240fe3b peer=441
received getdata (1 invsz) peer=441
received getdata for: witness-tx b189babe7262bd74c4af97f9468857b1ae65b44ceaf4c0d2f78378ccfeed728d peer=441
received getdata (6 invsz) peer=469
received getdata for: witness-block 0000000000eb269a4a9bbfd03db650a8d93af18649d992fd175817898ef618c0 peer=469
received getdata (1 invsz) peer=469
received getdata for: witness-block 0000000000980840c554769ed11b63bb88ac2fc43492d8a82db7b67b02befe42 peer=469
received getdata (1 invsz) peer=441
received getdata for: wtx e69f32307444b801e24f881579d83c78fd8922e8be16866beea1b3894d94e0dc peer=441
received getdata (1 invsz) peer=1
received getdata for: wtx 69071af638da3c104229dd41eb436ed719d3c0b37bc6d6540d78bb3702c8d23e peer=1
received getdata (1 invsz) peer=14
received getdata for: cmpctblock 000000005daae6c2d2befd51d451ad53b442d8970676c5b9b1e0225cf4a5b031 peer=14
